dbgcontrol.c:288:12:dbgcontorl_nested_panic	16	static
dbgcontrol.c:192:14:dbgcontrol_wdt_atf_hang	16	static
dbgcontrol.c:356:12:proc_get_status_open	16	static
dbgcontrol.c:342:12:proc_generate_HWREBOOT_in_WDT_open	16	static
dbgcontrol.c:310:12:proc_generate_nested_KE_open	16	static
dbgcontrol.c:282:12:proc_generate_HWREBOOT_open	16	static
dbgcontrol.c:184:12:proc_generate_WDT_open	16	static
dbgcontrol.c:118:12:proc_generate_KE_open	16	static
dbgcontrol.c:103:12:proc_generate_modem_open	16	static
dbgcontrol.c:350:12:get_status_proc_show	16	static
dbgcontrol.c:110:12:generate_KE_proc_show	16	static
dbgcontrol.c:224:12:khwreboot_thread_test	48	static
dbgcontrol.c:126:12:kwdt_thread_handle	64	static
dbgcontrol.c:152:12:trigger_WDT	224	static
dbgcontrol.c:336:12:generate_HWREBOOT_in_WDT_show	16	static
dbgcontrol.c:177:12:generate_WDT_proc_show	16	static
dbgcontrol.c:301:12:generate_nested_KE_proc_show	16	static
dbgcontrol.c:71:19:debugcontrol_cmdline_parameter_parser	32	static
dbgcontrol.c:441:20:dbgcontrol_deinit	32	static
dbgcontrol.c:420:19:dbgcontrol_init	48	static
dbgcontrol.c:206:21:dbgcontrol_secure_call.constprop	0	static
dbgcontrol.c:243:12:trigger_HWREBOOT	224	static
dbgcontrol.c:317:12:dbgcontorl_HWREBOOT_panic	16	static
dbgcontrol.c:275:12:generate_HWREBOOT_proc_show	16	static
dbgcontrol.c:94:28:dbgcontrol_assert_modem	0	static
dbgcontrol.c:95:12:generate_modem_proc_show	16	static
