dev.c:132:13:fuse_req_init_context	0	static
dev.c:59:25:__fuse_request_alloc	64	static
dev.c:87:18:fuse_request_alloc	16	static
dev.c:144:25:__fuse_get_req	128	static
dev.c:186:18:fuse_get_req	16	static
dev.c:192:18:fuse_get_req_for_background	16	static
dev.c:407:13:wait_answer_interruptible	96	static
dev.c:317:13:queue_request	32	static
dev.c:420:13:queue_interrupt	32	static
dev.c:495:13:__fuse_request_send	112	static
dev.c:515:6:fuse_request_send_ex	96	static
dev.c:2105:13:end_polls	32	static
dev.c:784:12:fuse_copy_do	64	static
dev.c:698:13:fuse_copy_finish	32	static
dev.c:1645:13:fuse_retrieve_end	16	static
dev.c:2176:12:fuse_dev_fasync	16	static
dev.c:527:6:fuse_request_send	32	static
dev.c:2019:17:fuse_dev_poll	32	static
dev.c:538:13:fuse_request_send_nowait_locked	48	static
dev.c:720:12:fuse_copy_fill	64	static
dev.c:1005:12:fuse_copy_one	48	static
dev.c:1128:12:fuse_read_single_forget	112	static
dev.c:1210:12:fuse_read_forget	128	static
dev.c:1456:12:fuse_notify_inval_entry	96	static
dev.c:1507:12:fuse_notify_delete	112	static
dev.c:945:12:fuse_copy_page	128	static
dev.c:1019:12:fuse_copy_args	112	static
dev.c:1559:12:fuse_notify_store	176	static
dev.c:93:18:fuse_request_alloc_nofs	16	static
dev.c:98:6:fuse_request_free	32	static
dev.c:271:6:fuse_put_request.part.18	80	static
dev.c:271:6:fuse_put_request	16	static
dev.c:373:13:request_end	48	static
dev.c:566:6:fuse_request_send_background_ex	96	static
dev.c:578:6:fuse_request_send_background	16	static
dev.c:1229:16:fuse_dev_do_read	160	static
dev.c:1329:16:fuse_dev_splice_read	208	static
dev.c:1315:16:fuse_dev_read	128	static
dev.c:1829:16:fuse_dev_do_write	176	static
dev.c:1941:16:fuse_dev_splice_write	208	static
dev.c:1928:16:fuse_dev_write	128	static
dev.c:2093:13:end_queued_requests	48	static
dev.c:2157:5:fuse_dev_release	32	static
dev.c:2139:6:fuse_abort_conn	128	static
dev.c:120:6:__fuse_get_request	0	static
dev.c:254:18:fuse_get_req_nofail_nopages	112	static
dev.c:331:6:fuse_queue_forget	32	static
dev.c:606:6:fuse_request_send_background_locked	16	static
dev.c:613:6:fuse_force_forget	64	static
dev.c:2207:12:fuse_dev_init	32	static
dev.c:2228:6:fuse_dev_cleanup	16	static
