dir.c:1547:13:fuse_put_link	16	static
dir.c:286:13:fuse_dentry_canonical_path	64	static
dir.c:779:12:fuse_rmdir	64	static
dir.c:1956:16:fuse_getxattr	80	static
dir.c:2056:12:fuse_removexattr	64	static
dir.c:1914:12:fuse_setxattr	96	static
dir.c:804:12:fuse_rename_common	112	static
dir.c:866:12:fuse_rename2	32	static
dir.c:1564:12:fuse_dir_fsync	16	static
dir.c:1557:12:fuse_dir_release	16	static
dir.c:1552:12:fuse_dir_open	16	static
dir.c:1582:13:fuse_dir_compat_ioctl	16	static
dir.c:1570:13:fuse_dir_ioctl	16	static
dir.c:739:12:fuse_unlink	64	static
dir.c:76:12:time_to_jiffies.part.18	48	static
dir.c:446:12:fuse_create_open	288	static
dir.c:601:12:create_new_entry	224	static
dir.c:658:12:fuse_mknod	80	static
dir.c:684:12:fuse_create	16	static
dir.c:690:12:fuse_mkdir	80	static
dir.c:713:12:fuse_symlink	64	static
dir.c:896:12:fuse_link	64	static
dir.c:190:12:fuse_dentry_revalidate	224	static
dir.c:976:12:fuse_do_getattr	208	static
dir.c:1541:14:fuse_follow_link	64	static
dir.c:2006:16:fuse_listxattr	80	static
dir.c:1902:12:fuse_getattr	32	static
dir.c:1214:12:fuse_permission	80	static
dir.c:110:6:fuse_invalidate_attr	0	static
dir.c:119:6:fuse_invalidate_atime	0	static
dir.c:133:6:fuse_invalidate_entry_cache	0	static
dir.c:166:5:fuse_get_attr_version	32	static
dir.c:334:5:fuse_valid_type	0	static
dir.c:1446:12:fuse_readdir	160	static
dir.c:340:5:fuse_lookup_name	112	static
dir.c:398:23:fuse_lookup	192	static
dir.c:555:12:fuse_atomic_open	96	static
dir.c:1030:5:fuse_update_attributes	48	static
dir.c:1056:5:fuse_reverse_inval_entry_child	64	static
dir.c:1090:5:fuse_reverse_inval_entry	80	static
dir.c:1141:5:fuse_allow_current_process	0	static
dir.c:1652:6:fuse_set_nowrite	96	static
dir.c:1681:6:fuse_release_nowrite	32	static
dir.c:1711:5:fuse_flush_times	240	static
dir.c:1763:5:fuse_do_setattr	288	static
dir.c:1889:12:fuse_setattr	16	static
dir.c:2142:6:fuse_init_common	0	static
dir.c:2147:6:fuse_init_dir	0	static
dir.c:2153:6:fuse_init_symlink	0	static
