file.c:214:13:fuse_link_write_file	48	static
file.c:2333:17:fuse_bmap	80	static
file.c:2171:12:fuse_direct_mmap	48	static
file.c:2369:15:fuse_file_llseek	64	static
file.c:109:13:fuse_release_async	32	static
file.c:123:13:fuse_release_end	16	static
file.c:2824:10:fuse_file_poll	80	static
file.c:731:13:fuse_short_read	96	static
file.c:2113:13:fuse_vma_close	16	static
file.c:2157:12:fuse_file_mmap	48	static
file.c:962:16:fuse_file_read_iter	48	static
file.c:401:13:fuse_range_is_writeback	48	static
file.c:142:13:fuse_file_put.part.17	32	static
file.c:142:13:fuse_file_put	16	static
file.c:821:13:fuse_readpages_end	48	static
file.c:856:13:fuse_send_readpages	64	static
file.c:927:12:fuse_readpages	112	static
file.c:2387:12:fuse_ioctl_copy_user.part.18	144	static
file.c:618:13:fuse_aio_complete.part.19	64	static
file.c:1552:13:fuse_writepage_finish.isra.21	80	static
file.c:1541:13:fuse_writepage_free.isra.22	32	static
file.c:1569:13:fuse_send_writepage	48	static
file.c:1625:13:fuse_writepage_end	64	static
file.c:2564:6:fuse_do_ioctl	208	static
file.c:437:12:fuse_wait_on_page_writeback	96	static
file.c:2133:12:fuse_page_mkwrite	32	static
file.c:886:12:fuse_readpages_fill	48	static
file.c:757:12:fuse_do_readpage	144	static
file.c:2030:12:fuse_write_begin	80	static
file.c:805:12:fuse_readpage	48	static
file.c:657:13:fuse_aio_complete_req	64	static
file.c:2761:13:fuse_file_ioctl	48	static
file.c:2767:13:fuse_file_compat_ioctl	48	static
file.c:361:6:fuse_sync_release	64	static
file.c:2075:12:fuse_write_end	64	static
file.c:64:19:fuse_file_alloc	32	static
file.c:169:5:fuse_do_open	112	static
file.c:97:6:fuse_file_free	32	static
file.c:103:19:fuse_file_get	0	static
file.c:230:6:fuse_finish_open	48	static
file.c:256:5:fuse_open_common	64	static
file.c:342:12:fuse_open	16	static
file.c:377:5:fuse_lock_owner_id	0	static
file.c:2259:12:fuse_setlk	96	static
file.c:2314:12:fuse_file_flock	16	static
file.c:460:12:fuse_flush	112	static
file.c:305:6:fuse_release_common	80	static
file.c:347:12:fuse_release	32	static
file.c:1015:15:fuse_send_write	64	static
file.c:1387:9:fuse_direct_io	176	static
file.c:1487:16:fuse_direct_read	160	static
file.c:2291:12:fuse_file_lock	96	static
file.c:503:5:fuse_fsync_common	112	static
file.c:564:12:fuse_fsync	16	static
file.c:570:6:fuse_read_fill	0	static
file.c:1037:6:fuse_write_update_size	64	static
file.c:2999:13:fuse_file_fallocate	128	static
file.c:1518:16:fuse_direct_write	192	static
file.c:2918:1:fuse_direct_IO	208	static
file.c:1161:16:fuse_perform_write	240	static
file.c:1218:16:fuse_file_write_iter	96	static
file.c:1609:6:fuse_flush_writepages	48	static
file.c:1711:12:fuse_writepage_locked	96	static
file.c:2097:12:fuse_launder_page	48	static
file.c:1772:12:fuse_writepage	32	static
file.c:1801:13:fuse_writepages_send	64	static
file.c:1989:12:fuse_writepages	80	static
file.c:1881:12:fuse_writepages_fill	96	static
file.c:1696:5:fuse_write_inode	64	static
file.c:2746:6:fuse_ioctl_common	64	static
file.c:2878:5:fuse_notify_poll_wakeup	32	static
file.c:3135:6:fuse_init_file_inode	0	static
