xfrm_user.c:35:12:verify_one_alg	0	static
xfrm_user.c:3123:20:xfrm_user_exit	32	static
xfrm_user.c:3093:24:xfrm_user_net_exit	32	static
xfrm_user.c:2463:13:xfrm_netlink_rcv	32	static
xfrm_user.c:1028:12:xfrm_set_spdinfo	64	static
xfrm_user.c:2176:12:xfrm_do_migrate	512	static
xfrm_user.c:466:13:xfrm_update_ae_params	80	static
xfrm_user.c:1323:13:copy_templates	0	static
xfrm_user.c:1898:12:xfrm_new_ae	96	static
xfrm_user.c:1947:12:xfrm_flush_policy	80	static
xfrm_user.c:1975:12:xfrm_add_pol_expire	64	static
xfrm_user.c:2038:12:xfrm_add_sa_expire	64	static
xfrm_user.c:707:13:copy_to_user_state	0	static
xfrm_user.c:1524:12:copy_to_user_tmpl	400	static
xfrm_user.c:2216:12:copy_to_user_migrate	96	static
xfrm_user.c:731:12:copy_sec_ctx	32	static
xfrm_user.c:1624:12:xfrm_dump_policy_done	16	static
xfrm_user.c:1633:12:xfrm_dump_policy	64	static
xfrm_user.c:870:12:xfrm_dump_sa_done	16	static
xfrm_user.c:266:12:attach_one_algo	64	static
xfrm_user.c:2418:12:xfrm_user_rcv_msg	288	static
xfrm_user.c:881:12:xfrm_dump_sa	272	static
xfrm_user.c:3077:23:xfrm_user_net_init	80	static
xfrm_user.c:3060:13:xfrm_is_alive	32	static
xfrm_user.c:2295:12:xfrm_send_migrate	128	static
xfrm_user.c:1800:12:build_aevent.isra.25	80	static
xfrm_user.c:1855:12:xfrm_get_ae	112	static
xfrm_user.c:2993:12:xfrm_send_report	64	static
xfrm_user.c:3038:12:xfrm_send_mapping	48	static
xfrm_user.c:1762:12:xfrm_flush_sa	64	static
xfrm_user.c:771:12:copy_to_user_state_extra.part.31	80	static
xfrm_user.c:2648:12:xfrm_send_state_notify	96	static
xfrm_user.c:3108:19:xfrm_user_init	48	static
xfrm_user.c:1130:12:xfrm_get_sadinfo	96	static
xfrm_user.c:1073:12:xfrm_get_spdinfo	144	static
xfrm_user.c:636:27:xfrm_user_state_lookup.constprop	32	static
xfrm_user.c:670:12:xfrm_del_sa	80	static
xfrm_user.c:595:12:xfrm_add_sa	128	static
xfrm_user.c:1448:28:xfrm_policy_construct.constprop	64	static
xfrm_user.c:2072:12:xfrm_add_acquire	112	static
xfrm_user.c:1479:12:xfrm_add_policy	80	static
xfrm_user.c:845:12:dump_one_state	64	static
xfrm_user.c:1173:12:xfrm_alloc_userspi	128	static
xfrm_user.c:1149:12:xfrm_get_sa	80	static
xfrm_user.c:2738:28:xfrm_compile_policy	64	static
xfrm_user.c:1593:12:dump_one_policy	64	static
xfrm_user.c:1683:12:xfrm_get_policy	112	static
xfrm_user.c:2719:12:xfrm_send_acquire	80	static
xfrm_user.c:2943:12:xfrm_send_policy_notify	96	static
