modem_cldma.c:1746:5:md_cd_op_is_epon_set	0	static
modem_cldma.c:2435:12:md_cd_write_room	0	static
modem_cldma.c:3552:16:md_cd_parameter_store	0	static
modem_cldma_events.h:210:1:ftrace_define_fields_ccci_skb_rx	16	static
modem_cldma_events.h:91:1:perf_trace_cldma_irq	368	static
modem_cldma_events.h:101:1:perf_trace_cldma_rx	400	static
modem_cldma_events.h:125:1:perf_trace_cldma_rx_done	400	static
modem_cldma_events.h:151:1:perf_trace_cldma_tx	400	static
modem_cldma_events.h:179:1:perf_trace_cldma_tx_done	368	static
modem_cldma_events.h:195:1:perf_trace_cldma_error	384	static
modem_cldma_events.h:91:1:ftrace_raw_event_cldma_irq	96	static
modem_cldma_events.h:101:1:ftrace_raw_event_cldma_rx	144	static
modem_cldma_events.h:125:1:ftrace_raw_event_cldma_rx_done	144	static
modem_cldma_events.h:151:1:ftrace_raw_event_cldma_tx	144	static
modem_cldma_events.h:179:1:ftrace_raw_event_cldma_tx_done	112	static
modem_cldma_events.h:195:1:ftrace_raw_event_cldma_error	112	static
modem_cldma_events.h:91:1:ftrace_raw_output_cldma_irq	32	static
modem_cldma_events.h:101:1:ftrace_raw_output_cldma_rx	48	static
modem_cldma_events.h:125:1:ftrace_raw_output_cldma_rx_done	48	static
modem_cldma_events.h:151:1:ftrace_raw_output_cldma_tx	48	static
modem_cldma_events.h:179:1:ftrace_raw_output_cldma_tx_done	32	static
modem_cldma_events.h:195:1:ftrace_raw_output_cldma_error	32	static
modem_cldma_events.h:210:1:ftrace_raw_output_ccci_skb_rx	48	static
modem_cldma_events.h:210:1:perf_trace_ccci_skb_rx	352	static
modem_cldma_events.h:210:1:ftrace_raw_event_ccci_skb_rx	96	static
modem_cldma.c:1022:13:cldma_queue_switch_ring	16	static
modem_cldma.c:245:13:cldma_dump_gpd_queue	144	static
modem_cldma.c:2030:12:md_cd_init	32	static
modem_cldma.c:290:6:md_cd_traffic_monitor_func	384	static
modem_cldma.c:1794:6:md_cd_hs1_polling_timer_func	32	static
modem_cldma.c:3857:19:modem_cd_init	32	static
modem_cldma.c:3540:16:md_cd_parameter_show	32	static
modem_cldma.c:1805:12:md_cd_ccif_send	48	static
modem_cldma.c:3133:12:md_cd_force_assert	32	static
modem_cldma.c:709:13:cldma_rx_done	64	static
modem_cldma.c:1120:13:cldma_rx_worker_start	32	static
modem_cldma.c:1132:13:cldma_irq_work_cb	192	static
modem_cldma.c:1263:13:cldma_irq_work	16	static
modem_cldma.c:1245:20:cldma_isr	32	static
modem_cldma.c:2749:13:md_cldma_rxq0_tasklet	48	static
modem_cldma.c:1893:13:polling_ready	48	static
modem_cldma.c:1625:12:md_cd_stop_queue	128	static
modem_cldma.c:1657:12:md_cd_start_queue	80	static
modem_cldma.c:2734:12:md_cd_give_more	64	static
modem_cldma.c:1552:13:md_cd_clear_all_queue	128	static
modem_cldma.c:2049:12:md_cd_set_dsp_mpu	16	static
modem_cldma.c:383:13:cldma_dump_queue_history	80	static
modem_cldma.c:3193:12:md_cd_dump_info	208	static
modem_cldma.c:3381:16:md_cd_control_show	0	static
modem_cldma.c:3351:16:md_cd_dump_show	0	static
modem_cldma.c:2889:13:md_cd_smem_sub_region_init	16	static
modem_cldma.c:2971:12:md_cd_send_runtime_data	208	static
modem_cldma.c:2772:12:md_cd_napi_poll	96	static
modem_cldma.c:867:13:cldma_tx_done	96	static
modem_cldma.c:2548:12:md_cd_send_skb	256	static
modem_cldma.c:2317:12:md_cd_soft_stop	16	static
modem_cldma.c:2312:12:md_cd_soft_start	16	static
modem_cldma.c:790:12:cldma_gpd_tx_collect	144	static
modem_cldma.c:725:12:cldma_gpd_bd_tx_collect	144	static
modem_cldma.c:2509:12:cldma_gpd_handle_tx_request	96	static
modem_cldma.c:2445:12:cldma_gpd_bd_handle_tx_request	160	static
modem_cldma.c:435:12:cldma_gpd_rx_collect	288	static
modem_cldma.c:671:12:cldma_net_rx_push_thread	144	static
modem_cldma.c:960:13:cldma_tx_ring_init	224	static
modem_cldma.c:926:13:cldma_rx_ring_init	176	static
modem_cldma.c:3359:16:md_cd_dump_store	48	static
modem_cldma.c:3663:12:ccci_modem_probe	128	static
modem_cldma_events.h:91:1:ftrace_define_fields_cldma_irq	32	static
modem_cldma_events.h:101:1:ftrace_define_fields_cldma_rx	32	static
modem_cldma_events.h:125:1:ftrace_define_fields_cldma_rx_done	32	static
modem_cldma_events.h:151:1:ftrace_define_fields_cldma_tx	32	static
modem_cldma_events.h:179:1:ftrace_define_fields_cldma_tx_done	32	static
modem_cldma_events.h:195:1:ftrace_define_fields_cldma_error	32	static
modem_cldma.c:2002:12:md_cd_broadcast_state	48	static
modem_cldma.c:3314:12:md_cd_send_ccb_tx_notify	32	static
modem_cldma.c:117:6:dbgcontrol_assert_modem	16	static
modem_cldma.c:1099:6:cldma_enable_irq	16	static
modem_cldma.c:1105:6:cldma_disable_irq	16	static
modem_cldma.c:1111:6:cldma_disable_irq_nosync	16	static
modem_cldma.c:1271:13:dump_emi_latency	16	static
modem_cldma.c:1914:13:md_cd_ccif_work	144	static
modem_cldma.c:1702:6:ccif_enable_irq	32	static
modem_cldma.c:1712:6:ccif_disable_irq	32	static
modem_cldma.c:2395:12:md_cd_stop	144	static
modem_cldma.c:1933:20:md_cd_ccif_isr	48	static
modem_cldma.c:1722:6:wdt_enable_irq	32	static
modem_cldma.c:2055:12:md_cd_start	208	static
modem_cldma.c:1732:6:wdt_disable_irq	32	static
modem_cldma.c:3305:12:md_cd_ee_callback	48	static
modem_cldma.c:2322:12:md_cd_pre_stop	64	static
modem_cldma.c:1759:20:md_cd_wdt_isr	32	static
modem_cldma.c:3389:16:md_cd_control_store	144	static
