sd.c:704:1:mmc_serial_show	16	static
sd.c:703:1:mmc_oemid_show	16	static
sd.c:702:1:mmc_name_show	16	static
sd.c:701:1:mmc_manfid_show	16	static
sd.c:700:1:mmc_hwrev_show	16	static
sd.c:699:1:mmc_fwrev_show	16	static
sd.c:698:1:mmc_preferred_erase_size_show	16	static
sd.c:697:1:mmc_erase_size_show	16	static
sd.c:696:1:mmc_date_show	16	static
sd.c:695:1:mmc_scr_show	16	static
sd.c:693:1:mmc_csd_show	16	static
sd.c:691:1:mmc_cid_show	16	static
sd.c:1073:12:mmc_sd_alive	16	static
sd.c:1126:12:_mmc_sd_suspend	32	static
sd.c:1154:12:mmc_sd_suspend	16	static
sd.c:1061:13:mmc_sd_remove	32	static
sd.c:1231:12:mmc_sd_runtime_suspend	32	static
sd.c:1081:13:mmc_sd_detect	32	static
sd.c:73:6:mmc_decode_cid	0	static
sd.c:345:5:mmc_sd_switch_hs	48	static
sd.c:731:5:mmc_sd_get_cid	96	static
sd.c:807:5:mmc_sd_get_csd	32	static
sd.c:825:5:mmc_sd_setup_card	48	static
sd.c:937:12:mmc_sd_init_card	96	static
sd.c:1264:12:mmc_sd_reset	32	static
sd.c:1171:12:_mmc_sd_resume	32	static
sd.c:1249:12:mmc_sd_runtime_resume	32	static
sd.c:1214:12:mmc_sd_resume	16	static
sd.c:917:10:mmc_sd_get_max_clock	0	static
sd.c:1053:5:mmc_sd_power_cycle	16	static
sd.c:1285:5:mmc_attach_sd	48	static
