camera_isp.c:3801:6:ISP_ScheduleWork_VD	16	static
camera_isp.c:3815:6:ISP_ScheduleWork_EXPDONE	16	static
camera_isp.c:7316:15:ISP_ED_BufQue_Erase	0	static
camera_isp.c:10642:12:compat_get_isp_read_register_data	0	static
camera_isp.c:13721:9:ISP_BeginGCECallback	0	static
camera_isp.c:13733:9:ISP_EndGCECallback	0	static
camera_isp.c:13460:6:ISP_MCLK1_EN	48	static
camera_isp.c:13494:6:ISP_MCLK2_EN	48	static
camera_isp.c:13524:6:ISP_MCLK3_EN	48	static
camera_isp.c:12590:20:ISP_M4U_TranslationFault_callback	48	static
camera_isp.c:9879:13:ISP_TaskletFunc	80	static
camera_isp.c:12452:16:CAMIO_RegDebug	16	static
camera_isp.c:12404:16:CAMIO_DumpRegToProc	16	static
camera_isp.c:12351:16:ISP_RegDebug	16	static
camera_isp.c:12239:16:ISP_DumpRegToProc	16	static
camera_isp.c:3495:15:ISP_WriteRegToHw	80	static
camera_isp.c:3773:13:ISP_BufWrite_WriteToHw	48	static
camera_isp.c:3829:6:ISP_Tasklet_VD	32	static
camera_isp.c:3848:6:ISP_Tasklet_EXPDONE	32	static
camera_isp.c:12157:5:ISP_pm_restore_noirq	32	static
camera_isp.c:12512:16:imem_debug_trigger	128	static
camera_isp.c:3564:13:ISP_BufWrite_Free	48	static
camera_isp.c:11994:15:ISP_remove	48	static
camera_isp.c:6714:15:ISP_CAMSV_SOF_Buf_Get	176	static
camera_isp.c:6283:15:ISP_SOF_Buf_Get	224	static
camera_isp.c:3238:13:ISP_EnableClock	48	static
camera_isp.c:13552:9:ISP_MDPClockOnCallback	16	static
camera_isp.c:13580:9:ISP_MDPClockOffCallback	16	static
camera_isp.c:11419:15:ISP_release	48	static
camera_isp.c:11222:15:ISP_open	112	static
camera_isp.c:10670:12:compat_get_isp_waitirq_data	112	static
camera_isp.c:10710:12:compat_put_isp_waitirq_data	112	static
camera_isp.c:10896:13:ISP_ioctl_compat	80	static
camera_isp.c:13571:9:ISP_MDPResetCallback	48	static
camera_isp.c:3969:15:ISP_EnableHoldReg	128	static
camera_isp.c:7836:15:ISP_REGISTER_IRQ_USERKEY	224	static
camera_isp.c:4346:13:ISP_FBC_DUMP	272	static
camera_isp.c:4689:13:ISP_Buf_CTRL_FUNC	464	static
camera_isp.c:9914:15:ISP_WaitImemDump	128	static
camera_isp.c:11721:15:ISP_probe	112	static
camera_isp.c:13389:20:ISP_Exit	64	static
camera_isp.c:12062:15:ISP_suspend.part.2	48	static
camera_isp.c:12062:15:ISP_suspend	16	static
camera_isp.c:12098:15:ISP_resume.part.3	48	static
camera_isp.c:12098:15:ISP_resume	16	static
camera_isp.c:13422:7:ISP_RegCallback	16	static
camera_isp.c:13445:7:ISP_UnregCallback	16	static
camera_isp.c:12132:5:ISP_pm_suspend	16	static
camera_isp.c:12143:5:ISP_pm_resume	16	static
camera_isp.c:6837:15:ISP_CAMSV_DONE_Buf_Time.isra.9	144	static
camera_isp.c:8986:30:ISP_Irq_CAMSV2	176	static
camera_isp.c:8804:30:ISP_Irq_CAMSV	176	static
camera_isp.c:6938:15:ISP_DONE_Buf_Time.isra.10	224	static
camera_isp.c:9176:30:ISP_Irq_CAM	400	static
camera_isp.c:11551:15:ISP_mmap	16	static
camera_isp.c:7202:15:ISP_ED_BufQue_Update_GPtr.constprop	0	static
camera_isp.c:7541:15:ISP_ED_BufQue_CTRL_FUNC	256	static
camera_isp.c:1161:5:getTaskInfo	48	static
camera_isp.c:1186:5:sendSignal	16	static
camera_isp.c:1427:7:ISP_chkModuleSetting	400	static
camera_isp.c:2570:15:ISP_DumpReg	144	static
camera_isp.c:8377:15:ISP_WaitIrq_v3	176	static
camera_isp.c:9998:13:ISP_ioctl	448	static
camera_isp.c:13561:9:ISP_MDPDumpCallback	16	static
camera_isp.c:12563:6:DBGfs_Init	16	static
camera_isp.c:13243:22:ISP_Init	80	static
camera_isp.c:12570:6:DBGfs_UnInit	16	static
