debug.c:148:6:wlanPktDebugTraceInfo	96	static
debug.c:131:6:wlanPktDebugTraceInfoARP	16	static
debug.c:139:6:wlanPktDebugTraceInfoIP	16	static
debug.c:203:6:wlanPktDebugDumpInfo	320	static
debug.c:266:6:wlanDebugInit	64	static
debug.c:307:6:wlanDebugUninit	48	static
debug.c:342:6:wlanDebugScanTargetBSSRecord	80	static
debug.c:401:6:wlanDebugScanTargetBSSDump	352	static
debug.c:454:6:wlanDebugHifDescriptorRecord	64	static
debug.c:510:6:wlanDebugHifDescriptorPrint	144	static
debug.c:568:6:wlanDebugHifDescriptorDump	48	static
debug.c:603:6:wlanDebugScanRecord	64	static
debug.c:623:6:wlanDebugScanDump	48	static
debug.c:642:6:wlanReadFwStatus	64	static
debug.c:659:6:wlanTraceTxCmd	96	static
debug.c:701:6:wlanTraceReleaseTcRes	80	static
debug.c:713:6:wlanDumpTxReleaseCount	48	static
debug.c:721:6:wlanDumpTcResAndTxedCmd	128	static
debug.c:781:6:wlanDumpCommandFwStatus	80	static
debug.c:798:6:wlanFWDLDebugInit	32	static
debug.c:810:6:wlanFWDLDebugAddTxStartTime	0	static
debug.c:816:6:wlanFWDLDebugAddTxDoneTime	0	static
debug.c:822:6:wlanFWDLDebugAddRxStartTime	0	static
debug.c:828:6:wlanFWDLDebugAddRxDoneTime	0	static
debug.c:834:6:wlanFWDLDebugStartSectionPacketInfo	0	static
debug.c:845:6:wlanFWDLDebugDumpInfo	80	static
debug.c:861:6:wlanFWDLDebugUninit	32	static
