wlan_lib.c:3325:15:wlanChangeCodeWord	176	static
wlan_lib.c:2795:6:wlanSecurityFrameTxTimeout	32	static
wlan_lib.c:1266:6:wlanReleasePendingOid	64	static
wlan_lib.c:1457:6:wlanReturnIndicatedPacketsTimeOut	80	static
wlan_lib.c:2762:6:wlanSecurityFrameTxDone	48	static
wlan_lib.c:209:13:wlanAdapterCreate	32	static
wlan_lib.c:240:6:wlanAdapterDestroy	16	static
wlan_lib.c:910:6:wlanIST	32	static
wlan_lib.c:1102:13:wlanSendCommand	48	static
wlan_lib.c:1209:6:wlanReleaseCommand	48	static
wlan_lib.c:939:13:wlanProcessCommandQueue	144	static
wlan_lib.c:1338:6:wlanReleasePendingCMDbyNetwork	96	static
wlan_lib.c:1397:6:wlanReturnPacket	80	static
wlan_lib.c:1515:1:wlanQueryInformation	64	static
wlan_lib.c:1571:1:wlanSetInformation	64	static
wlan_lib.c:1640:6:wlanSetPromiscuousMode	16	static
wlan_lib.c:1657:6:wlanRxSetBroadcast	16	static
wlan_lib.c:1673:13:wlanSendNicPowerCtrlCmd	64	static
wlan_lib.c:784:13:wlanAdapterStop	80	static
wlan_lib.c:1769:9:wlanIsHandlerAllowedInRFTest	0	static
wlan_lib.c:2150:13:wlanImageSectionDownloadStatus	64	static
wlan_lib.c:1942:1:wlanImageSectionDownload	64	static
wlan_lib.c:2226:13:wlanConfigWifiFunc	48	static
wlan_lib.c:2358:9:wlanCRC32	0	static
wlan_lib.c:2379:13:wlanProcessQueuedSwRfb	48	static
wlan_lib.c:2444:13:wlanProcessQueuedMsduInfo	32	static
wlan_lib.c:2466:9:wlanoidTimeoutCheck	16	static
wlan_lib.c:2499:6:wlanoidClearTimeoutCheck	32	static
wlan_lib.c:2517:13:wlanUpdateNetworkAddress	80	static
wlan_lib.c:2641:9:wlanQueryTestMode	32	static
wlan_lib.c:2661:9:wlanProcessSecurityFrame	112	static
wlan_lib.c:2813:6:wlanClearScanningResult	80	static
wlan_lib.c:2876:6:wlanClearBssInScanningResult	144	static
wlan_lib.c:2991:13:wlanQueryPermanentAddress	80	static
wlan_lib.c:3072:13:wlanQueryNicCapability	96	static
wlan_lib.c:3185:13:wlanQueryDebugCode	48	static
wlan_lib.c:3240:13:wlanQueryCompileFlag	352	static
wlan_lib.c:3313:13:wlanQueryCompileFlags	32	static
wlan_lib.c:3575:23:getBandEdgeCert	32	static
wlan_lib.c:3611:13:wlanLoadManufactureData	144	static
wlan_lib.c:3827:9:wlanResetMediaStreamMode	32	static
wlan_lib.c:3849:13:wlanTimerTimeoutCheck	32	static
wlan_lib.c:3869:13:wlanProcessMboxMessage	32	static
wlan_lib.c:3894:13:wlanEnqueueTxPacket	64	static
wlan_lib.c:3939:13:wlanFlushTxPendingPackets	32	static
wlan_lib.c:4011:13:wlanAcquirePowerControl	32	static
wlan_lib.c:3956:13:wlanTxPendingPackets	64	static
wlan_lib.c:4034:13:wlanReleasePowerControl	32	static
wlan_lib.c:4054:9:wlanGetTxPendingFrameCount	32	static
wlan_lib.c:4078:19:wlanGetAcpiState	32	static
wlan_lib.c:4096:6:wlanSetAcpiState	32	static
wlan_lib.c:4115:8:wlanGetEcoVersion	32	static
wlan_lib.c:4135:6:wlanDefTxPowerCfg	32	static
wlan_lib.c:267:1:wlanAdapterStart	208	static
wlan_lib.c:4181:1:wlanSetPreferBandByNetwork	48	static
wlan_lib.c:4209:8:wlanGetChannelNumberByNetwork	32	static
wlan_lib.c:4232:14:wlanGetTargetBssDescByNetwork	32	static
wlan_lib.c:4263:13:wlanCheckSystemConfiguration	288	static
wlan_lib.c:4426:1:wlanoidQueryStaStatistics	160	static
wlan_lib.c:4598:20:wlanCfgGetEntry	64	static
wlan_lib.c:4626:13:wlanCfgGet	48	static
wlan_lib.c:4650:9:wlanCfgGetUint32	64	static
wlan_lib.c:4675:8:wlanCfgGetInt32	64	static
wlan_lib.c:4700:13:wlanCfgSet	80	static
wlan_lib.c:4775:1:wlanCfgSetCb	48	static
wlan_lib.c:4799:13:wlanCfgSetUint32	80	static
wlan_lib.c:4829:8:wlanCfgFindNextToken	0	static
wlan_lib.c:4947:13:wlanCfgParseArgument	80	static
wlan_lib.c:4987:1:wlanCfgParseAddEntry	112	static
wlan_lib.c:5044:13:wlanCfgParse	160	static
wlan_lib.c:5168:13:wlanCfgInit	64	static
wlan_lib.c:5220:6:wlanCfgApply	112	static
wlan_lib.c:5334:6:wlanReleasePendingCmdById	80	static
