nic_rx.c:2802:13:nicRxProcessActionFrame	64	static
nic_rx.c:235:6:nicRxFillRFB	32	static
nic_rx.c:309:6:nicRxFillChksumStatus	48	static
nic_rx.c:710:8:nicRxProcessGSCNEvent	64	static
nic_rx.c:2020:1:nicRxEnhanceReadBuffer	80	static
nic_rx.c:2175:6:nicRxSDIOAggReceiveRFBs	144	static
nic_rx.c:2378:13:nicRxSetupRFB	48	static
nic_rx.c:2416:6:nicRxReturnRFB	64	static
nic_rx.c:118:6:nicRxInitialize	80	static
nic_rx.c:384:6:nicRxProcessPktWithoutReorder	32	static
nic_rx.c:476:6:nicRxProcessForwardPkt	80	static
nic_rx.c:545:6:nicRxProcessGOBroadcastPkt	96	static
nic_rx.c:611:6:nicRxProcessDataPacket	80	static
nic_rx.c:843:6:nicRxProcessEventPacket	96	static
nic_rx.c:1590:6:nicRxProcessMgmtPacket	48	static
nic_rx.c:1774:6:nicRxProcessRFBs	112	static
nic_rx.c:2094:6:nicRxSDIOReceiveRFBs	144	static
nic_rx.c:2455:6:nicProcessRxInterrupt	32	static
nic_rx.c:2487:6:nicRxUpdateCSUMStatistics	32	static
nic_rx.c:2537:6:nicRxQueryStatus	48	static
nic_rx.c:2570:6:nicRxClearStatistics	32	static
nic_rx.c:2592:6:nicRxQueryStatistics	48	static
nic_rx.c:2644:1:nicRxWaitResponse	128	static
nic_rx.c:2739:6:nicRxEnablePromiscuousMode	16	static
nic_rx.c:2754:6:nicRxDisablePromiscuousMode	16	static
nic_rx.c:2769:13:nicRxFlush	32	static
nic_rx.c:183:6:nicRxUninitialize	64	static
