core.c:1146:13:update_event_times	0	static
core.c:1281:13:perf_event__header_size	0	static
core.c:1423:13:perf_group_detach	32	static
core.c:2159:13:__perf_event_mark_enabled	0	static
core.c:4326:13:perf_mmap_open	0	static
core.c:4640:5:perf_register_guest_info_callbacks	0	static
core.c:4647:5:perf_unregister_guest_info_callbacks	0	static
core.c:6091:13:perf_swevent_read	0	static
core.c:6117:13:perf_swevent_del	0	static
core.c:6122:13:perf_swevent_start	0	static
core.c:6127:13:perf_swevent_stop	0	static
core.c:6703:13:perf_pmu_nop_void	0	static
core.c:6707:12:perf_pmu_nop_int	0	static
core.c:6728:12:perf_event_idx_default	0	static
core.c:251:13:perf_duration_warn	48	static
core.c:5241:1:perf_event_aux_ctx	80	static
core.c:6058:5:perf_swevent_get_recursion_context	32	static
core.c:4301:28:ring_buffer_get	32	static
core.c:1506:19:perf_workqueue_init	32	static
core.c:6664:13:task_clock_event_read	32	static
core.c:3202:13:__perf_event_read	48	static
core.c:3836:13:perf_event_for_each_child	48	static
core.c:3800:21:perf_poll	64	static
core.c:111:12:cpu_function_call	48	static
core.c:4818:13:__perf_event__output_id_sample	48	static
core.c:849:13:perf_cpu_hrtimer_restart	16	static
core.c:1112:13:perf_unpin_context	32	static
core.c:4293:13:rb_free_rcu	16	static
core.c:6854:13:pmu_dev_release	16	static
core.c:3413:13:free_event_rcu	32	static
core.c:5257:1:perf_event_aux	96	static
core.c:5353:13:perf_event_task	96	static
core.c:1047:1:perf_lock_task_context	80	static
core.c:4780:13:__perf_event_header__init_id	48	static
core.c:5736:13:perf_log_throttle	272	static
core.c:5319:13:perf_event_task_output	256	static
core.c:4920:13:perf_output_read	144	static
core.c:5210:1:perf_event_read_event	240	static
core.c:5413:13:perf_event_comm_output	272	static
core.c:5526:13:perf_event_mmap_output	272	static
core.c:4669:13:perf_sample_regs_user	32	static
core.c:8372:13:perf_event_init_cpu	48	static
core.c:6859:12:pmu_dev_alloc	32	static
core.c:6807:1:perf_event_mux_interval_ms_store	112	static
core.c:6797:1:perf_event_mux_interval_ms_show	16	static
core.c:6788:1:type_show	16	static
core.c:6994:6:perf_pmu_unregister	64	static
core.c:8410:13:perf_event_exit_cpu_context	128	static
core.c:8436:1:perf_reboot	48	static
core.c:4555:12:perf_fasync	64	static
core.c:4199:12:perf_mmap_fault	64	static
core.c:6367:12:perf_tp_event_init	32	static
core.c:6362:13:tp_perf_event_destroy	16	static
core.c:8507:19:perf_event_sysfs_init	64	static
core.c:1313:13:perf_event__id_header_size.isra.37	0	static
core.c:2844:12:perf_calculate_period.isra.44	0	static
core.c:898:13:get_ctx	16	static
core.c:1495:13:schedule_orphans_remove.part.56	32	static
core.c:887:13:perf_pmu_rotate_start.isra.57	48	static
core.c:2000:13:add_event_to_ctx	48	static
core.c:903:13:put_ctx	32	static
core.c:955:35:perf_event_ctx_lock	48	static
core.c:59:13:remote_function	48	static
core.c:4316:13:ring_buffer_put	32	static
core.c:4234:13:ring_buffer_attach	64	static
core.c:7360:1:perf_event_set_output	64	static
core.c:6673:12:task_clock_event_init	32	static
core.c:6645:13:task_clock_event_stop	32	static
core.c:6233:12:perf_swevent_init	112	static
core.c:6891:5:perf_pmu_register	112	static
core.c:6571:13:cpu_clock_event_stop	32	static
core.c:6595:12:cpu_clock_event_init	32	static
core.c:3279:1:alloc_perf_context	48	static
core.c:3331:1:find_get_context	96	static
core.c:7074:13:account_event.part.54	32	static
core.c:3441:13:unaccount_event	48	static
core.c:8456:1:perf_cpu_notify	48	static
core.c:6577:12:cpu_clock_event_add	32	static
core.c:6590:13:cpu_clock_event_read	32	static
core.c:6585:13:cpu_clock_event_del	32	static
core.c:6223:13:sw_perf_event_destroy	80	static
core.c:6651:12:task_clock_event_add	16	static
core.c:6639:13:task_clock_event_start	16	static
core.c:6659:13:task_clock_event_del	32	static
core.c:6565:13:cpu_clock_event_start	32	static
core.c:3511:13:free_event	32	static
core.c:2103:1:perf_install_in_context	112	static
core.c:2260:13:_perf_event_enable	112	static
core.c:2320:6:perf_event_enable	32	static
core.c:2347:5:perf_event_refresh	48	static
core.c:1185:13:update_group_times	32	static
core.c:1373:1:list_del_event	32	static
core.c:1636:13:perf_remove_from_context	144	static
core.c:3570:13:put_event	48	static
core.c:3600:5:perf_event_release_kernel	16	static
core.c:3607:12:perf_release	16	static
core.c:4342:13:perf_mmap_close	112	static
core.c:3616:13:orphans_remove_work	80	static
core.c:7821:6:perf_pmu_migrate_context	128	static
core.c:8028:13:perf_free_event	64	static
core.c:1741:13:_perf_event_disable	112	static
core.c:1788:6:perf_event_disable	32	static
core.c:6712:13:perf_pmu_start_txn	32	static
core.c:6723:13:perf_pmu_cancel_txn	32	static
core.c:6717:12:perf_pmu_commit_txn	32	static
core.c:3234:12:perf_event_read	64	static
core.c:3649:5:perf_event_read_value	64	static
core.c:3723:12:perf_event_read_one	96	static
core.c:3787:1:perf_read	176	static
core.c:199:6:update_perf_cpu_limits	0	static
core.c:210:5:perf_proc_update_handler	32	static
core.c:228:5:perf_cpu_time_max_percent_handler	32	static
core.c:269:6:perf_sample_event_took	64	static
core.c:323:13:perf_event_print_debug	0	static
core.c:325:27:perf_pmu_name	0	static
core.c:740:1:perf_cgroup_switch	0	static
core.c:798:6:perf_cpu_hrtimer_cancel	80	static
core.c:866:6:perf_pmu_disable	32	static
core.c:873:6:perf_pmu_enable	32	static
core.c:1523:1:event_sched_out.isra.82	64	static
core.c:1571:1:group_sched_out	80	static
core.c:1690:5:__perf_event_disable	48	static
core.c:1601:12:__perf_remove_from_context	64	static
core.c:8397:13:__perf_event_exit_context	80	static
core.c:2360:13:ctx_sched_out	64	static
core.c:2597:13:task_ctx_sched_out	32	static
core.c:3870:12:__perf_event_period	48	static
core.c:3967:13:_perf_ioctl	144	static
core.c:4031:13:perf_ioctl	48	static
core.c:4045:13:perf_compat_ioctl	48	static
core.c:1839:1:event_sched_in.isra.85	64	static
core.c:1901:1:group_sched_in	112	static
core.c:2680:1:ctx_sched_in.isra.86	80	static
core.c:2019:13:perf_event_sched_in.isra.89	32	static
core.c:2175:12:__perf_event_enable	80	static
core.c:2716:13:perf_event_context_sched_in.isra.90	48	static
core.c:774:29:perf_cpu_hrtimer_handler	64	static
core.c:2036:13:__perf_install_in_context	80	static
core.c:2954:13:perf_adjust_freq_unthr_context.part.92	80	static
core.c:2818:6:__perf_event_task_sched_in	112	static
core.c:3093:6:perf_event_task_tick	48	static
core.c:3183:6:perf_event_exec	80	static
core.c:4064:5:perf_event_task_enable	80	static
core.c:4080:5:perf_event_task_disable	80	static
core.c:4140:13:arch_perf_update_userpage	0	static
core.c:4149:6:perf_event_update_userpage	80	static
core.c:2580:6:__perf_event_task_sched_out	112	static
core.c:4429:12:perf_mmap	80	static
core.c:3823:13:_perf_event_reset	32	static
core.c:4597:6:perf_event_wakeup	64	static
core.c:4607:13:perf_pending_event	64	static
core.c:4810:6:perf_event_header__init_id	16	static
core.c:4842:6:perf_event__output_id_sample	16	static
core.c:4944:6:perf_output_sample	128	static
core.c:5081:6:perf_prepare_sample	80	static
core.c:5777:12:__perf_event_overflow	144	static
core.c:6462:29:perf_swevent_hrtimer	208	static
core.c:5386:6:perf_event_fork	80	static
core.c:5465:6:perf_event_comm	96	static
core.c:5698:6:perf_event_mmap	208	static
core.c:5845:5:perf_event_overflow	16	static
core.c:5874:5:perf_swevent_set_period	0	static
core.c:5897:13:perf_swevent_overflow	48	static
core.c:5923:13:perf_swevent_event	16	static
core.c:6313:6:perf_tp_event	240	static
core.c:6095:12:perf_swevent_add	64	static
core.c:6066:13:perf_swevent_put_recursion_context	32	static
core.c:6073:6:__perf_sw_event	240	static
core.c:6446:6:perf_bp_event	160	static
core.c:7016:13:perf_init_event	80	static
core.c:7103:1:perf_event_alloc	96	static
core.c:7775:1:perf_event_create_kernel_counter	48	static
core.c:8094:1:inherit_event.isra.94	64	static
core.c:8179:12:inherit_group.isra.95	64	static
core.c:7455:1:SyS_perf_event_open	224	static
core.c:8004:6:perf_event_exit_task	112	static
core.c:8051:6:perf_event_free_task	80	static
core.c:8082:6:perf_event_delayed_put	32	static
core.c:8341:5:perf_event_init_task	144	static
core.c:8478:13:perf_event_init	96	static
