mt_gpufreq.c:1198:14:mt_gpufreq_get_dvfs_table_num	0	static
mt_gpufreq.c:2464:14:mt_gpufreq_get_cur_volt	0	static
mt_gpufreq.c:2473:6:mt_gpufreq_input_boost_notify_registerCB	0	static
mt_gpufreq.c:2484:6:mt_gpufreq_power_limit_notify_registerCB	0	static
mt_gpufreq.c:2493:6:mt_gpufreq_setfreq_registerCB	0	static
mt_gpufreq.c:2502:6:mt_gpufreq_setvolt_registerCB	0	static
mt_gpufreq.c:1615:21:_mt_gpufreq_get_cur_freq	32	static
mt_gpufreq.c:1084:6:mt_gpufreq_enable_by_ptpod	16	static
mt_gpufreq.c:2030:12:mt_gpufreq_power_throttle_protect	48	static
mt_gpufreq.c:2237:21:_mt_gpufreq_get_limited_freq	32	static
mt_gpufreq.c:2423:14:mt_gpufreq_get_thermal_limit_index	32	static
mt_gpufreq.c:2433:14:mt_gpufreq_get_thermal_limit_freq	32	static
mt_gpufreq.c:2444:14:mt_gpufreq_get_cur_freq_index	32	static
mt_gpufreq.c:2454:14:mt_gpufreq_get_cur_freq	32	static
mt_gpufreq.c:1569:13:mt_gpufreq_volt_switch	64	static
mt_gpufreq.c:1136:6:mt_gpufreq_restore_default_volt	64	static
mt_gpufreq.c:722:13:mt_gpufreq_power_calculation	48	static
mt_gpufreq.c:3809:20:mt_gpufreq_exit	16	static
mt_gpufreq.c:698:13:mt_gpufreq_input_disconnect	32	static
mt_gpufreq.c:668:12:mt_gpufreq_input_connect	48	static
mt_gpufreq.c:2819:12:mt_gpufreq_pdrv_remove	32	static
mt_gpufreq.c:626:12:mt_gpufreq_input_boost_task	64	static
mt_gpufreq.c:3667:1:mt_gpufreq_input_boost_proc_open	32	static
mt_gpufreq.c:3665:1:mt_gpufreq_fixed_freq_volt_proc_open	32	static
mt_gpufreq.c:3664:1:mt_gpufreq_volt_enable_proc_open	32	static
mt_gpufreq.c:3663:1:mt_gpufreq_var_dump_proc_open	32	static
mt_gpufreq.c:3662:1:mt_gpufreq_opp_max_freq_proc_open	32	static
mt_gpufreq.c:3661:1:mt_gpufreq_opp_freq_proc_open	32	static
mt_gpufreq.c:3660:1:mt_gpufreq_power_dump_proc_open	32	static
mt_gpufreq.c:3659:1:mt_gpufreq_opp_dump_proc_open	32	static
mt_gpufreq.c:3658:1:mt_gpufreq_state_proc_open	32	static
mt_gpufreq.c:3656:1:mt_gpufreq_limited_by_pbm_proc_open	32	static
mt_gpufreq.c:3655:1:mt_gpufreq_limited_pbm_ignore_proc_open	32	static
mt_gpufreq.c:3653:1:mt_gpufreq_limited_thermal_ignore_proc_open	32	static
mt_gpufreq.c:3651:1:mt_gpufreq_limited_low_batt_volt_ignore_proc_open	32	static
mt_gpufreq.c:3648:1:mt_gpufreq_limited_low_batt_volume_ignore_proc_open	32	static
mt_gpufreq.c:3643:1:mt_gpufreq_limited_power_proc_open	32	static
mt_gpufreq.c:3642:1:mt_gpufreq_debug_proc_open	32	static
mt_gpufreq.c:3573:12:mt_gpufreq_input_boost_proc_show	16	static
mt_gpufreq.c:3448:12:mt_gpufreq_volt_enable_proc_show	16	static
mt_gpufreq.c:3203:12:mt_gpufreq_state_proc_show	16	static
mt_gpufreq.c:2870:12:mt_gpufreq_debug_proc_show	16	static
mt_gpufreq.c:3586:16:mt_gpufreq_input_boost_proc_write	96	static
mt_gpufreq.c:2883:16:mt_gpufreq_debug_proc_write	96	static
mt_gpufreq.c:3277:12:mt_gpufreq_power_dump_proc_show	80	static
mt_gpufreq.c:3250:12:mt_gpufreq_opp_dump_proc_show	96	static
mt_gpufreq.c:3167:12:mt_gpufreq_limited_by_pbm_proc_show	16	static
mt_gpufreq.c:3086:12:mt_gpufreq_limited_pbm_ignore_proc_show	16	static
mt_gpufreq.c:3043:12:mt_gpufreq_limited_thermal_ignore_proc_show	16	static
mt_gpufreq.c:3000:12:mt_gpufreq_limited_low_batt_volt_ignore_proc_show	16	static
mt_gpufreq.c:2956:12:mt_gpufreq_limited_low_batt_volume_ignore_proc_show	16	static
mt_gpufreq.c:3129:12:mt_gpufreq_limited_power_proc_show	16	static
mt_gpufreq.c:3097:16:mt_gpufreq_limited_pbm_ignore_proc_write	96	static
mt_gpufreq.c:3054:16:mt_gpufreq_limited_thermal_ignore_proc_write	96	static
mt_gpufreq.c:3011:16:mt_gpufreq_limited_low_batt_volt_ignore_proc_write	96	static
mt_gpufreq.c:2967:16:mt_gpufreq_limited_low_batt_volume_ignore_proc_write	96	static
mt_gpufreq.c:3670:12:mt_gpufreq_create_procfs	320	static
mt_gpufreq.c:1204:14:mt_gpufreq_get_freq_by_idx	32	static
mt_gpufreq.c:1356:5:mt_gpufreq_state_set	32	static
mt_gpufreq.c:1399:21:mt_gpufreq_dds_calc	48	static
mt_gpufreq.c:1415:13:gpu_dvfs_switch_to_syspll	48	static
mt_gpufreq.c:648:13:mt_gpufreq_input_event	32	static
mt_gpufreq.c:3733:19:mt_gpufreq_init	32	static
mt_gpufreq.c:3500:12:mt_gpufreq_fixed_freq_volt_proc_show	32	static
mt_gpufreq.c:3356:12:mt_gpufreq_opp_max_freq_proc_show	32	static
mt_gpufreq.c:3296:12:mt_gpufreq_opp_freq_proc_show	32	static
mt_gpufreq.c:2124:6:mt_gpufreq_low_batt_volume_callback	48	static
mt_gpufreq.c:2180:6:mt_gpufreq_low_batt_volt_callback	48	static
mt_gpufreq.c:1639:21:_mt_gpufreq_get_cur_volt	32	static
mt_gpufreq.c:1430:13:mt_gpufreq_clock_switch_transient	96	static
mt_gpufreq.c:1505:13:mt_gpufreq_clock_switch	48	static
mt_gpufreq.c:3416:12:mt_gpufreq_var_dump_proc_show	64	static
mt_gpufreq.c:2508:12:mt_gpufreq_pm_restore_early	48	static
mt_gpufreq.c:1164:14:mt_gpufreq_update_volt	112	static
mt_gpufreq.c:437:27:get_immediate_gpu_wrap	0	static
mt_gpufreq.c:1224:13:mt_update_gpufreqs_power_table	80	static
mt_gpufreq.c:2260:6:mt_gpufreq_thermal_protect	64	static
mt_gpufreq.c:3141:16:mt_gpufreq_limited_power_proc_write	96	static
mt_gpufreq.c:442:27:mtk_gpufreq_register	0	static
mt_gpufreq.c:447:28:kicker_pbm_by_gpu	0	static
mt_gpufreq.c:1652:13:_mt_gpufreq_kick_pbm	64	static
mt_gpufreq.c:910:14:mt_gpufreq_voltage_enable_set.part.15	48	static
mt_gpufreq.c:910:14:mt_gpufreq_voltage_enable_set	32	static
mt_gpufreq.c:3515:16:mt_gpufreq_fixed_freq_volt_proc_write	112	static
mt_gpufreq.c:3463:16:mt_gpufreq_volt_enable_proc_write	96	static
mt_gpufreq.c:2591:12:mt_gpufreq_pdrv_probe	112	static
mt_gpufreq.c:1770:14:mt_gpufreq_target	80	static
mt_gpufreq.c:1096:6:mt_gpufreq_disable_by_ptpod	48	static
mt_gpufreq.c:3371:16:mt_gpufreq_opp_max_freq_proc_write	96	static
mt_gpufreq.c:3311:16:mt_gpufreq_opp_freq_proc_write	96	static
mt_gpufreq.c:3216:16:mt_gpufreq_state_proc_write	96	static
mt_gpufreq.c:899:13:mt_gpufreq_notify_pbm_gpuoff	32	static
mt_gpufreq.c:2315:14:mt_gpufreq_get_max_power	0	static
mt_gpufreq.c:2324:14:mt_gpufreq_get_min_power	0	static
mt_gpufreq.c:2332:6:mt_gpufreq_set_power_limit_by_pbm	48	static
mt_gpufreq.c:3178:16:mt_gpufreq_limited_by_pbm_proc_write	96	static
mt_gpufreq.c:2395:14:mt_gpufreq_get_leakage_mw	32	static
