mt_ptp.c:1084:13:base_ops_enable	0	static
mt_ptp.c:1092:13:base_ops_switch_bank	0	static
mt_ptp.c:1283:13:base_ops_dump_status	0	static
mt_ptp.c:1468:12:base_ops_get_volt	0	static
mt_ptp.c:1477:12:base_ops_set_volt	0	static
mt_ptp.c:1486:13:base_ops_restore_default_volt	0	static
mt_ptp.c:1493:13:base_ops_get_freq_table	0	static
mt_ptp.c:3580:12:eem_suspend	0	static
mt_ptp.c:1949:6:mt_ptp_lock	32	static
mt_ptp.c:1963:6:mt_ptp_unlock	16	static
mt_ptp.c:1266:12:base_ops_get_status	64	static
mt_ptp.c:1145:13:base_ops_disable	64	static
mt_ptp.c:1633:13:get_freq_table_cpu	48	static
mt_ptp.c:1615:13:restore_default_volt_cpu	16	static
mt_ptp.c:1571:12:set_volt_cpu	32	static
mt_ptp.c:1552:12:get_volt_cpu	16	static
mt_ptp.c:1792:13:get_freq_table_gpu	64	static
mt_ptp.c:1783:13:restore_default_volt_gpu	16	static
mt_ptp.c:1765:12:set_volt_gpu	16	static
mt_ptp.c:1748:12:get_volt_gpu	16	static
mt_ptp.c:3704:5:mt_eem_opp_num	0	static
mt_ptp.c:3715:6:mt_eem_opp_freq	0	static
mt_ptp.c:1190:12:base_ops_init02	16	static
mt_ptp.c:1159:12:base_ops_init01	16	static
mt_ptp.c:1339:13:base_ops_set_phase	48	static
mt_ptp.c:3729:6:mt_eem_opp_status	48	static
mt_ptp.c:1439:12:base_ops_get_temp	16	static
mt_ptp.c:4799:20:fn_change_eem_status	48	static
mt_ptp.c:4628:19:vcore_ptp_init	16	static
mt_ptp.c:4607:19:dt_get_ptp_devinfo	64	static
mt_ptp.c:2338:13:eem_set_eem_volt	32	static
mt_ptp.c:2877:20:eem_isr	128	static
mt_ptp.c:2048:12:eem_volt_thread_handler	112	static
mt_ptp.c:2002:29:eem_log_timer_func	208	static
mt_ptp.c:4356:12:create_procfs	176	static
mt_ptp.c:4350:1:eem_stress_result_proc_open	32	static
mt_ptp.c:4351:1:eem_log_en_proc_open	32	static
mt_ptp.c:4349:1:eem_dump_proc_open	32	static
mt_ptp.c:4354:1:eem_offset_proc_open	32	static
mt_ptp.c:4353:1:eem_cur_volt_proc_open	32	static
mt_ptp.c:4352:1:eem_status_proc_open	32	static
mt_ptp.c:4348:1:eem_debug_proc_open	32	static
mt_ptp.c:4186:12:eem_log_en_proc_show	16	static
mt_ptp.c:4256:12:eem_offset_proc_show	16	static
mt_ptp.c:3949:12:eem_cur_volt_proc_show	64	static
mt_ptp.c:4151:12:eem_status_proc_show	144	static
mt_ptp.c:3778:12:eem_debug_proc_show	64	static
mt_ptp.c:4195:16:eem_log_en_proc_write	48	static
mt_ptp.c:4272:16:eem_offset_proc_write	80	static
mt_ptp.c:3800:16:eem_debug_proc_write	80	static
mt_ptp.c:3850:12:eem_dump_proc_show	160	static
mt_ptp.c:3989:16:eem_cur_volt_proc_write	64	static
mt_ptp.c:1542:13:mt_cpufreq_set_ptbl_funcEEM	0	static
mt_ptp.c:4639:19:eem_conf	48	static
mt_ptp.c:1099:13:base_ops_disable_locked	48	static
mt_ptp.c:1218:12:base_ops_mon_mode	48	static
mt_ptp.c:4072:12:eem_not_work.constprop	0	static
mt_ptp.c:4108:12:eem_stress_result_proc_show	64	static
mt_ptp.c:3165:6:eem_init02	64	static
mt_ptp.c:3591:12:eem_resume	16	static
mt_ptp.c:3188:6:eem_init01	112	static
mt_ptp.c:3406:12:eem_probe	112	static
mt_ptp.c:3313:6:get_devinfo	32	static
mt_ptp.c:4424:5:get_ptpod_status	32	static
mt_ptp.c:4813:19:eem_init	48	static
mt_ptp.c:3754:5:mt_eem_status	16	static
mt_ptp.c:4559:5:is_have_550	0	static
mt_ptp.c:4564:14:get_vcore_ptp_volt	0	static
mt_ptp.c:4595:6:eem_set_pi_offset	16	static
mt_ptp.c:4892:20:eem_exit	0	static
