mt_cpufreq.c:472:6:mt_cpufreq_setvolt_registerCB	0	static
mt_cpufreq.c:944:6:mt_cpufreq_set_ptbl_registerCB	0	static
mt_cpufreq.c:3326:12:_mt_cpufreq_exit	0	static
mt_cpufreq.c:3467:12:_mt_cpufreq_suspend	0	static
mt_cpufreq.c:3487:12:_mt_cpufreq_resume	0	static
mt_cpufreq.c:1982:13:dump_opp_table	48	static
mt_cpufreq.c:1609:13:_cci_clock_switch	32	static
mt_cpufreq.c:1424:26:_get_cpu_clock_switch	48	static
mt_cpufreq.c:1575:30:_get_cci_clock_switch	48	static
mt_cpufreq.c:1026:14:mt_cpufreq_get_freq_by_idx	48	static
mt_cpufreq.c:1389:13:_cpu_clock_switch	48	static
mt_cpufreq.c:1175:21:_cpu_freq_calc	48	static
mt_cpufreq.c:1259:21:get_cur_phy_freq_L	64	static
mt_cpufreq.c:1289:21:get_cur_phy_freq_LL	64	static
mt_cpufreq.c:950:12:_set_cur_volt_locked	48	static
mt_cpufreq.c:1926:14:mt_cpufreq_get_cur_volt	32	static
mt_cpufreq.c:2427:21:_search_available_volt	48	static
mt_cpufreq.c:2656:12:_search_available_freq_idx_under_v	48	static
mt_cpufreq.c:1541:13:adjust_cci_div	16	static
mt_cpufreq.c:1518:13:adjust_clkdiv	16	static
mt_cpufreq.c:1899:21:get_cur_volt_extbuck	64	static
mt_cpufreq.c:1636:13:cci_switch_from_to	64	static
mt_cpufreq.c:1491:13:adjust_posdiv	32	static
mt_cpufreq.c:1657:13:set_cur_freq	128	static
mt_cpufreq.c:3331:21:_mt_cpufreq_get	48	static
mt_cpufreq.c:2986:21:_calc_new_opp_idx	64	static
mt_cpufreq.c:2885:12:_sync_opp_tbl_idx	48	static
mt_cpufreq.c:3350:13:__set_cpuhvfs_init_sta	96	static
mt_cpufreq.c:373:21:_mt_cpufreq_get_cpu_level	80	static
mt_cpufreq.c:3372:12:_mt_cpufreq_syscore_suspend	16	static
mt_cpufreq.c:3507:12:_mt_cpufreq_pdrv_probe	144	static
mt_cpufreq.c:4318:12:_create_procfs	256	static
mt_cpufreq.c:4316:1:cpufreq_dvfs_time_profile_proc_open	32	static
mt_cpufreq.c:4315:1:cpufreq_turbo_mode_proc_open	32	static
mt_cpufreq.c:4314:1:cpufreq_volt_proc_open	32	static
mt_cpufreq.c:4313:1:cpufreq_freq_proc_open	32	static
mt_cpufreq.c:4312:1:cpufreq_oppidx_proc_open	32	static
mt_cpufreq.c:4309:1:enable_cpuhvfs_proc_open	32	static
mt_cpufreq.c:4307:1:cpufreq_power_mode_proc_open	32	static
mt_cpufreq.c:4306:1:cpufreq_stress_test_proc_open	32	static
mt_cpufreq.c:4305:1:cpufreq_debug_proc_open	32	static
mt_cpufreq.c:4235:12:cpufreq_dvfs_time_profile_proc_show	48	static
mt_cpufreq.c:4204:12:cpufreq_turbo_mode_proc_show	16	static
mt_cpufreq.c:4089:12:cpufreq_freq_proc_show	32	static
mt_cpufreq.c:4033:12:cpufreq_oppidx_proc_show	48	static
mt_cpufreq.c:3965:12:enable_cpuhvfs_proc_show	16	static
mt_cpufreq.c:3938:12:cpufreq_stress_test_proc_show	16	static
mt_cpufreq.c:3850:12:cpufreq_debug_proc_show	16	static
mt_cpufreq.c:3826:14:_copy_from_user_for_proc	48	static
mt_cpufreq.c:4247:16:cpufreq_dvfs_time_profile_proc_write	80	static
mt_cpufreq.c:4213:16:cpufreq_turbo_mode_proc_write	80	static
mt_cpufreq.c:4176:16:cpufreq_volt_proc_write	96	static
mt_cpufreq.c:4049:16:cpufreq_oppidx_proc_write	80	static
mt_cpufreq.c:3920:16:cpufreq_power_mode_proc_write	48	static
mt_cpufreq.c:3945:16:cpufreq_stress_test_proc_write	48	static
mt_cpufreq.c:3857:16:cpufreq_debug_proc_write	48	static
mt_cpufreq.c:3972:16:enable_cpuhvfs_proc_write	128	static
mt_cpufreq.c:3878:12:cpufreq_power_mode_proc_show	16	static
mt_cpufreq.c:1941:21:_calc_pmic_settle_time.part.0	0	static
mt_cpufreq.c:2403:12:set_cur_volt_hybrid	16	static
mt_cpufreq.c:1871:21:get_cur_vsram.isra.5	32	static
mt_cpufreq.c:2188:12:set_cur_volt_extbuck	160	static
mt_cpufreq.c:4439:19:_mt_cpufreq_pdrv_init	96	static
mt_cpufreq.c:4161:12:cpufreq_volt_proc_show	48	static
mt_cpufreq.c:3427:1:_mt_cpufreq_pm_callback	64	static
mt_cpufreq.c:4495:20:_mt_cpufreq_pdrv_exit	32	static
mt_cpufreq.c:3601:12:_mt_cpufreq_pdrv_remove	32	static
mt_cpufreq.c:1151:13:_kick_PBM_by_cpu.isra.10	160	static
mt_cpufreq.c:2679:22:_mt_cpufreq_cpu_CB	144	static
mt_cpufreq.c:4098:16:cpufreq_freq_proc_write	112	static
mt_cpufreq.c:2577:13:_mt_cpufreq_set	208	static
mt_cpufreq.c:3182:12:_mt_cpufreq_target	80	static
mt_cpufreq.c:3024:13:ppm_limit_callback	176	static
mt_cpufreq.c:3160:12:_mt_cpufreq_verify	32	static
mt_cpufreq.c:3233:12:_mt_cpufreq_init	96	static
mt_cpufreq.c:3380:13:_mt_cpufreq_syscore_resume	96	static
mt_cpufreq.c:2410:21:get_cur_volt_hybrid	32	static
mt_cpufreq.c:912:12:_search_available_freq_idx.isra.1.constprop	48	static
mt_cpufreq.c:1107:6:mt_cpufreq_restore_default_volt	96	static
mt_cpufreq.c:1047:5:mt_cpufreq_update_volt	96	static
mt_cpufreq.c:1814:13:set_cur_freq_hybrid	80	static
mt_cpufreq.c:902:5:get_turbo_freq	0	static
mt_cpufreq.c:907:5:get_turbo_volt	0	static
mt_cpufreq.c:1128:14:mt_cpufreq_get_leakage_mw	48	static
mt_cpufreq.c:1348:14:mt_cpufreq_get_cur_phy_freq	64	static
mt_cpufreq.c:1444:5:mt_cpufreq_clock_switch	16	static
mt_cpufreq.c:1456:19:mt_cpufreq_get_clock_switch	16	static
mt_cpufreq.c:3909:5:mt_cpufreq_get_chip_id_38	0	static
mt_cpufreq.c:3915:5:mt_cpufreq_get_ppb_state	0	static
