mt_vcorefs_governor.c:541:10:get_vcore_dvfs_sram_debug_regs	32	static
mt_vcorefs_governor.c:480:20:spm_vcorefs_err_handler	48	static
mt_vcorefs_governor.c:801:5:vcorefs_release_hpm	48	static
mt_vcorefs_governor.c:816:5:vcorefs_handle_kir_sysfsx_req	48	static
mt_vcorefs_governor.c:365:1:vcorefs_fb_notifier_callback	48	static
mt_vcorefs_governor.c:284:13:update_vcore_pwrap_cmd.constprop	32	static
mt_vcorefs_governor.c:49:12:emmc_autok	0	static
mt_vcorefs_governor.c:54:12:sd_autok	0	static
mt_vcorefs_governor.c:59:12:sdio_autok	0	static
mt_vcorefs_governor.c:64:13:mmdvfs_enable	0	static
mt_vcorefs_governor.c:189:5:vcorefs_gpu_get_init_opp	0	static
mt_vcorefs_governor.c:194:6:vcorefs_gpu_set_init_opp	32	static
mt_vcorefs_governor.c:200:6:vcorefs_request_init_opp	64	static
mt_vcorefs_governor.c:255:6:vcorefs_set_log_mask	0	static
mt_vcorefs_governor.c:265:6:vcorefs_set_cpu_dvfs_req	48	static
mt_vcorefs_governor.c:277:14:vcorefs_get_cpu_dvfs_req	0	static
mt_vcorefs_governor.c:399:7:vcorefs_get_sram_debug_info	48	static
mt_vcorefs_governor.c:462:6:vcorefs_set_sram_data	0	static
mt_vcorefs_governor.c:467:5:vcorefs_get_sram_data	0	static
mt_vcorefs_governor.c:472:6:vcorefs_set_dvfs_latency_spec	0	static
mt_vcorefs_governor.c:587:6:is_vcorefs_feature_enable	32	static
mt_vcorefs_governor.c:599:5:vcorefs_get_num_opp	0	static
mt_vcorefs_governor.c:604:5:vcorefs_get_curr_vcore	48	static
mt_vcorefs_governor.c:615:5:vcorefs_get_curr_ddr	16	static
mt_vcorefs_governor.c:624:5:vcorefs_get_vcore_by_steps	16	static
mt_vcorefs_governor.c:642:5:vcorefs_get_ddr_by_steps	16	static
mt_vcorefs_governor.c:1300:19:vcorefs_module_init	80	static
mt_vcorefs_governor.c:653:7:vcorefs_get_dvfs_info	80	static
mt_vcorefs_governor.c:695:7:get_kicker_name	0	static
mt_vcorefs_governor.c:700:7:vcorefs_get_opp_table_info	80	static
mt_vcorefs_governor.c:728:6:vcorefs_update_opp_table	48	static
mt_vcorefs_governor.c:752:5:vcorefs_output_kicker_id	32	static
mt_vcorefs_governor.c:763:5:vcorefs_set_total_bw_threshold	48	static
mt_vcorefs_governor.c:782:5:vcorefs_set_perform_bw_threshold	48	static
mt_vcorefs_governor.c:832:6:vcorefs_reload_spm_firmware	48	static
mt_vcorefs_governor.c:926:5:find_spm_dvfs_func_group	0	static
mt_vcorefs_governor.c:941:5:get_kicker_group_opp	16	static
mt_vcorefs_governor.c:971:12:set_dvfs_with_opp.constprop	64	static
mt_vcorefs_governor.c:1052:5:kick_dvfs_by_opp_index	32	static
mt_vcorefs_governor.c:1244:12:vcorefs_governor_pm_callback	48	static
mt_vcorefs_governor.c:1069:5:vcorefs_late_init_dvfs	112	static
mt_vcorefs_governor.c:1364:6:vcorefs_set_feature_enable	48	static
mt_vcorefs_governor.c:1377:5:vcorefs_enable_dvs	32	static
mt_vcorefs_governor.c:1401:5:vcorefs_enable_dfs	48	static
mt_vcorefs_governor.c:1424:5:vcorefs_enable_debug_isr	48	static
mt_vcorefs_governor.c:854:5:governor_debug_store	96	static
mt_vcorefs_governor.c:1446:5:vcorefs_enable_perform_bw	48	static
mt_vcorefs_governor.c:1457:5:vcorefs_enable_total_bw	48	static
mt_vcorefs_governor.c:1471:6:governor_apply_E2_SDIO_DVFS	16	static
mt_vcorefs_governor.c:1483:6:governor_autok_manager	16	static
mt_vcorefs_governor.c:1502:6:governor_autok_check	48	static
mt_vcorefs_governor.c:1522:6:governor_autok_lock_check	64	static
