gl_wext_priv.c:1456:1:_priv_get_ints	256	static
gl_wext_priv.c:2474:1:reqExtSetAcpiDevicePowerState	32	static
gl_wext_priv.c:1944:1:priv_get_ndis.constprop	64	static
gl_wext_priv.c:1105:1:_priv_get_int	272	static
gl_wext_priv.c:1712:1:_priv_get_struct	80	static
gl_wext_priv.c:1831:1:priv_set_ndis.constprop	64	static
gl_wext_priv.c:1529:1:_priv_set_struct	80	static
gl_wext_priv.c:773:1:_priv_set_int	80	static
gl_wext_priv.c:485:5:priv_support_ioctl	32	static
gl_wext_priv.c:664:1:scanEnvResult	320	static
gl_wext_priv.c:2053:9:CmdStringDecParse	0	static
gl_wext_priv.c:2129:9:CmdStringMacParse	0	static
gl_wext_priv.c:2493:5:priv_driver_set_chip_config	400	static
gl_wext_priv.c:2552:5:priv_driver_set_miracast	160	static
gl_wext_priv.c:2697:8:priv_driver_cmds	64	static
gl_wext_priv.c:2623:5:priv_support_driver_cmd	64	static
gl_wext_priv.c:2923:1:priv_set_int	48	static
gl_wext_priv.c:2930:1:priv_get_int	48	static
gl_wext_priv.c:2937:1:priv_set_ints	128	static
gl_wext_priv.c:2944:1:priv_get_ints	48	static
gl_wext_priv.c:2951:1:priv_set_struct	48	static
gl_wext_priv.c:2958:1:priv_get_struct	48	static
gl_wext_priv.c:2965:1:priv_set_string	96	static
