fdt.c:401:14:kernel_tree_alloc	16	static
fdt.c:152:15:unflatten_dt_node	160	static
fdt.c:349:13:__unflatten_device_tree	80	static
fdt.c:414:6:of_fdt_unflatten_tree	16	static
fdt.c:1040:22:early_init_dt_alloc_memory_arch	16	static
fdt.c:817:12:early_init_dt_scan_root	48	static
fdt.c:38:6:of_fdt_limit_memory	96	static
fdt.c:88:5:of_fdt_is_compatible	64	static
fdt.c:113:5:of_fdt_match	48	static
fdt.c:587:12:of_scan_flat_dt	80	static
fdt.c:611:22:of_get_flat_dt_root	0	static
fdt.c:619:12:of_get_flat_dt_size	0	static
fdt.c:630:20:of_get_flat_dt_prop	16	static
fdt.c:922:12:early_init_dt_scan_chosen	80	static
fdt.c:641:12:of_flat_dt_is_compatible	16	static
fdt.c:649:12:of_flat_dt_match	16	static
fdt.c:663:21:of_flat_dt_get_machine_name	32	static
fdt.c:683:21:of_flat_dt_match_machine	64	static
fdt.c:842:12:dt_mem_next_cell	0	static
fdt.c:969:20:early_init_dt_add_memory_arch	48	static
fdt.c:853:12:early_init_dt_scan_memory	80	static
fdt.c:1028:19:early_init_dt_reserve_memory_arch	16	static
fdt.c:553:13:early_init_fdt_scan_reserved_mem	48	static
fdt.c:510:19:__fdt_scan_reserved_mem	128	static
fdt.c:1054:13:early_init_dt_verify	32	static
fdt.c:1072:13:early_init_dt_scan_nodes	16	static
fdt.c:1084:13:early_init_dt_scan	32	static
fdt.c:1104:13:unflatten_device_tree	32	static
fdt.c:1124:13:unflatten_and_copy_device_tree	48	static
