f_mass_storage.c:2758:13:fsg_lun_release	0	static
f_mass_storage.c:2805:6:fsg_common_set_sysfs	0	static
f_mass_storage.c:2966:6:fsg_common_set_ops	0	static
f_mass_storage.c:3407:1:fsg_lun_opts_attr_show	16	static
f_mass_storage.c:3407:1:fsg_lun_opts_attr_store	16	static
f_mass_storage.c:3615:1:fsg_opts_attr_show	16	static
f_mass_storage.c:3615:1:fsg_opts_attr_store	16	static
f_mass_storage.c:3840:6:fsg_config_from_params	0	static
f_mass_storage.c:3409:13:fsg_lun_attr_release	16	static
f_mass_storage.c:419:13:raise_exception	64	static
f_mass_storage.c:2899:6:fsg_common_remove_lun	48	static
f_mass_storage.c:2737:16:file_store	16	static
f_mass_storage.c:3432:16:fsg_lun_opts_file_store	16	static
f_mass_storage.c:2711:16:file_show	16	static
f_mass_storage.c:3423:16:fsg_lun_opts_file_show	16	static
f_mass_storage.c:2720:16:ro_store	16	static
f_mass_storage.c:3451:16:fsg_lun_opts_ro_store	16	static
f_mass_storage.c:2696:16:ro_show	16	static
f_mass_storage.c:3446:16:fsg_lun_opts_ro_show	16	static
f_mass_storage.c:2729:16:nofua_store	16	static
f_mass_storage.c:3507:16:fsg_lun_opts_nofua_store	16	static
f_mass_storage.c:2703:16:nofua_show	16	static
f_mass_storage.c:3502:16:fsg_lun_opts_nofua_show	16	static
f_mass_storage.c:2980:5:fsg_common_set_cdev	32	static
f_mass_storage.c:3045:5:fsg_common_create_lun	80	static
f_mass_storage.c:3154:6:fsg_common_set_inquiry_string	16	static
f_mass_storage.c:390:12:fsg_set_halt	32	static
f_mass_storage.c:3171:5:fsg_common_run_thread	32	static
f_mass_storage.c:442:12:ep0_queue	32	static
f_mass_storage.c:491:13:bulk_out_complete	48	static
f_mass_storage.c:461:13:bulk_in_complete	48	static
f_mass_storage.c:1498:12:halt_bulk_in_endpoint	32	static
f_mass_storage.c:1766:12:check_command	112	static
f_mass_storage.c:630:12:sleep_thread	64	static
f_mass_storage.c:3833:1:mass_storagemod_exit	16	static
f_mass_storage.c:3807:29:fsg_alloc	48	static
f_mass_storage.c:3792:13:fsg_free	48	static
f_mass_storage.c:3630:16:fsg_opts_stall_show	48	static
f_mass_storage.c:512:12:fsg_setup	32	static
f_mass_storage.c:3379:13:fsg_unbind	96	static
f_mass_storage.c:3641:16:fsg_opts_stall_store	80	static
f_mass_storage.c:3532:29:fsg_lun_make	96	static
f_mass_storage.c:3617:13:fsg_attr_release	16	static
f_mass_storage.c:3487:16:fsg_lun_opts_cdrom_store	16	static
f_mass_storage.c:3482:16:fsg_lun_opts_cdrom_show	16	static
f_mass_storage.c:3471:16:fsg_lun_opts_removable_store	16	static
f_mass_storage.c:3465:16:fsg_lun_opts_removable_show	16	static
f_mass_storage.c:3833:1:mass_storagemod_init	16	static
f_mass_storage.c:2763:6:fsg_common_get	32	static
f_mass_storage.c:2811:13:_fsg_common_free_buffers.part.16	48	static
f_mass_storage.c:2823:5:fsg_common_set_num_buffers	64	static
f_mass_storage.c:2973:6:fsg_common_free_buffers	32	static
f_mass_storage.c:3190:13:fsg_common_release	96	static
f_mass_storage.c:2769:6:fsg_common_put	16	static
f_mass_storage.c:612:13:start_in_transfer	48	static
f_mass_storage.c:1699:12:send_status	48	static
f_mass_storage.c:662:12:do_read	128	static
f_mass_storage.c:1307:12:do_mode_sense.isra.24	0	static
f_mass_storage.c:1899:12:check_command_size_in_blocks.constprop	16	static
f_mass_storage.c:621:13:start_out_transfer	48	static
f_mass_storage.c:803:12:do_write	160	static
f_mass_storage.c:3735:13:fsg_free_inst	32	static
f_mass_storage.c:2922:6:fsg_common_remove_luns	80	static
f_mass_storage.c:2910:13:_fsg_common_remove_luns	80	static
f_mass_storage.c:2927:6:fsg_common_free_luns	48	static
f_mass_storage.c:3132:5:fsg_common_create_luns	80	static
f_mass_storage.c:2940:5:fsg_common_set_nluns	64	static
f_mass_storage.c:3744:38:fsg_alloc_inst	80	static
f_mass_storage.c:3304:12:fsg_bind	64	static
f_mass_storage.c:3590:13:fsg_lun_drop	64	static
f_mass_storage.c:2439:13:fsg_disable	48	static
f_mass_storage.c:2431:12:fsg_set_alt	48	static
f_mass_storage.c:2333:12:do_set_interface	112	static
f_mass_storage.c:2449:13:handle_exception	208	static
f_mass_storage.c:2608:12:fsg_main_thread	176	static
f_mass_storage.c:3225:5:fsg_sysfs_update	96	static
f_mass_storage.c:3262:9:fsg_inquiry_show	16	static
f_mass_storage.c:3266:9:fsg_inquiry_store	32	static
f_mass_storage.c:3276:9:fsg_bicr_show	16	static
f_mass_storage.c:3280:9:fsg_bicr_store	48	static
