gme60x_compass.c:822:16:store_shipment_test	0	static
gme60x_compass.c:2227:12:gme60x_suspend	0	static
gme60x_compass.c:2237:12:gme60x_resume	0	static
gme60x_compass.c:2283:12:gme60x_m_set_delay	0	static
gme60x_compass.c:2296:12:gme60x_m_open_report_data	0	static
gme60x_compass.c:2345:12:gme60x_o_set_delay	0	static
gme60x_compass.c:2357:12:gme60x_o_open_report_data	0	static
gme60x_compass.c:2595:20:gme60x_exit	0	static
gme60x_compass.c:1125:12:gme60x_release	16	static
gme60x_compass.c:1422:13:gme60x_compat_ioctl	32	static
gme60x_compass.c:199:13:AKI2C_TxData	80	static
gme60x_compass.c:307:13:AKECS_SetMode	48	static
gme60x_compass.c:153:13:AKI2C_RxData	96	static
gme60x_compass.c:2301:12:gme60x_m_get_data	80	static
gme60x_compass.c:2362:12:gme60x_o_get_data	80	static
gme60x_compass.c:2315:12:gme60x_o_enable	32	static
gme60x_compass.c:2252:12:gme60x_m_enable	32	static
gme60x_compass.c:2534:19:gme60x_init	48	static
gme60x_compass.c:2490:12:gme60x_remove	16	static
gme60x_compass.c:2246:12:gme60x_i2c_detect	0	static
gme60x_compass.c:1112:12:gme60x_open	48	static
gme60x_compass.c:902:16:show_layout_value	32	static
gme60x_compass.c:888:16:show_posturedata_value	112	static
gme60x_compass.c:852:16:show_daemon_name	96	static
gme60x_compass.c:2474:12:gme60x_i2c_remove	64	static
gme60x_compass.c:1031:16:show_regiter_map	128	static
gme60x_compass.c:984:16:show_chip_orientation	32	static
gme60x_compass.c:936:16:show_status_value	48	static
gme60x_compass.c:996:16:store_chip_orientation	48	static
gme60x_compass.c:912:16:store_layout_value	64	static
gme60x_compass.c:2376:12:gme60x_i2c_probe	208	static
gme60x_compass.c:2516:19:get_hwid_from_cmdline	16	static
gme60x_compass.c:1016:16:show_power_status	48	static
gme60x_compass.c:952:16:show_trace_value	16	static
gme60x_compass.c:966:16:store_trace_value	64	static
gme60x_compass.c:2498:12:gme60x_local_init	32	static
gme60x_compass.c:280:13:AKECS_Reset.constprop	48	static
gme60x_compass.c:442:13:AKECS_GetData.constprop	80	static
gme60x_compass.c:866:16:show_sensordata_value	176	static
gme60x_compass.c:1138:13:gme60x_unlocked_ioctl	288	static
gme60x_compass.c:859:16:show_chipinfo_value	96	static
gme60x_compass.c:76:16:get_cust_mag	0	static
gme60x_compass.c:567:5:TEST_DATA	80	static
gme60x_compass.c:613:5:FST_GME60X	112	static
gme60x_compass.c:832:16:show_shipment_test	48	static
gme60x_compass.c:800:5:FctShipmntTestProcess_Body	48	static
gme60x_compass.c:1658:5:gme60x_operate	48	static
gme60x_compass.c:1743:5:gme60x_orientation_operate	48	static
