pmic.c:671:6:upmu_set_rg_vio18_cal	0	static
pmic.c:1221:16:store_LDO_STATUS	0	static
pmic.c:1280:16:store_LDO_VOLTAGE	0	static
pmic.c:1300:16:store_BUCK_STATUS	0	static
pmic.c:1340:16:store_BUCK_VOLTAGE	0	static
pmic.c:1885:12:pmic_mt_cust_remove	0	static
pmic.c:2131:5:getHwVoltage	0	static
pmic.c:2152:5:isHwPowerOn	0	static
pmic.c:2173:6:hwPowerOn	0	static
pmic.c:2208:6:hwPowerDown	0	static
pmic.c:2234:6:hwPowerSetVoltage	0	static
pmic.c:3811:12:pmic_ftm_open	0	static
pmic.c:3816:12:pmic_ftm_release	0	static
pmic.c:4274:16:store_low_battery_protect_level	0	static
pmic.c:4370:16:store_battery_oc_protect_level	0	static
pmic.c:4474:16:store_battery_percent_level	0	static
pmic.c:4564:16:store_dlpt_level	0	static
pmic.c:4784:12:pmic_mt_remove	0	static
pmic.c:786:6:upmu_interrupt_chrdet_int_en	16	static
pmic.c:1099:12:mtk_regulator_set_voltage_sel	32	static
pmic.c:1002:12:mtk_regulator_is_enabled	16	static
pmic.c:1307:16:show_BUCK_VOLTAGE	48	static
pmic.c:1287:16:show_BUCK_STATUS	48	static
pmic.c:1208:16:show_LDO_STATUS	48	static
pmic.c:921:16:show_pmic_auxadc	32	static
pmic.c:4558:16:show_dlpt_level	16	static
pmic.c:4525:16:show_dlpt_stop	16	static
pmic.c:4493:16:show_dlpt_ut	16	static
pmic.c:4465:16:show_battery_percent_level	16	static
pmic.c:4426:16:show_battery_percent_stop	16	static
pmic.c:4386:16:show_battery_percent_ut	16	static
pmic.c:4363:16:show_battery_oc_protect_level	16	static
pmic.c:4327:16:show_battery_oc_protect_stop	16	static
pmic.c:4290:16:show_battery_oc_protect_ut	16	static
pmic.c:4267:16:show_low_battery_protect_level	16	static
pmic.c:4231:16:show_low_battery_protect_stop	16	static
pmic.c:4195:16:show_low_battery_protect_ut	16	static
pmic.c:882:16:show_pmic_dvt	32	static
pmic.c:830:16:show_pmic_access	32	static
pmic.c:1228:16:show_LDO_VOLTAGE	96	static
pmic.c:1149:12:mtk_regulator_list_voltage	80	static
pmic.c:4145:5:pwrkey_detect_sw_thread_handler	96	static
pmic.c:2670:22:bat_percent_notify_task	16	static
pmic.c:3501:22:dlpt_notify_task	16	static
pmic.c:4137:22:pwrkey_detect_sw_workaround	16	static
pmic.c:4100:12:proc_dump_register_open	16	static
pmic.c:4069:12:proc_utilization_open	16	static
pmic.c:5017:20:pmic_mt_exit	16	static
pmic.c:1754:12:pmic_mt_cust_probe	64	static
pmic.c:4531:16:store_dlpt_stop	64	static
pmic.c:4435:16:store_battery_percent_stop	64	static
pmic.c:4334:16:store_battery_oc_protect_stop	64	static
pmic.c:4238:16:store_low_battery_protect_stop	64	static
pmic.c:888:16:store_pmic_dvt	64	static
pmic.c:927:16:store_pmic_auxadc	80	static
pmic.c:3791:13:pmic_ftm_compat_ioctl	16	static
pmic.c:4581:12:fb_early_init_dt_get_chosen	48	static
pmic.c:4954:19:pmic_mt_init	32	static
pmic.c:4797:12:pmic_mt_suspend	16	static
pmic.c:192:6:vmd1_pmic_setting_on	16	static
pmic.c:4791:13:pmic_mt_shutdown	16	static
pmic.c:215:14:pmic_read_vbif28_volt	0	static
pmic.c:224:14:pmic_get_vbif28_volt	0	static
pmic.c:265:14:pmic_buck_vsleep_to_swctrl	96	static
pmic.c:291:14:pmic_buck_vsleep_restore	64	static
pmic.c:317:14:pmic_config_interface_buck_vsleep_check	16	static
pmic.c:510:14:pmic_read_interface_nolock	64	static
pmic.c:229:14:pmic_read_interface	80	static
pmic.c:606:14:upmu_get_reg_value	32	static
pmic.c:976:12:mtk_regulator_disable	48	static
pmic.c:957:12:mtk_regulator_enable	48	static
pmic.c:1018:12:mtk_regulator_get_voltage_sel	144	static
pmic.c:4079:12:proc_dump_register_show	192	static
pmic.c:3979:12:proc_utilization_show	160	static
pmic.c:540:14:pmic_config_interface_nolock	80	static
pmic.c:165:5:pmic_force_vcore_pwm	48	static
pmic.c:453:14:pmic_config_interface	80	static
pmic.c:836:16:store_pmic_access	48	static
pmic.c:596:6:pmic_lock	16	static
pmic.c:601:6:pmic_unlock	16	static
pmic.c:617:6:upmu_set_reg_value	16	static
pmic.c:624:14:get_pmic_mt6325_cid	0	static
pmic.c:629:14:get_mt6325_pmic_chip_version	0	static
pmic.c:639:6:mt6351_dump_register	176	static
pmic.c:696:6:upmu_set_rg_vio18_184	16	static
pmic.c:712:6:upmu_set_rg_vmc_184	16	static
pmic.c:735:6:upmu_set_rg_vcamd	16	static
pmic.c:756:5:pmic_read_VMC_efuse	32	static
pmic.c:799:14:upmu_get_rgs_chrdet	16	static
pmic.c:1904:6:pmic_regulator_suspend	48	static
pmic.c:1922:6:pmic_regulator_resume	48	static
pmic.c:1940:12:pmic_regulator_pm_event	16	static
pmic.c:1961:6:mtk_regulator_init	80	static
pmic.c:2051:6:PMIC6351_regulator_test	64	static
pmic.c:2316:6:register_low_battery_notify	16	static
pmic.c:2328:6:exec_low_battery_callback	48	static
pmic.c:4202:16:store_low_battery_protect_ut	64	static
pmic.c:2350:6:lbat_min_en_setting	32	static
pmic.c:2357:6:lbat_max_en_setting	32	static
pmic.c:4828:12:pmic_mt_resume	32	static
pmic.c:2364:6:low_battery_protect_init	64	static
pmic.c:2435:6:register_battery_oc_notify	16	static
pmic.c:2447:6:exec_battery_oc_callback	48	static
pmic.c:4297:16:store_battery_oc_protect_ut	64	static
pmic.c:2468:6:bat_oc_h_en_setting	16	static
pmic.c:2474:6:bat_oc_l_en_setting	16	static
pmic.c:2480:6:battery_oc_protect_init	80	static
pmic.c:2501:6:battery_oc_protect_reinit	80	static
pmic.c:2567:6:register_battery_percent_notify	48	static
pmic.c:2592:6:exec_battery_percent_callback	32	static
pmic.c:2622:5:bat_percent_notify_handler	128	static
pmic.c:4395:16:store_battery_percent_ut	64	static
pmic.c:2679:6:bat_percent_notify_init	48	static
pmic.c:2721:5:do_ptim_internal	48	static
pmic.c:2813:5:do_ptim	32	static
pmic.c:2827:5:do_ptim_ex	48	static
pmic.c:2841:6:get_ptim_value	32	static
pmic.c:2853:6:enable_dummy_load	32	static
pmic.c:2977:6:register_dlpt_notify	32	static
pmic.c:2991:6:exec_dlpt_callback	48	static
pmic.c:4499:16:store_dlpt_ut	64	static
pmic.c:3070:5:get_rac_val	128	static
pmic.c:3143:5:get_dlpt_imix_spm	48	static
pmic.c:3211:6:pmic_swap	0	static
pmic.c:3219:6:pmic_quicksort	16	static
pmic.c:3219:6:pmic_quicksort.part.12	48	static
pmic.c:3256:5:get_dlpt_imix	208	static
pmic.c:3329:5:get_dlpt_imix_charging	16	static
pmic.c:3388:5:dlpt_notify_handler	144	static
pmic.c:3349:5:dlpt_check_power_off	32	static
pmic.c:3510:5:get_system_loading_ma	32	static
pmic.c:3530:6:dlpt_notify_init	64	static
pmic.c:3594:6:pmic_enable_charger_detection_int	16	static
pmic.c:3614:6:is_charger_detection_rdy	0	static
pmic.c:3623:5:is_ext_buck2_exist	16	static
pmic.c:3739:13:pmic_ftm_ioctl	48	static
pmic.c:3638:5:is_ext_vbat_boost_exist	0	static
pmic.c:3643:5:is_ext_swchr_exist	0	static
pmic.c:3700:5:get_ext_buck_i2c_ch_num	16	static
pmic.c:3708:5:is_ext_buck_sw_ready	16	static
pmic.c:3716:5:is_ext_buck_exist	16	static
pmic.c:3832:6:pmic_ftm_init	32	static
pmic.c:3868:16:is_battery_remove_pmic	0	static
pmic.c:3873:6:PMIC_CUSTOM_SETTING_V1	0	static
pmic.c:3889:6:dump_ldo_status_read_debug	144	static
pmic.c:4110:6:pmic_debug_init	32	static
pmic.c:4593:12:pmic_mt_probe	96	static
pmic.c:4174:6:pwrkey_sw_workaround_init	48	static
pmic.c:4896:14:pmic_Read_Efuse_HPOffset	64	static
