battery_meter_hal.c:664:19:fgauge_read_current_sign	0	static
battery_meter_hal.c:1267:19:dump_register_fgadc	0	static
battery_meter_hal.c:1244:19:read_is_hw_ocv_ready	32	static
battery_meter_hal.c:1111:19:read_adc_v_bat_id	32	static
battery_meter_hal.c:1272:19:read_battery_plug_out_status	32	static
battery_meter_hal.c:1210:19:read_adc_v_charger	32	static
battery_meter_hal.c:1192:19:read_adc_v_bat_temp	32	static
battery_meter_hal.c:1175:19:read_adc_v_i_sense	32	static
battery_meter_hal.c:1156:19:read_adc_v_bat_sense	32	static
battery_meter_hal.c:1228:19:read_hw_ocv	48	static
battery_meter_hal.c:62:6:get_hw_chip_diff_trim_value	48	static
battery_meter_hal.c:181:12:use_chip_trim_value	32	static
battery_meter_hal.c:889:19:fgauge_read_columb_internal	96	static
battery_meter_hal.c:1096:19:fgauge_read_columb_accurate	16	static
battery_meter_hal.c:1122:19:fgauge_hw_reset	64	static
battery_meter_hal.c:1091:19:fgauge_read_columb	16	static
battery_meter_hal.c:390:19:fgauge_read_current	96	static
battery_meter_hal.c:302:19:fgauge_initialization	48	static
battery_meter_hal.c:196:5:get_hw_ocv	32	static
battery_meter_hal.c:564:12:fgauge_read_IM_current	80	static
battery_meter_hal.c:673:12:fgauge_set_columb_interrupt_internal	160	static
battery_meter_hal.c:884:19:fgauge_set_columb_interrupt	16	static
battery_meter_hal.c:1282:12:bm_ctrl_cmd	16	static
