alsps.c:492:16:als_store_flush	0	static
alsps.c:648:16:ps_store_flush	0	static
alsps.c:677:12:als_ps_remove	16	static
alsps.c:683:12:als_ps_probe	32	static
alsps.c:438:16:als_show_delay	16	static
alsps.c:589:16:ps_show_delay	16	static
alsps.c:599:16:ps_store_batch	64	static
alsps.c:448:16:als_store_batch	64	static
alsps.c:393:16:als_show_active	32	static
alsps.c:486:16:als_show_batch	16	static
alsps.c:498:16:als_show_flush	16	static
alsps.c:542:16:ps_show_active	32	static
alsps.c:642:16:ps_show_batch	16	static
alsps.c:654:16:ps_show_flush	16	static
alsps.c:405:16:als_store_delay	80	static
alsps.c:554:16:ps_store_delay	80	static
alsps.c:504:16:als_show_devnum	80	static
alsps.c:660:16:ps_show_devnum	80	static
alsps.c:154:13:als_poll	16	static
alsps.c:735:5:alsps_driver_add	64	static
alsps.c:1094:19:alsps_init	96	static
alsps.c:773:5:ps_report_interrupt_data	32	static
alsps.c:51:13:als_work_func	80	static
alsps.c:521:16:ps_store_active	64	static
alsps.c:372:16:als_store_active	64	static
alsps.c:25:5:als_data_report	48	static
alsps.c:42:5:ps_data_report	32	static
alsps.c:767:25:get_alsps_platformdev	0	static
alsps.c:871:5:als_register_data_path	32	static
alsps.c:887:5:ps_register_data_path	32	static
alsps.c:903:5:als_register_control_path	48	static
alsps.c:941:5:ps_register_control_path	48	static
alsps.c:984:5:alsps_aal_enable	16	static
alsps.c:1011:5:alsps_aal_get_status	0	static
alsps.c:1016:5:alsps_aal_get_data	32	static
alsps.c:1106:20:alsps_exit	32	static
