ekt2k_mtk_5d_esd_2tp.c:648:5:elan_iap_release	0	static
ekt2k_mtk_5d_esd_2tp.c:640:5:elan_iap_open	32	static
ekt2k_mtk_5d_esd_2tp.c:4626:13:tpd_suspend	48	static
ekt2k_mtk_5d_esd_2tp.c:4693:13:tpd_resume	32	static
ekt2k_mtk_5d_esd_2tp.c:4858:20:tpd_driver_exit	16	static
ekt2k_mtk_5d_esd_2tp.c:2546:12:tpd_detect	0	static
ekt2k_mtk_5d_esd_2tp.c:2657:16:show_disable_irq	48	static
ekt2k_mtk_5d_esd_2tp.c:2633:16:show_enable_irq	48	static
ekt2k_mtk_5d_esd_2tp.c:2872:16:set_debug	32	static
ekt2k_mtk_5d_esd_2tp.c:2593:16:store_reset	48	static
ekt2k_mtk_5d_esd_2tp.c:3193:16:get_tp_id	48	static
ekt2k_mtk_5d_esd_2tp.c:3123:16:get_int	32	static
ekt2k_mtk_5d_esd_2tp.c:2897:16:get_packet_info	96	static
ekt2k_mtk_5d_esd_2tp.c:2891:16:get_y_resolution	16	static
ekt2k_mtk_5d_esd_2tp.c:2885:16:get_x_resolution	16	static
ekt2k_mtk_5d_esd_2tp.c:2779:16:show_iap_mode	16	static
ekt2k_mtk_5d_esd_2tp.c:2773:16:show_drv_version_value	16	static
ekt2k_mtk_5d_esd_2tp.c:2764:16:show_bc_version_value	16	static
ekt2k_mtk_5d_esd_2tp.c:2755:16:show_fw_id_value	16	static
ekt2k_mtk_5d_esd_2tp.c:2911:16:get_probe_log	48	static
ekt2k_mtk_5d_esd_2tp.c:4596:12:tpd_remove	48	static
ekt2k_mtk_5d_esd_2tp.c:2473:12:touch_event_handler	320	static
ekt2k_mtk_5d_esd_2tp.c:2556:20:tpd_eint_interrupt_handler	32	static
ekt2k_mtk_5d_esd_2tp.c:4842:19:tpd_driver_init	16	static
ekt2k_mtk_5d_esd_2tp.c:690:9:elan_iap_read	80	static
ekt2k_mtk_5d_esd_2tp.c:653:16:elan_iap_write	64	static
ekt2k_mtk_5d_esd_2tp.c:1501:12:__elan_ktf2k_ts_poll.isra.6	64	static
ekt2k_mtk_5d_esd_2tp.c:1576:12:__hello_packet_handler	112	static
ekt2k_mtk_5d_esd_2tp.c:4789:12:tpd_local_init	32	static
ekt2k_mtk_5d_esd_2tp.c:3686:16:get_fw_state	48	static
ekt2k_mtk_5d_esd_2tp.c:2862:16:get_debug	48	static
ekt2k_mtk_5d_esd_2tp.c:3875:12:elan_power_config.isra.11	80	static
ekt2k_mtk_5d_esd_2tp.c:3825:12:elan_power_on.isra.12	64	static
ekt2k_mtk_5d_esd_2tp.c:3664:16:store_tp_power	48	static
ekt2k_mtk_5d_esd_2tp.c:1537:12:elan_ktf2k_ts_get_data.constprop	64	static
ekt2k_mtk_5d_esd_2tp.c:3620:16:get_sen_opt	64	static
ekt2k_mtk_5d_esd_2tp.c:3554:16:get_ping_TP	112	static
ekt2k_mtk_5d_esd_2tp.c:3545:16:show_analog	144	static
ekt2k_mtk_5d_esd_2tp.c:1631:12:__fw_packet_handler	112	static
ekt2k_mtk_5d_esd_2tp.c:4002:12:tpd_probe	128	static
ekt2k_mtk_5d_esd_2tp.c:2946:16:get_ftm_fw_check	48	static
ekt2k_mtk_5d_esd_2tp.c:2918:16:get_fw_info	48	static
ekt2k_mtk_5d_esd_2tp.c:2727:16:show_fw_version_value	48	static
ekt2k_mtk_5d_esd_2tp.c:2683:16:show_calibrate	64	static
ekt2k_mtk_5d_esd_2tp.c:904:5:EnterISPMode	32	static
ekt2k_mtk_5d_esd_2tp.c:925:5:ExtractPage	32	static
ekt2k_mtk_5d_esd_2tp.c:939:5:WritePage	32	static
ekt2k_mtk_5d_esd_2tp.c:953:5:GetAckData	32	static
ekt2k_mtk_5d_esd_2tp.c:976:6:print_progress	288	static
ekt2k_mtk_5d_esd_2tp.c:1009:5:IAPReset	32	static
ekt2k_mtk_5d_esd_2tp.c:2579:16:show_reset	32	static
ekt2k_mtk_5d_esd_2tp.c:1046:5:CheckIapMode	32	static
ekt2k_mtk_5d_esd_2tp.c:1078:5:Update_FW_One	144	static
ekt2k_mtk_5d_esd_2tp.c:727:13:elan_iap_ioctl	64	static
ekt2k_mtk_5d_esd_2tp.c:2694:16:show_fw_update	32	static
