wd_api.c:105:21:wd_get_kick_bit	16	static
wd_api.c:100:21:wd_get_check_bit	16	static
wd_api.c:214:13:resume_notify	16	static
wd_api.c:209:13:suspend_notify	16	static
wd_api.c:203:12:confirm_hwreboot	16	static
wd_api.c:163:12:disable_ext	16	static
wd_api.c:219:12:disable_all_wd	16	static
wd_api.c:150:12:mtk_wk_wdt_config	32	static
wd_api.c:144:12:wd_sw_reset	16	static
wd_api.c:136:12:wd_cpu_hot_plug_off_notify	16	static
wd_api.c:111:12:wd_restart	16	static
wd_api.c:125:12:wd_cpu_hot_plug_on_notify	16	static
wd_api.c:667:19:mtk_arch_reset_init	32	static
wd_api.c:170:12:disable_local	16	static
wd_api.c:343:12:debug_key_sysrst_config	32	static
wd_api.c:322:12:debug_key_eint_config	32	static
wd_api.c:280:12:thermal_direct_mode_config	32	static
wd_api.c:254:12:thermal_mode_config	32	static
wd_api.c:228:12:spmwdt_mode_config	32	static
wd_api.c:308:12:wd_dram_reserved_mode	16	static
wd_api.c:183:12:set_mode	32	static
wd_api.c:61:13:mtk_wd_suspend_sodi	0	static
wd_api.c:65:13:mtk_wd_resume_sodi	0	static
wd_api.c:558:5:wd_api_init	64	static
wd_api.c:582:5:get_wd_api	0	static
wd_api.c:599:6:arch_reset	48	static
wd_api.c:659:12:mtk_arch_reset_handle	32	static
