yas_mag_kernel.c:212:12:yas_device_close	0	static
yas_mag_kernel.c:1059:12:yas537_release	0	static
yas_mag_kernel.c:1420:12:yas_m_open_report_data	0	static
yas_mag_kernel.c:1425:12:yas_m_get_data	0	static
yas_mag_kernel.c:1447:12:yas_o_open_report_data	0	static
yas_mag_kernel.c:1452:12:yas_o_get_data	0	static
yas_mag_kernel.c:2198:20:yas_exit	16	static
yas_mag_kernel.c:1203:13:yas537_compat_ioctl	64	static
yas_mag_kernel.c:204:12:yas_device_open	16	static
yas_mag_kernel.c:425:12:set_delay	48	static
yas_mag_kernel.c:403:12:start_mag	32	static
yas_mag_kernel.c:414:12:stop_mag	32	static
yas_mag_kernel.c:2134:19:yas_init	48	static
yas_mag_kernel.c:2122:12:yas_local_uninit	16	static
yas_mag_kernel.c:2011:12:yas_remove	32	static
yas_mag_kernel.c:951:16:yas_euler_data_show	80	static
yas_mag_kernel.c:880:16:yas_euler_enable_show	16	static
yas_mag_kernel.c:914:16:yas_euler_delay_show	48	static
yas_mag_kernel.c:742:16:yas_mag_ouflow_thresh_show	64	static
yas_mag_kernel.c:711:16:yas_mag_average_sample_show	64	static
yas_mag_kernel.c:697:16:yas_mag_self_test_noise_show	64	static
yas_mag_kernel.c:648:16:yas_mag_static_matrix_show	112	static
yas_mag_kernel.c:633:16:yas_mag_hard_offset_show	64	static
yas_mag_kernel.c:564:16:yas_mag_position_show	48	static
yas_mag_kernel.c:757:16:yas_mag_data_show	80	static
yas_mag_kernel.c:437:16:yas_mag_enable_show	16	static
yas_mag_kernel.c:591:16:yas_mag_delay_show	48	static
yas_mag_kernel.c:526:16:hw_info_show_driver	32	static
yas_mag_kernel.c:473:16:yas_mag_data_show_driver	80	static
yas_mag_kernel.c:448:16:yas_mag_enable_show_driver	16	static
yas_mag_kernel.c:938:16:yas_euler_delay_store	64	static
yas_mag_kernel.c:617:16:yas_mag_delay_store	80	static
yas_mag_kernel.c:725:16:yas_mag_average_sample_store	80	static
yas_mag_kernel.c:663:16:yas_mag_static_matrix_store	112	static
yas_mag_kernel.c:577:16:yas_mag_position_store	64	static
yas_mag_kernel.c:679:16:yas_mag_self_test_show	112	static
yas_mag_kernel.c:1050:12:yas537_open	16	static
yas_mag_kernel.c:389:17:yas_current_time	16	static
yas_mag_kernel.c:978:13:yas_work_func	112	static
yas_mag_kernel.c:384:13:yas_usleep	16	static
yas_mag_kernel.c:217:12:yas_device_write	64	static
yas_mag_kernel.c:281:12:yas_device_read	128	static
yas_mag_kernel.c:1648:12:yas_probe	256	static
yas_mag_kernel.c:495:16:yas_shipmenttest_show_driver	112	static
yas_mag_kernel.c:487:16:yas_chip_info_show_driver	32	static
yas_mag_kernel.c:805:16:daemon_name_show	80	static
yas_mag_kernel.c:186:19:get_hwid_from_cmdline	32	static
yas_mag_kernel.c:534:13:set_mag_enable	32	static
yas_mag_kernel.c:1028:12:yas_m_enable	32	static
yas_mag_kernel.c:1514:5:yas537_operate	64	static
yas_mag_kernel.c:1066:13:yas537_unlocked_ioctl	128	static
yas_mag_kernel.c:550:16:yas_mag_enable_store	80	static
yas_mag_kernel.c:459:16:yas_mag_enable_store_driver	64	static
yas_mag_kernel.c:887:13:set_euler_enable	32	static
yas_mag_kernel.c:1434:12:yas_o_enable	16	static
yas_mag_kernel.c:903:16:yas_euler_enable_store	48	static
yas_mag_kernel.c:2099:12:yas_local_init	32	static
yas_mag_kernel.c:1038:12:yas_m_set_delay	48	static
yas_mag_kernel.c:2036:12:yas_suspend	48	static
yas_mag_kernel.c:2046:12:yas_resume	48	static
yas_mag_kernel.c:1441:12:yas_o_set_delay	64	static
