mtk_rtc_hal_common.c:164:13:rtc_get_tick	48	static
mtk_rtc_hal_common.c:49:5:rtc_read	32	static
mtk_rtc_hal_common.c:57:6:rtc_write	16	static
mtk_rtc_hal_common.c:62:6:rtc_busy_wait	32	static
mtk_rtc_hal_common.c:70:6:rtc_write_trigger	16	static
mtk_rtc_hal_common.c:76:6:rtc_writeif_unlock	16	static
mtk_rtc_hal_common.c:84:6:hal_rtc_reload_power	32	static
mtk_rtc_hal_common.c:93:6:rtc_xosc_write	48	static
mtk_rtc_hal_common.c:112:6:rtc_set_writeif	16	static
mtk_rtc_hal_common.c:122:6:rtc_bbpu_pwrdown	16	static
mtk_rtc_hal_common.c:134:6:hal_rtc_set_spare_register	64	static
mtk_rtc_hal_common.c:149:5:hal_rtc_get_spare_register	64	static
mtk_rtc_hal_common.c:174:6:hal_rtc_get_tick_time	48	static
mtk_rtc_hal_common.c:187:6:hal_rtc_set_tick_time	32	static
mtk_rtc_hal_common.c:198:6:hal_rtc_get_alarm_time	48	static
mtk_rtc_hal_common.c:208:6:hal_rtc_set_alarm_time	80	static
mtk_rtc_hal_common.c:234:6:hal_rtc_save_pwron_alarm	48	static
mtk_rtc_hal_common.c:241:6:hal_rtc_get_pwron_alarm_time	48	static
mtk_rtc_hal_common.c:251:6:hal_rtc_set_pwron_alarm_time	48	static
mtk_rtc_hal_common.c:273:6:hal_rtc_read_rg	48	static
mtk_rtc_hal_common.c:303:6:rtc_lp_exception	160	static
