mtk_rtc_common.c:847:12:rtc_pdrv_remove	0	static
mtk_rtc_common.c:180:15:rtc_read_hw_time	96	static
mtk_rtc_common.c:602:22:rtc_get_monotonic_tick	96	static
mtk_rtc_common.c:276:6:crystal_exist_status	48	static
mtk_rtc_common.c:297:6:rtc_low_power_detected	48	static
mtk_rtc_common.c:343:6:rtc_gpio_32k_status	48	static
mtk_rtc_common.c:564:6:rtc_irq_handler	128	static
mtk_rtc_common.c:866:19:rtc_device_init	48	static
mtk_rtc_common.c:702:12:rtc_ops_set_alarm	144	static
mtk_rtc_common.c:678:12:rtc_ops_read_alarm	48	static
mtk_rtc_common.c:821:12:rtc_pdrv_probe	64	static
mtk_rtc_common.c:623:12:rtc_ops_read_time	112	static
mtk_rtc_common.c:768:12:rtc_ops_ioctl	32	static
mtk_rtc_common.c:313:6:rtc_gpio_enable_32k	48	static
mtk_rtc_common.c:328:6:rtc_gpio_disable_32k	48	static
mtk_rtc_common.c:651:12:rtc_ops_set_time	64	static
mtk_rtc_common.c:920:19:rtc_late_init	48	static
mtk_rtc_common.c:799:16:rtc_show_monotonic	96	static
mtk_rtc_common.c:200:5:get_rtc_spare_fg_value	48	static
mtk_rtc_common.c:213:5:set_rtc_spare_fg_value	48	static
mtk_rtc_common.c:232:5:cat_rtc_info	48	static
mtk_rtc_common.c:256:5:echo_rtc_info	48	static
mtk_rtc_common.c:359:6:rtc_enable_abb_32k	48	static
mtk_rtc_common.c:368:6:rtc_disable_abb_32k	48	static
mtk_rtc_common.c:377:6:rtc_enable_writeif	48	static
mtk_rtc_common.c:386:6:rtc_disable_writeif	48	static
mtk_rtc_common.c:395:6:rtc_mark_recovery	32	static
mtk_rtc_common.c:406:6:rtc_mark_kpoc	32	static
mtk_rtc_common.c:415:6:rtc_mark_fast	32	static
mtk_rtc_common.c:425:5:rtc_rdwr_uart_bits	48	static
mtk_rtc_common.c:437:6:rtc_bbpu_power_down	48	static
mtk_rtc_common.c:446:6:mt_power_off	48	static
mtk_rtc_common.c:471:6:rtc_read_pwron_alarm	64	static
mtk_rtc_common.c:746:6:rtc_pwm_enable_check	0	static
