printk.c:2410:19:console_suspend_disable	0	static
printk.h:9:1:ftrace_define_fields_console	16	static
printk.h:9:1:perf_trace_console	368	static
printk.h:9:1:ftrace_raw_event_console	96	static
printk.h:9:1:ftrace_raw_output_console	32	static
printk.c:1006:12:devkmsg_release	16	static
printk.c:954:21:devkmsg_poll	48	static
printk.c:916:15:devkmsg_llseek	48	static
printk.c:794:16:devkmsg_read	160	static
printk.c:1058:20:log_buf_len_update	0	static
printk.c:1067:19:log_buf_len_setup	32	static
printk.c:3231:5:kmsg_dump_register	48	static
printk.c:3527:6:kmsg_dump_rewind	32	static
printk.c:2481:6:console_lock	16	static
printk.c:2784:14:console_conditional_schedule	16	static
printk.c:3192:5:__printk_ratelimit	16	static
printk.c:3207:6:printk_timed_ratelimit	48	static
printk.c:3260:5:kmsg_dump_unregister	48	static
printk.c:493:12:log_make_free_space	0	static
printk.c:550:12:log_store	224	static
printk.c:1905:13:cont_flush.part.11	32	static
printk.c:1933:13:cont_add	48	static
printk.c:2501:5:console_trylock	32	static
printk.c:2297:12:__add_preferred_console.constprop	64	static
printk.c:2331:19:console_setup	64	static
printk.c:1679:13:call_console_drivers.constprop	304	static
printk.c:1242:15:print_prefix	48	static
printk.c:1273:15:msg_print_text	112	static
printk.c:1331:12:syslog_print	320	static
printk.c:3422:6:kmsg_dump_get_buffer	128	static
printk.c:1540:5:do_syslog.part.17	176	static
printk.c:147:6:mt_get_uartlog_status	0	static
printk.c:152:6:set_uartlog_status	0	static
printk.c:383:6:mt_disable_uart	0	static
printk.c:388:6:mt_enable_uart	0	static
printk.c:399:6:is_logbuf_lock	0	static
printk.c:407:7:log_buf_addr_get	0	static
printk.c:413:5:log_buf_len_get	0	static
printk.c:1803:6:aee_wdt_zap_locks	16	static
printk.c:1813:6:aee_wdt_logbuf_lock	16	static
printk.c:2384:5:add_preferred_console	16	static
printk.c:2389:5:update_console_cmdline	80	static
printk.c:2515:5:is_console_locked	0	static
printk.c:3157:6:wake_up_klogd	32	static
printk.c:2622:6:console_unlock.part.15	128	static
printk.c:2622:6:console_unlock	16	static
printk.c:1991:16:vprintk_emit	160	static
printk.c:2182:16:vprintk	48	static
printk.c:2188:16:printk_emit	112	static
printk.c:744:16:devkmsg_write	80	static
printk.c:2224:26:printk	144	static
printk.c:705:12:check_syslog_permissions	32	static
printk.c:1540:5:do_syslog	64	static
printk.c:1669:1:SyS_syslog	48	static
printk.c:1110:13:setup_log_buf	80	static
printk.c:1154:19:ignore_loglevel_setup	16	static
printk.c:2426:6:suspend_console	32	static
printk.c:2875:19:keep_bootcon_setup	16	static
printk.c:977:12:devkmsg_open	48	static
printk.c:2791:6:console_unblank	32	static
printk.c:2835:20:console_device	48	static
printk.c:3060:5:unregister_console	48	static
printk.c:3103:19:printk_late_init	32	static
printk.c:2904:6:register_console	64	static
printk.c:2458:12:console_cpu_notify	32	static
printk.c:3138:13:wake_up_klogd_work_func	32	static
printk.c:2857:6:console_stop	48	static
printk.c:2865:6:console_start	48	static
printk.c:2818:6:console_flush_on_panic	48	static
printk.c:2437:6:resume_console	32	static
printk.c:3167:5:printk_deferred	160	static
printk.c:3289:6:kmsg_dump	80	static
printk.c:3340:6:kmsg_dump_get_line_nolock	48	static
printk.c:3389:6:kmsg_dump_get_line	80	static
printk.c:3511:6:kmsg_dump_rewind_nolock	0	static
printk.c:3549:13:dump_stack_set_arch_desc	144	static
printk.c:3566:6:dump_stack_print_info	96	static
printk.c:3588:6:show_regs_print_info	32	static
printk.c:3597:6:get_kernel_log_buffer	0	static
