scan.c:3048:16:scanSanityCheckBssDesc.part.1	48	static
scan.c:111:6:scnInit	80	static
scan.c:214:6:scnUninit	32	static
scan.c:276:1:scanSearchBssDescByBssidAndSsid	80	static
scan.c:258:14:scanSearchBssDescByBssid	16	static
scan.c:345:1:scanSearchBssDescByTAAndSsid	80	static
scan.c:327:14:scanSearchBssDescByTA	16	static
scan.c:394:14:scanSearchBssDescByBssidAndLatestUpdateTime	64	static
scan.c:445:6:scanRemoveRoamBssDescsByTime	96	static
scan.c:475:1:scanSearchRoamBssDescBySsid	48	static
scan.c:498:19:scanAllocateRoamBssDesc	32	static
scan.c:524:6:scanAddToRoamBssDesc	64	static
scan.c:550:6:scanSearchBssDescOfRoamSsid	64	static
scan.c:595:1:scanSearchExistingBssDescWithSsid	80	static
scan.c:439:1:scanSearchExistingBssDesc	16	static
scan.c:681:6:scanRemoveBssDescsByPolicy	144	static
scan.c:871:6:scanRemoveBssDescByBssid	128	static
scan.c:926:1:scanRemoveBssDescByBandAndNetwork	112	static
scan.c:1006:6:scanRemoveConnFlagOfBssDescByBssid	48	static
scan.c:1042:14:scanAllocateBssDesc	48	static
scan.c:1089:14:scanAddToBssDesc	192	static
scan.c:1670:13:scanAddScanResult	256	static
scan.c:1791:9:scanCheckBssIsLegal	64	static
scan.c:1812:6:scanReportBss2Cfg80211	112	static
scan.c:1952:8:nicChannelNum2Index	0	static
scan.c:1986:13:scanProcessBeaconAndProbeResp	96	static
scan.c:2151:8:scanResultsAdjust5GPref	32	static
scan.c:2182:14:scanSearchBssDescByPolicy	176	static
scan.c:2810:6:scanReportScanResultToAgps	48	static
scan.c:2844:6:scanGetCurrentEssChnlList	576	static
scan.c:3127:14:scanSearchBssDescByScoreForAis	224	static
