ais_fsm.c:4749:1:aisFsmRunEventMgmtFrameTxDone	64	static
ais_fsm.c:4104:6:aisFsmReleaseCh.part.4	32	static
ais_fsm.c:103:6:aisInitializeConnectionSettings	64	static
ais_fsm.c:201:6:aisFsmInit	64	static
ais_fsm.c:376:6:aisFsmStateInit_JOIN	64	static
ais_fsm.c:529:9:aisFsmStateInit_RetryJOIN	48	static
ais_fsm.c:663:6:aisFsmStateAbort_JOIN	64	static
ais_fsm.c:713:6:aisFsmStateAbort_SCAN	32	static
ais_fsm.c:750:6:aisFsmStateAbort_NORMAL_TR	48	static
ais_fsm.c:822:8:aisIndex2ChannelNum	0	static
ais_fsm.c:861:6:aisGetAndSetScanChannel	112	static
ais_fsm.c:2783:1:aisIndicationOfMediaStateToHost	128	static
ais_fsm.c:2898:6:aisPostponedEventOfSchedScanReq	48	static
ais_fsm.c:4104:6:aisFsmReleaseCh	32	static
ais_fsm.c:4324:18:aisFsmRoamingScanResultsUpdate	32	static
ais_fsm.c:4361:6:aisFsmRoamingDisconnectPrevAP	64	static
ais_fsm.c:4453:9:aisFsmIsRequestPending	64	static
ais_fsm.c:2950:6:aisPostponedEventOfDisconnTimeout	112	static
ais_fsm.c:4496:17:aisFsmGetNextRequest	64	static
ais_fsm.c:4531:9:aisFsmInsertRequest	64	static
ais_fsm.c:931:6:aisFsmSteps	144	static
ais_fsm.c:4815:13:aisFsmSetOkcTimeout	32	static
ais_fsm.c:1934:6:aisFsmRunEventScanDone	48	static
ais_fsm.c:3536:6:aisFsmRunEventScanDoneTimeOut	96	static
ais_fsm.c:3634:6:aisFsmRunEventBGSleepTimeOut	48	static
ais_fsm.c:3674:6:aisFsmRunEventIbssAloneTimeOut	32	static
ais_fsm.c:4024:6:aisFsmRunEventChGrant	80	static
ais_fsm.c:4692:6:aisFsmRunEventChannelTimeout	48	static
ais_fsm.c:3428:6:aisFsmDisconnect	80	static
ais_fsm.c:2121:6:aisFsmStateAbort	48	static
ais_fsm.c:4144:6:aisBssBeaconTimeout	32	static
ais_fsm.c:4191:6:aisBssSecurityChanged	16	static
ais_fsm.c:4213:1:aisDeauthXmitComplete	32	static
ais_fsm.c:3811:6:aisFsmRunEventDeauthTimeout	16	static
ais_fsm.c:3868:6:aisFsmScanRequest	64	static
ais_fsm.c:3944:6:aisFsmScanRequestAdv	96	static
ais_fsm.c:4245:6:aisFsmRunEventRoamingDiscovery	48	static
ais_fsm.c:4574:6:aisFsmFlushRequest	48	static
ais_fsm.c:330:6:aisFsmUninit	64	static
ais_fsm.c:4590:6:aisFsmRunEventRemainOnChannel	32	static
ais_fsm.c:4625:6:aisFsmRunEventCancelRemainOnChannel	48	static
ais_fsm.c:4805:6:aisFsmRunEventSetOkcPmk	32	static
ais_fsm.c:4822:1:aisFuncTxMgmtFrame	48	static
ais_fsm.c:4667:6:aisFsmRunEventMgmtFrameTx	32	static
ais_fsm.c:4898:6:aisFuncValidateRxActionFrame	16	static
ais_fsm.c:4988:1:aisQueryBlackList	64	static
ais_fsm.c:4922:1:aisAddBlacklist	64	static
ais_fsm.c:2033:6:aisFsmRunEventAbort	64	static
ais_fsm.c:4971:6:aisRemoveBlackList	64	static
ais_fsm.c:3017:6:aisUpdateBssInfoForJOIN	80	static
ais_fsm.c:4409:6:aisUpdateBssInfoForRoamingAP	48	static
ais_fsm.c:2264:6:aisFsmRunEventJoinComplete	208	static
ais_fsm.c:3722:6:aisFsmRunEventJoinTimeout	64	static
ais_fsm.c:5011:6:aisRemoveTimeoutBlacklist	96	static
ais_fsm.c:5061:9:aisApOverload	0	static
ais_fsm.c:5076:9:aisCalculateBlackListScore	32	static
ais_fsm.c:5088:6:aisRecordBeaconTimeout	0	static
ais_fsm.c:5109:6:aisRemoveBeaconTimeoutEntry	0	static
ais_fsm.c:5192:6:aisRunEventChnlUtilRsp	96	static
