rsn.c:2304:16:rsnCheckWpaRsnInfo	32	static
rsn.c:76:9:rsnParseRsnIE	112	static
rsn.c:287:9:rsnParseWpaIE	112	static
rsn.c:518:9:rsnSearchSupportedCipher	48	static
rsn.c:547:9:rsnIsSuitableBSS	32	static
rsn.c:598:9:rsnSearchAKMSuite	48	static
rsn.c:634:9:rsnPerformPolicySelection	144	static
rsn.c:980:6:rsnGenerateWpaNoneIE	80	static
rsn.c:1098:6:rsnGenerateWPAIE	64	static
rsn.c:1318:1:rsnParseCheckForWFAInfoElem	48	static
rsn.c:1360:6:rsnParserCheckForRSNCCMPPSK	144	static
rsn.c:1406:6:rsnGenMicErrorEvent	16	static
rsn.c:1445:6:rsnTkipHandleMICFailure	32	static
rsn.c:1555:6:rsnUpdatePmkidCandidateList	48	static
rsn.c:1505:6:rsnSelectPmkidCandidateList	32	static
rsn.c:1614:9:rsnSearchPmkidEntry	64	static
rsn.c:1200:6:rsnGenerateRSNIE	96	static
rsn.c:1659:9:rsnCheckPmkidCandicate	96	static
rsn.c:1735:6:rsnCheckPmkidCache	48	static
rsn.c:1776:6:rsnGeneratePmkidIndication	144	static
rsn.c:1707:6:rsnIndicatePmkidCand	32	static
rsn.c:1852:6:rsnGenerateWSCIE	32	static
rsn.c:1888:9:rsnCheckBipKeyInstalled	0	static
rsn.c:1906:8:rsnCheckSaQueryTimeout	48	static
rsn.c:1945:6:rsnStartSaQueryTimer	80	static
rsn.c:2061:6:rsnStartSaQuery	16	static
rsn.c:2076:6:rsnStopSaQuery	32	static
rsn.c:2100:6:rsnSaQueryRequest	64	static
rsn.c:2181:6:rsnSaQueryAction	64	static
rsn.c:2246:9:rsnCheckRxMgmt	64	static
rsn.c:2333:9:rsnCheckSecurityModeChanged	32	static
rsn.c:2382:9:rsnParseOsenIE	112	static
