af_packet.c:306:12:__packet_pick_tx_queue	0	static
af_packet.c:1403:13:match_fanout_group	0	static
af_packet.c:3661:13:packet_mm_open	0	static
af_packet.c:3671:13:packet_mm_close	0	static
af_packet.c:4111:20:packet_exit	32	static
af_packet.c:4100:24:packet_net_exit	16	static
af_packet.c:4073:12:packet_seq_open	16	static
af_packet.c:4042:12:packet_seq_show	128	static
af_packet.c:4030:14:packet_seq_next	16	static
af_packet.c:4036:13:packet_seq_stop	16	static
af_packet.c:4021:14:packet_seq_start	32	static
af_packet.c:4089:23:packet_net_init	32	static
af_packet.c:1529:12:packet_rcv_spkt	48	static
af_packet.c:1243:13:packet_sock_destruct	32	static
af_packet.c:2863:12:packet_recvmsg	112	static
af_packet.c:1601:12:packet_sendmsg_spkt	144	static
af_packet.c:3580:12:packet_ioctl	48	static
af_packet.c:3017:12:packet_getname_spkt	48	static
af_packet.c:3038:12:packet_getname	48	static
af_packet.c:827:13:prb_open_block	64	static
af_packet.c:411:12:__packet_get_status	48	static
af_packet.c:388:13:__packet_set_status	32	static
af_packet.c:3686:13:free_pg_vec	64	static
af_packet.c:3905:12:packet_mmap	112	static
af_packet.c:311:13:packet_pick_tx_queue	48	static
af_packet.c:240:12:packet_direct_xmit	64	static
af_packet.c:3425:12:packet_getsockopt	96	static
af_packet.c:1189:21:packet_read_pending.isra.45.part.46	64	static
af_packet.c:997:13:prb_run_all_ft_ops	32	static
af_packet.c:3069:12:packet_dev_mc	16	static
af_packet.c:353:13:__unregister_prot_hook	48	static
af_packet.c:4119:19:packet_init	32	static
af_packet.c:1220:13:packet_rcv_has_room.isra.62.part.63	48	static
af_packet.c:1288:21:fanout_demux_rollover	96	static
af_packet.c:1321:12:packet_rcv_fanout	80	static
af_packet.c:737:13:prb_flush_block.isra.64	80	static
af_packet.c:331:13:register_prot_hook.part.58	48	static
af_packet.c:3529:12:packet_notifier	64	static
af_packet.c:2649:12:packet_do_bind.part.60	80	static
af_packet.c:2739:12:packet_bind_spkt	48	static
af_packet.c:2756:12:packet_bind	16	static
af_packet.c:3754:12:packet_set_ring	176	static
af_packet.c:2583:12:packet_release	96	static
af_packet.c:3210:1:packet_setsockopt	128	static
af_packet.c:2784:12:packet_create	64	static
af_packet.c:2073:13:tpacket_destruct_skb	48	static
af_packet.c:1742:12:packet_rcv	80	static
af_packet.c:3633:21:packet_poll	48	static
af_packet.c:1854:12:tpacket_rcv	176	static
af_packet.c:668:13:prb_retire_rx_blk_timer_expired	80	static
af_packet.c:2566:12:packet_sendmsg	240	static
