stk3x1x.c:2537:16:stk3x1x_show_send	0	static
stk3x1x.c:3327:16:stk3x1x_show_alsenable	0	static
stk3x1x.c:3366:16:stk3x1x_show_psenable	0	static
stk3x1x.c:3863:12:stk3x1x_release	0	static
stk3x1x.c:4235:12:als_open_report_data	0	static
stk3x1x.c:4293:12:als_set_delay	0	static
stk3x1x.c:4297:12:ps_open_report_data	0	static
stk3x1x.c:4338:12:ps_set_delay	0	static
stk3x1x.c:4630:12:stk3x1x_local_remove	0	static
stk3x1x.c:4302:12:ps_get_data	16	static
stk3x1x.c:3495:12:stk3x1x_get_als_lux	48	static
stk3x1x.c:4635:20:stk3x1x_exit	16	static
stk3x1x.c:2140:20:stk_oss_irq_handler	32	static
stk3x1x.c:2980:16:stk3x1x_show_ccidebug	48	static
stk3x1x.c:3014:16:stk3x1x_show_nvdata	96	static
stk3x1x.c:2500:16:stk3x1x_show_hwid	32	static
stk3x1x.c:4616:12:stk3x1x_local_init	32	static
stk3x1x.c:2013:29:stk_ps_tune0_timer_func	48	static
stk3x1x.c:4597:19:stk3x1x_init	32	static
stk3x1x.c:3850:12:stk3x1x_open	16	static
stk3x1x.c:3371:16:stk3x1x_show_projectID	32	static
stk3x1x.c:2758:16:stk3x1x_show_alsval	64	static
stk3x1x.c:2721:16:stk3x1x_show_alslv	64	static
stk3x1x.c:2510:16:stk3x1x_show_tptype	32	static
stk3x1x.c:2565:16:stk3x1x_show_recv	16	static
stk3x1x.c:2333:16:stk3x1x_show_config	32	static
stk3x1x.c:2387:16:stk3x1x_show_trace	16	static
stk3x1x.c:2694:12:read_int_from_buf.isra.12	80	static
stk3x1x.c:2776:16:stk3x1x_store_alsval	48	static
stk3x1x.c:2739:16:stk3x1x_store_alslv	48	static
stk3x1x.c:2990:16:stk3x1x_store_ccidebug	64	static
stk3x1x.c:2400:16:stk3x1x_store_trace	64	static
stk3x1x.c:4574:12:stk3x1x_i2c_remove	64	static
stk3x1x.c:483:17:stk_alscode2lux	32	static
stk3x1x.c:505:5:stk3x1x_get_addr	0	static
stk3x1x.c:540:5:stk3x1x_hwmsen_read_block	112	static
stk3x1x.c:594:5:stk3x1x_master_recv	112	static
stk3x1x.c:666:5:stk3x1x_read_als	64	static
stk3x1x.c:733:17:stk3x1x_get_als_reading_AVG	64	static
stk3x1x.c:3239:16:stk3x1x_show_test_Light	64	static
stk3x1x.c:4266:12:als_get_data	48	static
stk3x1x.c:2439:16:stk3x1x_show_als	32	static
stk3x1x.c:912:5:stk3x1x_read_ps	48	static
stk3x1x.c:2458:16:stk3x1x_show_ps	32	static
stk3x1x.c:3026:17:stk3x1x_get_ps_reading_AVG.constprop	64	static
stk3x1x.c:3087:16:stk3x1x_show_GC_30mm.part.20	48	static
stk3x1x.c:3087:16:stk3x1x_show_GC_30mm	16	static
stk3x1x.c:3112:16:stk3x1x_show_GC_50mm	48	static
stk3x1x.c:3198:16:stk3x1x_show_test_GC	48	static
stk3x1x.c:2944:16:stk3x1x_show_cali	64	static
stk3x1x.c:2596:16:stk3x1x_show_allreg	256	static
stk3x1x.c:2575:16:stk3x1x_store_recv	64	static
stk3x1x.c:1612:12:stk3x1x_check_intr	64	static
stk3x1x.c:623:5:stk3x1x_master_send	112	static
stk3x1x.c:2542:16:stk3x1x_store_send	64	static
stk3x1x.c:1655:12:stk3x1x_clear_intr	48	static
stk3x1x.c:651:5:stk3x1x_write_led	32	static
stk3x1x.c:759:5:stk3x1x_cci_als_cali	64	static
stk3x1x.c:3260:16:als_CCI_cali_Light_show	80	static
stk3x1x.c:795:5:stk3x1x_write_als	32	static
stk3x1x.c:812:5:stk3x1x_read_wait	48	static
stk3x1x.c:844:5:stk3x1x_read_flag	48	static
stk3x1x.c:873:5:stk3x1x_read_id	48	static
stk3x1x.c:3280:16:ps_Pin_sensor_show	48	static
stk3x1x.c:942:5:stk3x1x_write_ps	32	static
stk3x1x.c:957:5:stk3x1x_write_wait	32	static
stk3x1x.c:972:5:stk3x1x_write_int	32	static
stk3x1x.c:986:5:stk3x1x_write_state	32	static
stk3x1x.c:1000:5:stk3x1x_write_flag	32	static
stk3x1x.c:1014:5:stk3x1x_write_sw_reset	64	static
stk3x1x.c:2225:12:stk3x1x_init_client	80	static
stk3x1x.c:4343:12:stk3x1x_i2c_probe	240	static
stk3x1x.c:1053:5:stk3x1x_write_ps_high_thd	48	static
stk3x1x.c:1078:5:stk3x1x_write_ps_low_thd	48	static
stk3x1x.c:1343:12:stk3x1x_enable_ps	144	static
stk3x1x.c:3331:16:stk3x1x_store_psenable	48	static
stk3x1x.c:2421:16:stk3x1x_show_ir	96	static
stk3x1x.c:4315:12:ps_enable_nodata	32	static
stk3x1x.c:3118:16:stk3x1x_show_GC_ct	64	static
stk3x1x.c:3051:16:stk3x1x_show_GC_20mm	48	static
stk3x1x.c:3106:16:stk3x1x_show_GC_40mm	32	static
stk3x1x.c:2797:16:stk3x1x_store_cali	192	static
stk3x1x.c:2477:16:stk3x1x_show_reg	48	static
stk3x1x.c:2348:16:stk3x1x_store_config	80	static
stk3x1x.c:2002:13:stk_ps_tune0_work_func	96	static
stk3x1x.c:1103:5:stk3x1x_write_als_high_thd	48	static
stk3x1x.c:1128:5:stk3x1x_write_als_low_thd	48	static
stk3x1x.c:1265:12:stk3x1x_enable_als	112	static
stk3x1x.c:375:12:stk3x1x_resume	32	static
stk3x1x.c:351:12:stk3x1x_suspend	48	static
stk3x1x.c:3872:13:stk3x1x_unlocked_ioctl	128	static
stk3x1x.c:3293:16:stk3x1x_store_alsenable	48	static
stk3x1x.c:4243:12:als_enable_nodata	32	static
stk3x1x.c:2041:13:stk3x1x_eint_work	64	static
stk3x1x.c:2024:6:stk3x1x_eint_func	32	static
