accel.c:632:16:acc_store_flush	0	static
accel.c:196:22:acc_poll	16	static
accel.c:651:12:hh_suspend_acc	16	static
accel.c:209:13:acc_set_resume_param	16	static
accel.c:259:12:acc_real_enable	32	static
accel.c:749:5:acc_driver_add	48	static
accel.c:64:13:startTimer	48	static
accel.c:428:16:acc_show_active	48	static
accel.c:627:16:acc_show_batch	16	static
accel.c:638:16:acc_show_flush	16	static
accel.c:544:16:acc_show_resume_tm	32	static
accel.c:571:16:acc_show_flag_tm	32	static
accel.c:600:16:acc_show_add_skip	32	static
accel.c:439:16:acc_store_delay	80	static
accel.c:481:16:acc_show_sensordevnum	80	static
accel.c:996:19:acc_init	112	static
accel.c:643:12:gsensor_remove	16	static
accel.c:696:12:gsensor_probe	16	static
accel.c:362:16:acc_show_enable_nodata	16	static
accel.c:473:16:acc_show_delay	16	static
accel.c:663:12:hh_resume_acc	64	static
accel.c:552:16:acc_store_resume_tm	48	static
accel.c:579:16:acc_store_flag_tm	48	static
accel.c:608:16:acc_store_add_skip	48	static
accel.c:501:16:acc_store_batch	64	static
accel.c:398:16:acc_store_active	64	static
accel.c:342:5:acc_enable_nodata	16	static
accel.c:370:16:acc_store_enable_nodata	64	static
accel.c:862:5:acc_register_data_path	32	static
accel.c:878:5:acc_register_control_path	32	static
accel.c:912:5:acc_data_report	64	static
accel.c:96:13:acc_work_func	80	static
accel.c:1008:20:acc_exit	48	static
