ccci_util_lib_fo.c:481:13:ccci_dump_opt_tbl	64	static
ccci_util_lib_fo.c:564:12:parse_meta_boot_arguments	64	static
ccci_util_lib_fo.c:1578:5:ccci_reserve_mem_of_init	64	static
ccci_util_lib_fo.c:811:13:lk_info_parsing_v1	64	static
ccci_util_lib_fo.c:295:12:find_ccci_tag_inf	256	static
ccci_util_lib_fo.c:694:13:md_mem_info_parsing	224	static
ccci_util_lib_fo.c:938:19:early_init_dt_get_chosen	48	static
ccci_util_lib_fo.c:159:21:get_capability_bit	32	static
ccci_util_lib_fo.c:1404:5:get_md_img_type.part.6	32	static
ccci_util_lib_fo.c:437:5:ccci_get_opt_val	48	static
ccci_util_lib_fo.c:946:12:collect_lk_boot_arguments	160	static
ccci_util_lib_fo.c:1003:5:get_lk_load_md_info	80	static
ccci_util_lib_fo.c:1047:5:get_md_img_raw_size	0	static
ccci_util_lib_fo.c:1060:5:get_raw_check_hdr	32	static
ccci_util_lib_fo.c:1089:5:modem_run_env_ready	0	static
ccci_util_lib_fo.c:1094:5:get_md_resv_mem_info	0	static
ccci_util_lib_fo.c:1115:5:get_md1_md3_resv_smem_info	0	static
ccci_util_lib_fo.c:1129:14:get_md_smem_align	0	static
ccci_util_lib_fo.c:1134:14:get_modem_is_enabled	0	static
ccci_util_lib_fo.c:1139:5:get_modem_support_cap	32	static
ccci_util_lib_fo.c:1156:6:clear_meta_1st_boot_arg	0	static
ccci_util_lib_fo.c:1162:5:set_modem_support_cap	48	static
ccci_util_lib_fo.c:1177:5:get_md_type_from_lk	0	static
ccci_util_lib_fo.c:1184:12:get_mpu_region_cfg_info	0	static
ccci_util_lib_fo.c:1201:5:ccci_parse_meta_md_setting	32	static
ccci_util_lib_fo.c:1376:14:get_wm_bitmap_for_ubin	48	static
ccci_util_lib_fo.c:1399:5:get_ubin_img_type	0	static
ccci_util_lib_fo.c:1404:5:get_md_img_type	16	static
ccci_util_lib_fo.c:1447:5:get_legacy_md_type	48	static
ccci_util_lib_fo.c:1471:6:ccci_set_rat_str_to_drv	64	static
ccci_util_lib_fo.c:1484:5:ccci_get_rat_str_from_drv	80	static
ccci_util_lib_fo.c:1567:6:ccci_md_mem_reserve	32	static
ccci_util_lib_fo.c:1619:5:ccci_util_fo_init	240	static
