kd_sensorlist.c:3581:5:mmsys_clk_change_cb	0	static
kd_sensorlist.c:3837:12:CAMERA_HW_Open2	0	static
kd_sensorlist.c:3857:12:CAMERA_HW_Release2	0	static
kd_sensorlist.c:4054:12:CAMERA_HW_suspend	0	static
kd_sensorlist.c:4063:12:CAMERA_HW_resume	0	static
kd_sensorlist.c:4085:12:CAMERA_HW_suspend2	0	static
kd_sensorlist.c:4094:12:CAMERA_HW_resume2	0	static
kd_sensorlist.c:4273:17:CAMERA_HW_DumpReg_To_Proc	0	static
kd_sensorlist.c:4277:17:CAMERA_HW_DumpReg_To_Proc2	0	static
kd_sensorlist.c:4282:17:CAMERA_HW_DumpReg_To_Proc3	0	static
kd_sensorlist.c:1219:5:kdSetSensorSyncFlag	48	static
kd_sensorlist.c:818:1:kd_MultiSensorGetInfo	64	static
kd_sensorlist.c:880:1:kd_MultiSensorFeatureControl	80	static
kd_sensorlist.c:939:1:kd_MultiSensorControl	96	static
kd_sensorlist.c:1015:1:kd_MultiSensorClose	64	static
kd_sensorlist.c:746:1:kd_MultiSensorOpen	80	static
kd_sensorlist.c:850:1:kd_MultiSensorGetResolution	48	static
kd_sensorlist.c:1249:5:kdSensorSyncFunctionPtr	64	static
kd_sensorlist.c:3793:12:CAMERA_HW_i2c_remove	32	static
kd_sensorlist.c:3993:12:CAMERA_HW_i2c_remove2	32	static
kd_sensorlist.c:3961:12:CAMERA_HW_i2c_probe2	48	static
kd_sensorlist.c:3645:12:CAMERA_HW_Release	32	static
kd_sensorlist.c:3606:12:CAMERA_HW_Open	32	static
kd_sensorlist.c:3302:13:CAMERA_HW_Ioctl_Compat	96	static
kd_sensorlist.c:4604:20:CAMERA_HW_i2C_exit	32	static
kd_sensorlist.c:4079:12:CAMERA_HW_remove2	16	static
kd_sensorlist.c:4045:12:CAMERA_HW_remove	16	static
kd_sensorlist.c:4071:12:CAMERA_HW_probe2	16	static
kd_sensorlist.c:4028:12:CAMERA_HW_probe	48	static
kd_sensorlist.c:4456:12:proc_camera_id_open	16	static
kd_sensorlist.c:4437:12:proc_camera_info_open	16	static
kd_sensorlist.c:4449:12:subsys_camera_id_read	48	static
kd_sensorlist.c:4430:12:subsys_camera_info_read	48	static
kd_sensorlist.c:4350:17:CAMERA_HW_Reg_Debug3	128	static
kd_sensorlist.c:4321:17:CAMERA_HW_Reg_Debug2	112	static
kd_sensorlist.c:4291:17:CAMERA_HW_Reg_Debug	112	static
kd_sensorlist.c:4470:19:CAMERA_HW_i2C_init	48	static
kd_sensorlist.c:1293:5:kdGetRawGainInfoPtr	32	static
kd_sensorlist.c:162:13:KD_IMGSENSOR_PROFILE_INIT	16	static
kd_sensorlist.c:170:13:KD_IMGSENSOR_PROFILE	48	static
kd_sensorlist.c:265:8:kdGetSensorInitFuncList	16	static
kd_sensorlist.c:280:5:iMultiReadReg	80	static
kd_sensorlist.c:329:5:iReadReg	80	static
kd_sensorlist.c:391:5:iReadRegI2C	80	static
kd_sensorlist.c:450:5:iWriteReg	96	static
kd_sensorlist.c:513:5:kdSetI2CBusNum	48	static
kd_sensorlist.c:527:6:kdSetI2CSpeed	48	static
kd_sensorlist.c:545:5:kdReleaseI2CTriggerLock	0	static
kd_sensorlist.c:561:5:iBurstWriteReg_multi	112	static
kd_sensorlist.c:655:5:iBurstWriteReg	16	static
kd_sensorlist.c:664:5:iMultiWriteReg	32	static
kd_sensorlist.c:689:5:iWriteRegI2C	64	static
kd_sensorlist.c:735:1:kdSetI2CSlaveID	64	static
kd_sensorlist.c:1084:1:kdModulePowerOn	64	static
kd_sensorlist.c:1109:5:kdSetDriver	96	static
kd_sensorlist.c:1189:5:kdSetCurrentSensorIdx	0	static
kd_sensorlist.c:1198:1:kdGetSocketPostion	0	static
kd_sensorlist.c:1235:5:kdCheckSensorPowerOn	0	static
kd_sensorlist.c:1318:5:kdSetExpGain	80	static
kd_sensorlist.c:3451:13:CAMERA_HW_Ioctl	384	static
kd_sensorlist.c:1351:5:kdSensorSetExpGainWaitDone	112	static
kd_sensorlist.c:2951:6:Get_Cam_Regulator	48	static
kd_sensorlist.c:3758:12:CAMERA_HW_i2c_probe	48	static
kd_sensorlist.c:3010:6:_hwPowerOn	48	static
kd_sensorlist.c:3071:6:_hwPowerDown	32	static
