cci_hw_id.c:62:5:get_cci_hw_id	0	static
cci_hw_id.c:68:7:get_cci_phase_name	0	static
cci_hw_id.c:74:5:board_type_with_hw_id	0	static
cci_hw_id.c:81:5:project_id_with_hw_id	0	static
cci_hw_id.c:555:20:cci_hw_id_exit	16	static
cci_hw_id.c:497:19:get_s1_bl_unlocked_from_cmdline	32	static
cci_hw_id.c:520:12:s1_bl_unlocked_proc_open	16	static
cci_hw_id.c:461:12:cci_lcmid_info_open_proc	16	static
cci_hw_id.c:455:12:cci_ftm_pin_open_proc	16	static
cci_hw_id.c:449:12:cci_hwid_info_open_proc	16	static
cci_hw_id.c:444:12:board_type_open_proc	16	static
cci_hw_id.c:514:12:s1_bl_unlocked_proc_show	16	static
cci_hw_id.c:396:12:cci_hwid_info_proc_show	16	static
cci_hw_id.c:381:12:board_type_proc_show	32	static
cci_hw_id.c:87:7:get_cci_hw_id_name	32	static
cci_hw_id.c:105:13:get_cci_project_id_name	32	static
cci_hw_id.c:123:13:get_cci_rf_id_name	32	static
cci_hw_id.c:151:6:cci_det_hw_id	64	static
cci_hw_id.c:533:19:cci_hw_id_init	32	static
cci_hw_id.c:315:5:get_ftm_pin	32	static
cci_hw_id.c:409:12:cci_ftm_pin_proc_show	32	static
cci_hw_id.c:346:5:get_tp_id	32	static
cci_hw_id.c:363:5:get_lcm_id	32	static
cci_hw_id.c:420:12:cci_lcmid_info_proc_show	48	static
