mt_soc_pcm_routing.c:565:12:Audio_Ipoh_Setting_Get	0	static
mt_soc_pcm_routing.c:1016:12:Afe_Anc_Get	0	static
mt_soc_pcm_routing.c:1081:12:mtk_routing_pcm_close	0	static
mt_soc_pcm_routing.c:1086:12:mtk_routing_pcm_trigger	0	static
mt_soc_pcm_routing.c:1098:12:mtk_routing_pcm_copy	0	static
mt_soc_pcm_routing.c:1106:12:mtk_routing_pcm_silence	0	static
mt_soc_pcm_routing.c:1123:12:mtk_routing_pcm_prepare	0	static
mt_soc_pcm_routing.c:1128:12:mtk_routing_pcm_hw_params	0	static
mt_soc_pcm_routing.c:1177:12:mtk_asoc_routing_pcm_new	0	static
mt_soc_pcm_routing.c:1116:21:mtk_routing_pcm_page	16	static
mt_soc_pcm_routing.c:541:12:AudioI2S1_Setting_Get	32	static
mt_soc_pcm_routing.c:572:12:Audio_Ipoh_Setting_Set	16	static
mt_soc_pcm_routing.c:518:12:AudioDebug_Setting_Get	16	static
mt_soc_pcm_routing.c:591:12:Audio_Mode_Set	32	static
mt_soc_pcm_routing.c:583:12:Audio_Mode_Get	32	static
mt_soc_pcm_routing.c:389:12:Audio_SideTone_Get	32	static
mt_soc_pcm_routing.c:373:12:Audio_SideGen_Amplitude_Set	32	static
mt_soc_pcm_routing.c:366:12:Audio_SideGen_Amplitude_Get	16	static
mt_soc_pcm_routing.c:307:12:Audio_SideGen_SampleRate_Get	32	static
mt_soc_pcm_routing.c:156:12:Audio_SideGen_Get	32	static
mt_soc_pcm_routing.c:1023:12:Afe_Anc_Set	32	static
mt_soc_pcm_routing.c:1324:19:mtk_soc_routing_platform_init	16	static
mt_soc_pcm_routing.c:1197:12:mtk_afe_routing_remove	16	static
mt_soc_pcm_routing.c:1162:12:mtk_afe_routing_probe	32	static
mt_soc_pcm_routing.c:1137:12:mtk_routing_pcm_hw_free	16	static
mt_soc_pcm_routing.c:1050:12:mtk_routing_pcm_open	48	static
mt_soc_pcm_routing.c:1185:12:mtk_afe_routing_platform_probe	32	static
mt_soc_pcm_routing.c:630:12:Audio_DL2_DataTransfer	16	static
mt_soc_pcm_routing.c:525:12:AudioI2S1_Setting_Set	32	static
mt_soc_pcm_routing.c:425:12:AudioDebug_Setting_Set	32	static
mt_soc_pcm_routing.c:952:12:Audio_Hpr_Offset_Set	16	static
mt_soc_pcm_routing.c:920:12:Audio_Hpl_Offset_Set	16	static
mt_soc_pcm_routing.c:887:12:Audio_HpSpkr_Offset_Set	32	static
mt_soc_pcm_routing.c:853:12:Audio_HpSpkl_Offset_Set	32	static
mt_soc_pcm_routing.c:397:12:Audio_SideTone_Set	32	static
mt_soc_pcm_routing.c:315:12:Audio_SideGen_SampleRate_Set	32	static
mt_soc_pcm_routing.c:164:12:Audio_SideGen_Set	32	static
mt_soc_pcm_routing.c:1348:20:mtk_soc_routing_platform_exit	16	static
mt_soc_pcm_routing.c:606:12:GetAudioTrimOffsetAverage.constprop	0	static
mt_soc_pcm_routing.c:649:13:GetAudioTrimOffset	128	static
mt_soc_pcm_routing.c:932:12:Audio_Hpr_Offset_Get	48	static
mt_soc_pcm_routing.c:900:12:Audio_Hpl_Offset_Get	48	static
mt_soc_pcm_routing.c:866:12:Audio_HpSpkr_Offset_Get	48	static
mt_soc_pcm_routing.c:832:12:Audio_HpSpkl_Offset_Get	48	static
mt_soc_pcm_routing.c:1267:12:mtk_routing_pm_ops_resume	32	static
mt_soc_pcm_routing.c:1240:12:mtk_routing_pm_ops_suspend	32	static
mt_soc_pcm_routing.c:1282:12:mtk_pm_ops_resume_ipo	32	static
mt_soc_pcm_routing.c:1260:12:mtk_pm_ops_suspend_ipo	48	static
mt_soc_pcm_routing.c:151:5:Get_Audio_Mode	0	static
mt_soc_pcm_routing.c:1008:6:EnAble_Anc_Path	16	static
