mt_soc_codec_63xx.c:510:6:Auddrv_Read_Efuse_HPOffset	0	static
mt_soc_codec_63xx.c:1191:12:mt63xx_codec_prepare	0	static
mt_soc_codec_63xx.c:1206:12:mt6323_codec_trigger	0	static
mt_soc_codec_63xx.c:1750:12:Audio_AmpL_Get	0	static
mt_soc_codec_63xx.c:1780:12:Audio_AmpR_Get	0	static
mt_soc_codec_63xx.c:1903:12:Voice_Amp_Get	0	static
mt_soc_codec_63xx.c:2616:12:Lineout_PGAL_Get	0	static
mt_soc_codec_63xx.c:2644:12:Lineout_PGAR_Get	0	static
mt_soc_codec_63xx.c:2672:12:Handset_PGA_Get	0	static
mt_soc_codec_63xx.c:2704:12:Headset_PGAL_Get	0	static
mt_soc_codec_63xx.c:2737:12:Headset_PGAR_Get	0	static
mt_soc_codec_63xx.c:2780:12:Audio_Hp_Impedance_Set	0	static
mt_soc_codec_63xx.c:3691:12:Audio_ADC3_Get	0	static
mt_soc_codec_63xx.c:3697:12:Audio_ADC3_Set	0	static
mt_soc_codec_63xx.c:3703:12:Audio_ADC4_Get	0	static
mt_soc_codec_63xx.c:3709:12:Audio_ADC4_Set	0	static
mt_soc_codec_63xx.c:3715:12:Audio_ADC1_Sel_Get	0	static
mt_soc_codec_63xx.c:3774:12:Audio_ADC3_Sel_Get	0	static
mt_soc_codec_63xx.c:3780:12:Audio_ADC3_Sel_Set	0	static
mt_soc_codec_63xx.c:3786:12:Audio_ADC4_Sel_Get	0	static
mt_soc_codec_63xx.c:3792:12:Audio_ADC4_Sel_Set	0	static
mt_soc_codec_63xx.c:3936:12:Audio_PGA3_Get	0	static
mt_soc_codec_63xx.c:3942:12:Audio_PGA3_Set	0	static
mt_soc_codec_63xx.c:3948:12:Audio_PGA4_Get	0	static
mt_soc_codec_63xx.c:3954:12:Audio_PGA4_Set	0	static
mt_soc_codec_63xx.c:3985:12:Audio_MicSource2_Get	0	static
mt_soc_codec_63xx.c:3991:12:Audio_MicSource2_Set	0	static
mt_soc_codec_63xx.c:3997:12:Audio_MicSource3_Get	0	static
mt_soc_codec_63xx.c:4003:12:Audio_MicSource3_Set	0	static
mt_soc_codec_63xx.c:4010:12:Audio_MicSource4_Get	0	static
mt_soc_codec_63xx.c:4016:12:Audio_MicSource4_Set	0	static
mt_soc_codec_63xx.c:4132:12:Audio_Vow_ADC_Func_Switch_Get	0	static
mt_soc_codec_63xx.c:4160:12:Audio_Vow_Digital_Func_Switch_Get	0	static
mt_soc_codec_63xx.c:4190:12:Audio_Vow_MIC_Type_Select_Get	0	static
mt_soc_codec_63xx.c:4209:12:Audio_Vow_Cfg0_Get	0	static
mt_soc_codec_63xx.c:4218:12:Audio_Vow_Cfg0_Set	0	static
mt_soc_codec_63xx.c:4225:12:Audio_Vow_Cfg1_Get	0	static
mt_soc_codec_63xx.c:4234:12:Audio_Vow_Cfg1_Set	0	static
mt_soc_codec_63xx.c:4241:12:Audio_Vow_Cfg2_Get	0	static
mt_soc_codec_63xx.c:4250:12:Audio_Vow_Cfg2_Set	0	static
mt_soc_codec_63xx.c:4257:12:Audio_Vow_Cfg3_Get	0	static
mt_soc_codec_63xx.c:4266:12:Audio_Vow_Cfg3_Set	0	static
mt_soc_codec_63xx.c:4273:12:Audio_Vow_Cfg4_Get	0	static
mt_soc_codec_63xx.c:4282:12:Audio_Vow_Cfg4_Set	0	static
mt_soc_codec_63xx.c:4289:12:Audio_Vow_Cfg5_Get	0	static
mt_soc_codec_63xx.c:4298:12:Audio_Vow_Cfg5_Set	0	static
mt_soc_codec_63xx.c:4305:12:Audio_Vow_State_Get	0	static
mt_soc_codec_63xx.c:4313:12:Audio_Vow_State_Set	0	static
mt_soc_codec_63xx.c:4766:12:mt6331_codec_remove	0	static
mt_soc_codec_63xx.c:4197:12:Audio_Vow_MIC_Type_Select_Set	16	static
mt_soc_codec_63xx.c:4168:12:Audio_Vow_Digital_Func_Switch_Set	16	static
mt_soc_codec_63xx.c:4139:12:Audio_Vow_ADC_Func_Switch_Set	16	static
mt_soc_codec_63xx.c:4118:12:Audio_Adc_Power_Mode_Set	16	static
mt_soc_codec_63xx.c:4097:12:Audio_Mic4_Mode_Select_Set	16	static
mt_soc_codec_63xx.c:4076:12:Audio_Mic3_Mode_Select_Set	16	static
mt_soc_codec_63xx.c:4053:12:Audio_Mic2_Mode_Select_Set	16	static
mt_soc_codec_63xx.c:4031:12:Audio_Mic1_Mode_Select_Set	16	static
mt_soc_codec_63xx.c:3968:12:Audio_MicSource1_Set	16	static
mt_soc_codec_63xx.c:2807:12:Analog_Switch_Get	32	static
mt_soc_codec_63xx.c:2577:12:Audio_AuxAdcData_Set	16	static
mt_soc_codec_63xx.c:4339:12:Pmic_Loopback_Get	32	static
mt_soc_codec_63xx.c:4415:12:SineTable_UL2_Get	32	static
mt_soc_codec_63xx.c:4485:12:Voice_Call_DAC_DAC_HS_Get	32	static
mt_soc_codec_63xx.c:4470:12:ADC_LOOP_DAC_HP_Set	32	static
mt_soc_codec_63xx.c:4463:12:ADC_LOOP_DAC_HP_Get	32	static
mt_soc_codec_63xx.c:4449:12:ADC_LOOP_DAC_HS_Set	32	static
mt_soc_codec_63xx.c:4442:12:ADC_LOOP_DAC_HS_Get	32	static
mt_soc_codec_63xx.c:4422:12:SineTable_DAC_HP_Get	32	static
mt_soc_codec_63xx.c:3860:12:Audio_PreAmp2_Get	32	static
mt_soc_codec_63xx.c:4110:12:Audio_Adc_Power_Mode_Get	32	static
mt_soc_codec_63xx.c:4089:12:Audio_Mic4_Mode_Select_Get	32	static
mt_soc_codec_63xx.c:4068:12:Audio_Mic3_Mode_Select_Get	32	static
mt_soc_codec_63xx.c:4045:12:Audio_Mic2_Mode_Select_Get	32	static
mt_soc_codec_63xx.c:4023:12:Audio_Mic1_Mode_Select_Get	32	static
mt_soc_codec_63xx.c:3960:12:Audio_MicSource1_Get	32	static
mt_soc_codec_63xx.c:3911:12:Audio_PGA2_Get	32	static
mt_soc_codec_63xx.c:3885:12:Audio_PGA1_Get	32	static
mt_soc_codec_63xx.c:3745:12:Audio_ADC2_Sel_Get	32	static
mt_soc_codec_63xx.c:3817:12:Audio_PreAmp1_Get	32	static
mt_soc_codec_63xx.c:3645:12:Audio_ADC2_Get	32	static
mt_soc_codec_63xx.c:3599:12:Audio_ADC1_Get	32	static
mt_soc_codec_63xx.c:2771:12:Audio_Hp_Impedance_Get	32	static
mt_soc_codec_63xx.c:2219:12:Receiver_Speaker_Switch_Get	32	static
mt_soc_codec_63xx.c:2150:12:Ext_Speaker_Amp_Get	32	static
mt_soc_codec_63xx.c:2788:12:Aud_Clk_Buf_Get	32	static
mt_soc_codec_63xx.c:2391:12:Headset_Speaker_Amp_Get	32	static
mt_soc_codec_63xx.c:2006:12:Speaker_Amp_Get	32	static
mt_soc_codec_63xx.c:4779:12:mt6331_write	16	static
mt_soc_codec_63xx.c:3869:12:Audio_PreAmp2_Set	32	static
mt_soc_codec_63xx.c:3920:12:Audio_PGA2_Set	32	static
mt_soc_codec_63xx.c:3894:12:Audio_PGA1_Set	32	static
mt_soc_codec_63xx.c:3752:12:Audio_ADC2_Sel_Set	32	static
mt_soc_codec_63xx.c:3722:12:Audio_ADC1_Sel_Set	32	static
mt_soc_codec_63xx.c:3826:12:Audio_PreAmp1_Set	32	static
mt_soc_codec_63xx.c:1097:13:SetDCcoupleNP	16	static
mt_soc_codec_63xx.c:2747:12:Headset_PGAR_Set	32	static
mt_soc_codec_63xx.c:2713:12:Headset_PGAL_Set	32	static
mt_soc_codec_63xx.c:1586:13:HeadsetVoloumeSet	48	static
mt_soc_codec_63xx.c:1554:13:HeadsetVoloumeRestore	48	static
mt_soc_codec_63xx.c:603:13:Apply_Speaker_Gain	48	static
mt_soc_codec_63xx.c:377:13:NvregEnable	48	static
mt_soc_codec_63xx.c:319:13:ClsqEnable	48	static
mt_soc_codec_63xx.c:348:13:Topck_Enable	48	static
mt_soc_codec_63xx.c:4856:19:mtk_mt6331_codec_init	16	static
mt_soc_codec_63xx.c:4824:12:mtk_mt6331_codec_dev_remove	32	static
mt_soc_codec_63xx.c:4806:12:mtk_mt6331_codec_dev_probe	32	static
mt_soc_codec_63xx.c:4772:21:mt6331_read	16	static
mt_soc_codec_63xx.c:4881:20:mtk_mt6331_codec_exit	16	static
mt_soc_codec_63xx.c:1174:12:mt63xx_codec_startup	0	static
mt_soc_codec_63xx.c:2563:12:Audio_AuxAdcData_Get	16	static
mt_soc_codec_63xx.c:4493:12:Voice_Call_DAC_DAC_HS_Set	16	static
mt_soc_codec_63xx.c:4429:12:SineTable_DAC_HP_Set	16	static
mt_soc_codec_63xx.c:1810:12:PMIC_REG_CLEAR_Set	16	static
mt_soc_codec_63xx.c:1827:12:PMIC_REG_CLEAR_Get	16	static
mt_soc_codec_63xx.c:4323:12:SineTable_UL2_Set	16	static
mt_soc_codec_63xx.c:2623:12:Lineout_PGAL_Set	32	static
mt_soc_codec_63xx.c:2651:12:Lineout_PGAR_Set	32	static
mt_soc_codec_63xx.c:2681:12:Handset_PGA_Set	32	static
mt_soc_codec_63xx.c:403:13:HP_Ana_Switch_to_On	32	static
mt_soc_codec_63xx.c:432:13:HP_Ana_Switch_to_Release	32	static
mt_soc_codec_63xx.c:2158:12:Ext_Speaker_Amp_Set	32	static
mt_soc_codec_63xx.c:2229:12:Receiver_Speaker_Switch_Set	32	static
mt_soc_codec_63xx.c:2814:12:Analog_Switch_Set	32	static
mt_soc_codec_63xx.c:2795:12:Aud_Clk_Buf_Set	48	static
mt_soc_codec_63xx.c:1529:13:TurnOffDacPower	48	static
mt_soc_codec_63xx.c:278:6:audckbufEnable	48	static
mt_soc_codec_63xx.c:4346:12:Pmic_Loopback_Set	32	static
mt_soc_codec_63xx.c:4692:12:mt6331_codec_probe	64	static
mt_soc_codec_63xx.c:3180:13:TurnOnADcPowerDmic	48	static
mt_soc_codec_63xx.c:493:6:vow_irq_handler	0	static
mt_soc_codec_63xx.c:640:6:setOffsetTrimMux	16	static
mt_soc_codec_63xx.c:646:6:setOffsetTrimBufferGain	16	static
mt_soc_codec_63xx.c:657:6:SetHplSpkTrimOffset	32	static
mt_soc_codec_63xx.c:667:6:SetHprSpkTrimOffset	32	static
mt_soc_codec_63xx.c:677:6:SetHplTrimOffset	32	static
mt_soc_codec_63xx.c:687:6:SetHprTrimOffset	32	static
mt_soc_codec_63xx.c:697:6:EnableTrimbuffer	16	static
mt_soc_codec_63xx.c:968:6:setLineOutGainZero	16	static
mt_soc_codec_63xx.c:975:6:setHpGainZero	16	static
mt_soc_codec_63xx.c:981:6:SetSdmLevel	16	static
mt_soc_codec_63xx.c:1135:8:GetULFrequency	0	static
mt_soc_codec_63xx.c:1156:8:ULSampleRateTransform	0	static
mt_soc_codec_63xx.c:1440:8:GetDLNewIFFrequency	32	static
mt_soc_codec_63xx.c:1478:13:TurnOnDacPower	32	static
mt_soc_codec_63xx.c:1617:13:Audio_Amp_Change.isra.27	32	static
mt_soc_codec_63xx.c:853:6:OpenAnalogHeadphone	32	static
mt_soc_codec_63xx.c:1759:12:Audio_AmpL_Set	48	static
mt_soc_codec_63xx.c:1789:12:Audio_AmpR_Set	48	static
mt_soc_codec_63xx.c:1844:13:Voice_Amp_Change	16	static
mt_soc_codec_63xx.c:1912:12:Voice_Amp_Set	48	static
mt_soc_codec_63xx.c:1933:13:Speaker_Amp_Change	16	static
mt_soc_codec_63xx.c:217:6:SetAnalogSuspend	48	static
mt_soc_codec_63xx.c:2014:12:Speaker_Amp_Set	48	static
mt_soc_codec_63xx.c:708:6:OpenTrimBufferHardware	16	static
mt_soc_codec_63xx.c:782:6:OpenAnalogTrimHardware	16	static
mt_soc_codec_63xx.c:2250:13:Headset_Speaker_Amp_Change	32	static
mt_soc_codec_63xx.c:872:6:OpenAnalogHeadphoneSpeaker	64	static
mt_soc_codec_63xx.c:2400:12:Headset_Speaker_Amp_Set	48	static
mt_soc_codec_63xx.c:890:6:OpenHeadPhoneImpedanceSetting	16	static
mt_soc_codec_63xx.c:2895:6:SetMicPGAGain	32	static
mt_soc_codec_63xx.c:2931:13:TurnOnADcPowerACC	48	static
mt_soc_codec_63xx.c:3269:13:TurnOnADcPowerDCC.isra.30	48	static
mt_soc_codec_63xx.c:3654:12:Audio_ADC2_Set	48	static
mt_soc_codec_63xx.c:3608:12:Audio_ADC1_Set	48	static
mt_soc_codec_63xx.c:4652:6:InitCodecDefault	0	static
