AudDrv_Clk.c:340:6:AudDrv_Clk_On	64	static
AudDrv_Clk.c:474:6:AudDrv_Clk_Off	48	static
AudDrv_Clk.c:1260:6:AudDrv_I2S_Clk_Off	48	static
AudDrv_Clk.c:558:6:AudDrv_ANA_Clk_On	32	static
AudDrv_Clk.c:570:6:AudDrv_ANA_Clk_Off	32	static
AudDrv_Clk.c:1218:6:AudDrv_I2S_Clk_On	48	static
AudDrv_Clk.c:162:6:AudDrv_Clk_probe	80	static
AudDrv_Clk.c:201:6:AudDrv_Clk_Deinit	32	static
AudDrv_Clk.c:220:6:AudDrv_Clk_AllOn	32	static
AudDrv_Clk.c:230:6:Auddrv_Bus_Init	32	static
AudDrv_Clk.c:254:6:AudDrv_Clk_Power_On	0	static
AudDrv_Clk.c:264:6:AudDrv_Clk_Power_Off	0	static
AudDrv_Clk.c:280:6:AudDrv_AUDINTBUS_Sel	48	static
AudDrv_Clk.c:604:6:AudDrv_ADC_Clk_On	64	static
AudDrv_Clk.c:647:6:AudDrv_ADC_Clk_Off	48	static
AudDrv_Clk.c:689:6:AudDrv_ADC2_Clk_On	32	static
AudDrv_Clk.c:702:6:AudDrv_ADC2_Clk_Off	32	static
AudDrv_Clk.c:729:6:AudDrv_ADC3_Clk_On	32	static
AudDrv_Clk.c:741:6:AudDrv_ADC3_Clk_Off	32	static
AudDrv_Clk.c:770:6:AudDrv_APLL22M_Clk_On	64	static
AudDrv_Clk.c:900:6:AudDrv_APLL22M_Clk_Off	64	static
AudDrv_Clk.c:995:6:AudDrv_APLL24M_Clk_On	64	static
AudDrv_Clk.c:1120:6:AudDrv_APLL24M_Clk_Off	80	static
AudDrv_Clk.c:1301:6:AudDrv_Core_Clk_On	48	static
AudDrv_Clk.c:1344:6:AudDrv_Core_Clk_Off	48	static
AudDrv_Clk.c:1369:6:AudDrv_APLL1Tuner_Clk_On	48	static
AudDrv_Clk.c:1407:6:AudDrv_APLL1Tuner_Clk_Off	48	static
AudDrv_Clk.c:1434:6:AudDrv_APLL2Tuner_Clk_On	48	static
AudDrv_Clk.c:1473:6:AudDrv_APLL2Tuner_Clk_Off	48	static
AudDrv_Clk.c:1509:6:AudDrv_HDMI_Clk_On	48	static
AudDrv_Clk.c:1519:6:AudDrv_HDMI_Clk_Off	48	static
AudDrv_Clk.c:1545:6:AudDrv_Suspend_Clk_Off	64	static
AudDrv_Clk.c:1709:6:AudDrv_Suspend_Clk_On	80	static
AudDrv_Clk.c:2001:6:AudDrv_Emi_Clk_On	48	static
AudDrv_Clk.c:2014:6:AudDrv_Emi_Clk_Off	48	static
