mt_soc_afe_control.c:3931:13:dump_irq_manager	64	static
mt_soc_afe_control.c:2043:13:SetIrqEnable	48	static
mt_soc_afe_control.c:4009:31:get_min_period_user	32	static
mt_soc_afe_control.c:2103:13:SetIrqMcuCounter	32	static
mt_soc_afe_control.c:4036:12:check_and_update_irq	48	static
mt_soc_afe_control.c:248:6:AfeControlMutexLock	16	static
mt_soc_afe_control.c:253:6:AfeControlMutexUnLock	16	static
mt_soc_afe_control.c:258:6:AfeControlSramLock	16	static
mt_soc_afe_control.c:263:6:AfeControlSramUnLock	16	static
mt_soc_afe_control.c:268:14:GetSramState	0	static
mt_soc_afe_control.c:273:6:SetSramState	0	static
mt_soc_afe_control.c:279:6:ClearSramState	0	static
mt_soc_afe_control.c:285:14:GetPLaybackSramFullSize	0	static
mt_soc_afe_control.c:296:14:GetPLaybackSramPartial	0	static
mt_soc_afe_control.c:304:14:GetPLaybackDramSize	0	static
mt_soc_afe_control.c:310:8:GetCaptureSramSize	0	static
mt_soc_afe_control.c:318:8:GetCaptureDramSize	0	static
mt_soc_afe_control.c:324:6:SetFMEnableFlag	0	static
mt_soc_afe_control.c:329:6:SetOffloadEnableFlag	0	static
mt_soc_afe_control.c:334:6:SetOffloadSWMode	0	static
mt_soc_afe_control.c:339:6:ConditionEnterSuspend	0	static
mt_soc_afe_control.c:349:6:get_internalmd_status	16	static
mt_soc_afe_control.c:436:6:SetExternalModemStatus	32	static
mt_soc_afe_control.c:507:6:ResetAfeControl	32	static
mt_soc_afe_control.c:538:6:Register_Aud_Irq	32	static
mt_soc_afe_control.c:644:8:GetApllbySampleRate	0	static
mt_soc_afe_control.c:653:6:SetckSel	32	static
mt_soc_afe_control.c:733:8:SetCLkMclk	48	static
mt_soc_afe_control.c:770:6:SetCLkBclk	0	static
mt_soc_afe_control.c:796:6:EnableI2SDivPower	16	static
mt_soc_afe_control.c:806:6:EnableApll1	32	static
mt_soc_afe_control.c:830:6:EnableApll2	32	static
mt_soc_afe_control.c:675:6:EnableALLbySampleRate	32	static
mt_soc_afe_control.c:703:6:DisableALLbySampleRate	32	static
mt_soc_afe_control.c:872:6:SetVOWStatus	48	static
mt_soc_afe_control.c:901:6:EnableAfe	64	static
mt_soc_afe_control.c:987:8:SampleRateTransform	0	static
mt_soc_afe_control.c:1025:6:SetSampleRate	32	static
mt_soc_afe_control.c:1081:6:SetChannels	16	static
mt_soc_afe_control.c:1130:6:Set2ndI2SOut	32	static
mt_soc_afe_control.c:1116:6:Set2ndI2SOutAttribute	32	static
mt_soc_afe_control.c:1147:6:Set2ndI2SOutEnable	16	static
mt_soc_afe_control.c:1158:6:SetDaiBt	0	static
mt_soc_afe_control.c:1171:6:SetDaiBtEnable	32	static
mt_soc_afe_control.c:1211:6:GetMrgI2SEnable	0	static
mt_soc_afe_control.c:1217:6:SetMrgI2SEnable	48	static
mt_soc_afe_control.c:1288:6:Set2ndI2SAdcIn	0	static
mt_soc_afe_control.c:1295:6:SetI2SAdcIn	32	static
mt_soc_afe_control.c:1339:6:EnableSideGenHw	16	static
mt_soc_afe_control.c:1476:6:SetSideGenSampleRate	32	static
mt_soc_afe_control.c:1491:6:Set2ndI2SAdcEnable	0	static
mt_soc_afe_control.c:1498:6:SetI2SAdcEnable	32	static
mt_soc_afe_control.c:1516:6:Set2ndI2SEnable	16	static
mt_soc_afe_control.c:1524:6:CleanPreDistortion	16	static
mt_soc_afe_control.c:1534:6:SetDLSrc2	16	static
mt_soc_afe_control.c:1579:6:SetI2SDacOut	48	static
mt_soc_afe_control.c:1597:6:SetHwDigitalGainMode	48	static
mt_soc_afe_control.c:1619:6:SetHwDigitalGainEnable	32	static
mt_soc_afe_control.c:1645:6:SetHwDigitalGain	32	static
mt_soc_afe_control.c:1665:6:SetModemPcmConfig	80	static
mt_soc_afe_control.c:1781:6:SetModemPcmEnable	32	static
mt_soc_afe_control.c:1826:6:EnableSideToneFilter	80	static
mt_soc_afe_control.c:1905:6:SetMemoryPathEnable	32	static
mt_soc_afe_control.c:1939:6:GetMemoryPathEnable	0	static
mt_soc_afe_control.c:1947:6:SetI2SDacEnable	16	static
mt_soc_afe_control.c:1962:6:SetI2SADDAEnable	16	static
mt_soc_afe_control.c:1982:6:GetI2SDacEnable	0	static
mt_soc_afe_control.c:1988:6:checkDllinkMEMIfStatus	0	static
mt_soc_afe_control.c:1999:6:checkUplinkMEMIfStatus	0	static
mt_soc_afe_control.c:2012:6:SetHDMIChannels	16	static
mt_soc_afe_control.c:2021:6:SetHDMIEnable	16	static
mt_soc_afe_control.c:2030:6:SetHDMIConnection	0	static
mt_soc_afe_control.c:2037:6:SetConnection	16	static
mt_soc_afe_control.c:2129:6:SetMemDuplicateWrite	16	static
mt_soc_afe_control.c:2163:6:Set2ndI2SIn	32	static
mt_soc_afe_control.c:2147:6:Set2ndI2SInConfig	64	static
mt_soc_afe_control.c:2189:6:Set2ndI2SInEnable	32	static
mt_soc_afe_control.c:2198:6:SetI2SASRCConfig	32	static
mt_soc_afe_control.c:2228:6:SetI2SASRCEnable	16	static
mt_soc_afe_control.c:2241:6:SetMemIfFetchFormatPerSample	16	static
mt_soc_afe_control.c:2318:6:SetoutputConnectionFormat	32	static
mt_soc_afe_control.c:2327:6:SetHDMIMCLK	64	static
mt_soc_afe_control.c:2351:6:SetHDMIBCLK	32	static
mt_soc_afe_control.c:2367:8:GetHDMIApLLSource	32	static
mt_soc_afe_control.c:2373:6:SetHDMIApLL	32	static
mt_soc_afe_control.c:2390:6:SetHDMIdatalength	32	static
mt_soc_afe_control.c:2399:6:SetHDMIsamplerate	32	static
mt_soc_afe_control.c:2446:6:SetTDMLrckWidth	16	static
mt_soc_afe_control.c:2453:6:SetTDMbckcycle	16	static
mt_soc_afe_control.c:2460:6:SetTDMChannelsSdata	16	static
mt_soc_afe_control.c:2467:6:SetTDMDatalength	16	static
mt_soc_afe_control.c:2474:6:SetTDMI2Smode	16	static
mt_soc_afe_control.c:2481:6:SetTDMLrckInverse	16	static
mt_soc_afe_control.c:2488:6:SetTDMBckInverse	16	static
mt_soc_afe_control.c:2495:6:SetTDMEnable	16	static
mt_soc_afe_control.c:2510:5:AudDrv_Allocate_DL1_Buffer	48	static
mt_soc_afe_control.c:2570:5:AudDrv_Allocate_mem_Buffer	96	static
mt_soc_afe_control.c:2616:20:Get_Mem_ControlT	16	static
mt_soc_afe_control.c:2626:6:SetMemifSubStream	64	static
mt_soc_afe_control.c:2662:6:ClearMemBlock	32	static
mt_soc_afe_control.c:2681:6:RemoveMemifSubStream	64	static
mt_soc_afe_control.c:2739:6:Auddrv_Dl1_Spinlock_lock	32	static
mt_soc_afe_control.c:2744:6:Auddrv_Dl1_Spinlock_unlock	16	static
mt_soc_afe_control.c:2750:6:Auddrv_Dl2_Spinlock_lock	32	static
mt_soc_afe_control.c:2755:6:Auddrv_Dl2_Spinlock_unlock	16	static
mt_soc_afe_control.c:2762:6:Auddrv_UL1_Spinlock_lock	32	static
mt_soc_afe_control.c:2767:6:Auddrv_UL1_Spinlock_unlock	16	static
mt_soc_afe_control.c:2772:6:Auddrv_HDMI_Interrupt_Handler	0	static
mt_soc_afe_control.c:2778:6:Auddrv_AWB_Interrupt_Handler	80	static
mt_soc_afe_control.c:2881:6:Auddrv_DAI_Interrupt_Handler	48	static
mt_soc_afe_control.c:2956:6:Auddrv_DL1_Interrupt_Handler	64	static
mt_soc_afe_control.c:3053:6:Auddrv_DL2_Interrupt_Handler	80	static
mt_soc_afe_control.c:3174:24:Get_Mem_Buffer	32	static
mt_soc_afe_control.c:388:6:OpenAfeDigitaldl1	32	static
mt_soc_afe_control.c:3207:6:Auddrv_UL1_Interrupt_Handler	64	static
mt_soc_afe_control.c:3294:12:Get_Mem_CopySizeByStream	48	static
mt_soc_afe_control.c:3342:6:Set_Mem_CopySizeByStream	64	static
mt_soc_afe_control.c:3363:6:Auddrv_UL2_Interrupt_Handler	64	static
mt_soc_afe_control.c:596:13:AudDrv_IRQ_handler	32	static
mt_soc_afe_control.c:3437:6:BackUp_Audio_Register	32	static
mt_soc_afe_control.c:3633:6:Restore_Audio_Register	0	static
mt_soc_afe_control.c:3639:14:Align64ByteSize	0	static
mt_soc_afe_control.c:3649:6:SetOffloadCbk	16	static
mt_soc_afe_control.c:3661:6:ClrOffloadCbk	32	static
mt_soc_afe_control.c:3725:6:Enable4pin_I2S0_I2S3	32	static
mt_soc_afe_control.c:3803:6:AudDrv_checkDLISRStatus	416	static
mt_soc_afe_control.c:3853:6:SetHighAddr	32	static
mt_soc_afe_control.c:4065:5:init_irq_manager	32	static
mt_soc_afe_control.c:452:6:InitAfeControl	96	static
mt_soc_afe_control.c:4076:5:irq_add_user	112	static
mt_soc_afe_control.c:4127:5:irq_remove_user	80	static
mt_soc_afe_control.c:4168:5:irq_update_user	64	static
