xhci-mtk-driver.c:1427:20:xhci_hcd_cleanup	0	static
xhci-mtk-driver.c:656:20:xhci_eint_iddig_isr	32	static
xhci-mtk-driver.c:149:6:switch_int_to_host_and_mask	32	static
xhci-mtk-driver.c:155:6:switch_int_to_host	32	static
xhci-mtk-driver.c:187:6:mtk_is_usb_id_pin_short_gnd	0	static
xhci-mtk-driver.c:572:6:mtk_xhci_switch_init	16	static
xhci-mtk-driver.c:696:5:mtk_xhci_eint_iddig_init	48	static
xhci-mtk-driver.c:1417:19:xhci_hcd_init	32	static
xhci-mtk-driver.c:737:6:mtk_xhci_eint_iddig_deinit	32	static
xhci-mtk-driver.c:759:6:mtk_set_host_mode_in_host	0	static
xhci-mtk-driver.c:764:6:mtk_set_host_mode_out	0	static
xhci-mtk-driver.c:769:6:mtk_is_host_mode	0	static
xhci-mtk-driver.c:774:6:mtk_unload_xhci_on_ipo	32	static
xhci-mtk-driver.c:939:6:mtk_xhci_wakelock_init	32	static
xhci-mtk-driver.c:948:6:mtk_xhci_wakelock_lock	16	static
xhci-mtk-driver.c:955:6:mtk_xhci_wakelock_unlock	16	static
xhci-mtk-driver.c:586:6:mtk_xhci_mode_switch	48	static
xhci-mtk-driver.c:962:5:mtk_xhci_set	48	static
xhci-mtk-driver.c:991:6:mtk_xhci_reset	32	static
xhci-mtk-driver.c:1002:6:mtk_xhci_ck_timer_init	0	static
xhci-mtk-driver.c:1119:5:mtk_xhci_ip_init	32	static
