wmt_plat_alps.c:231:13:wmt_plat_func_ctrl	16	static
wmt_plat_alps.c:237:13:wmt_plat_thermal_ctrl	16	static
wmt_plat_alps.c:247:14:wmt_plat_deep_idle_ctrl	16	static
wmt_plat_alps.c:280:6:wmt_plat_irq_cb_reg	0	static
wmt_plat_alps.c:286:6:wmt_plat_aif_cb_reg	0	static
wmt_plat_alps.c:292:6:wmt_plat_func_ctrl_cb_reg	0	static
wmt_plat_alps.c:298:6:wmt_plat_thermal_ctrl_cb_reg	0	static
wmt_plat_alps.c:304:6:wmt_plat_deep_idle_ctrl_cb_reg	0	static
wmt_plat_alps.c:577:7:wmt_plat_bgf_eint_ctrl	0	static
wmt_plat_alps.c:621:14:wmt_plat_gps_sync_ctrl	0	static
wmt_plat_alps.c:772:7:wmt_plat_i2s_ctrl	0	static
wmt_plat_alps.c:905:24:wmt_plat_get_emi_phy_add	0	static
wmt_plat_alps.c:933:8:wmt_plat_read_cpupcr	0	static
wmt_plat_alps.c:360:7:wmt_plat_deinit	48	static
wmt_plat_alps.c:474:7:wmt_plat_eirq_ctrl	64	static
wmt_plat_alps.c:269:13:wmt_plat_bgf_irq_isr	16	static
wmt_plat_alps.c:689:14:wmt_plat_gps_lna_ctrl	48	static
wmt_plat_alps.c:820:7:wmt_plat_wake_lock_ctrl	48	static
wmt_plat_alps.c:899:8:wmt_plat_get_emi_virt_add	16	static
wmt_plat_alps.c:912:8:wmt_plat_jtag_flag_ctrl	16	static
wmt_plat_alps.c:976:8:wmt_plat_force_trigger_assert	32	static
wmt_plat_alps.c:1050:8:wmt_plat_get_soc_chipid	32	static
wmt_plat_alps.c:562:7:wmt_plat_gpio_ctrl	32	static
wmt_plat_alps.c:174:7:wmt_plat_audio_ctrl	48	static
wmt_plat_alps.c:1060:7:wmt_plat_get_tdm_antsel_index	16	static
wmt_plat_alps.c:444:7:wmt_plat_pwr_ctrl	32	static
wmt_plat_alps.c:875:7:wmt_plat_soc_paldo_ctrl	32	static
wmt_plat_alps.c:960:7:wmt_plat_set_host_dump_state	32	static
wmt_plat_alps.c:1017:7:wmt_plat_update_host_sync_num	16	static
wmt_plat_alps.c:1035:7:wmt_plat_get_dump_info	32	static
wmt_plat_alps.c:310:8:wmt_plat_soc_co_clock_flag_get	0	static
wmt_plat_alps.c:321:7:wmt_plat_soc_init	112	static
wmt_plat_alps.c:939:8:wmt_plat_read_dmaregs	0	static
wmt_plat_alps.c:1067:7:wmt_plat_set_dbg_mode	16	static
wmt_plat_alps.c:1071:6:wmt_plat_set_dynamic_dumpmem	16	static
