mtk_wcn_consys_hw.c:334:14:mtk_wmt_remove	0	static
mtk_wcn_consys_hw.c:1179:5:reserve_memory_consys_fn	32	static
mtk_wcn_consys_hw.c:287:14:mtk_wmt_probe	48	static
mtk_wcn_consys_hw.c:278:8:mtk_wcn_consys_jtag_flag_ctrl	32	static
mtk_wcn_consys_hw.c:339:7:mtk_wcn_consys_co_clock_type	48	static
mtk_wcn_consys_hw.c:360:7:mtk_wcn_consys_hw_reg_ctrl	96	static
mtk_wcn_consys_hw.c:827:7:mtk_wcn_consys_hw_gpio_ctrl	48	static
mtk_wcn_consys_hw.c:867:7:mtk_wcn_consys_hw_pwr_on	32	static
mtk_wcn_consys_hw.c:883:7:mtk_wcn_consys_hw_pwr_off	32	static
mtk_wcn_consys_hw.c:896:7:mtk_wcn_consys_hw_rst	48	static
mtk_wcn_consys_hw.c:973:7:mtk_wcn_consys_hw_bt_paldo_ctrl	32	static
mtk_wcn_consys_hw.c:1029:7:mtk_wcn_consys_hw_wifi_paldo_ctrl	32	static
mtk_wcn_consys_hw.c:1087:7:mtk_wcn_consys_hw_vcn28_ctrl	32	static
mtk_wcn_consys_hw.c:1126:7:mtk_wcn_consys_hw_state_show	0	static
mtk_wcn_consys_hw.c:1131:7:mtk_wcn_consys_hw_restore	32	static
mtk_wcn_consys_hw.c:1190:7:mtk_wcn_consys_hw_init	48	static
mtk_wcn_consys_hw.c:1269:7:mtk_wcn_consys_hw_deinit	32	static
mtk_wcn_consys_hw.c:1283:8:mtk_wcn_consys_emi_virt_addr_get	48	static
mtk_wcn_consys_hw.c:1297:8:mtk_wcn_consys_soc_chipid	0	static
mtk_wcn_consys_hw.c:1303:17:mtk_wcn_consys_get_pinctrl	0	static
mtk_wcn_consys_hw.c:1308:7:mtk_wcn_consys_set_dbg_mode	48	static
mtk_wcn_consys_hw.c:1327:7:mtk_wcn_consys_set_dynamic_dump	48	static
