battery_common_fg_20.c:601:12:wireless_get_property	0	static
battery_common_fg_20.c:618:12:ac_get_property	0	static
battery_common_fg_20.c:635:12:usb_get_property	0	static
battery_common_fg_20.c:807:12:battery_property_is_writeable	0	static
battery_common_fg_20.c:1821:16:store_Pump_Express	0	static
battery_common_fg_20.c:3993:12:adc_cali_open	0	static
battery_common_fg_20.c:3998:12:adc_cali_release	0	static
battery_common_fg_20.c:5175:12:cmd_open	0	static
battery_common_fg_20.c:4937:12:battery_remove	16	static
battery_common_fg_20.c:1773:16:store_Charger_Type	32	static
battery_common_fg_20.c:1727:16:store_FG_SW_CoulombCounter	32	static
battery_common_fg_20.c:1703:16:store_FG_Battery_CurrentConsumption	32	static
battery_common_fg_20.c:1680:16:store_Charger_TopOff_Value	32	static
battery_common_fg_20.c:1658:16:store_Power_Off_Voltage	32	static
battery_common_fg_20.c:1637:16:store_Power_On_Voltage	32	static
battery_common_fg_20.c:1615:16:store_ADC_Channel_Is_Calibration	32	static
battery_common_fg_20.c:1592:16:store_ADC_Channel_13_Offset	32	static
battery_common_fg_20.c:1569:16:store_ADC_Channel_12_Offset	32	static
battery_common_fg_20.c:1546:16:store_ADC_Channel_11_Offset	32	static
battery_common_fg_20.c:1523:16:store_ADC_Channel_10_Offset	32	static
battery_common_fg_20.c:1500:16:store_ADC_Channel_9_Offset	32	static
battery_common_fg_20.c:1477:16:store_ADC_Channel_8_Offset	32	static
battery_common_fg_20.c:1454:16:store_ADC_Channel_7_Offset	32	static
battery_common_fg_20.c:1431:16:store_ADC_Channel_6_Offset	32	static
battery_common_fg_20.c:1408:16:store_ADC_Channel_5_Offset	32	static
battery_common_fg_20.c:1385:16:store_ADC_Channel_4_Offset	32	static
battery_common_fg_20.c:1362:16:store_ADC_Channel_3_Offset	32	static
battery_common_fg_20.c:1339:16:store_ADC_Channel_2_Offset	32	static
battery_common_fg_20.c:1316:16:store_ADC_Channel_1_Offset	32	static
battery_common_fg_20.c:1293:16:store_ADC_Channel_0_Offset	32	static
battery_common_fg_20.c:1269:16:store_ADC_Channel_13_Slope	32	static
battery_common_fg_20.c:1246:16:store_ADC_Channel_12_Slope	32	static
battery_common_fg_20.c:1223:16:store_ADC_Channel_11_Slope	32	static
battery_common_fg_20.c:1200:16:store_ADC_Channel_10_Slope	32	static
battery_common_fg_20.c:1178:16:store_ADC_Channel_9_Slope	32	static
battery_common_fg_20.c:1156:16:store_ADC_Channel_8_Slope	32	static
battery_common_fg_20.c:1134:16:store_ADC_Channel_7_Slope	32	static
battery_common_fg_20.c:1112:16:store_ADC_Channel_6_Slope	32	static
battery_common_fg_20.c:1090:16:store_ADC_Channel_5_Slope	32	static
battery_common_fg_20.c:1068:16:store_ADC_Channel_4_Slope	32	static
battery_common_fg_20.c:1046:16:store_ADC_Channel_3_Slope	32	static
battery_common_fg_20.c:1024:16:store_ADC_Channel_2_Slope	32	static
battery_common_fg_20.c:1002:16:store_ADC_Channel_1_Slope	32	static
battery_common_fg_20.c:980:16:store_ADC_Channel_0_Slope	32	static
battery_common_fg_20.c:958:16:store_ADC_Charger_Voltage	32	static
battery_common_fg_20.c:537:6:wake_up_bat3	32	static
battery_common_fg_20.c:4107:22:charger_hv_detect_sw_workaround	32	static
battery_common_fg_20.c:546:16:bat_log_write	48	static
battery_common_fg_20.c:2557:21:mt_battery_average_method	80	static
battery_common_fg_20.c:672:12:battery_get_property	32	static
battery_common_fg_20.c:5529:13:battery_init_work_callback	32	static
battery_common_fg_20.c:5460:12:mt_batteryNotify_dts_probe	32	static
battery_common_fg_20.c:5409:12:battery_dts_probe	32	static
battery_common_fg_20.c:5287:12:mt_batteryNotify_probe	48	static
battery_common_fg_20.c:5235:16:safety_timer_cmd_write	96	static
battery_common_fg_20.c:5195:16:power_path_cmd_write	96	static
battery_common_fg_20.c:4990:16:store_BN_TestMode	64	static
battery_common_fg_20.c:4966:16:store_BatteryNotify	64	static
battery_common_fg_20.c:4984:16:show_BN_TestMode	48	static
battery_common_fg_20.c:4959:16:show_BatteryNotify	48	static
battery_common_fg_20.c:1763:16:show_Charger_Type	48	static
battery_common_fg_20.c:1738:16:show_Charging_CallState	48	static
battery_common_fg_20.c:1693:16:show_FG_Battery_CurrentConsumption	48	static
battery_common_fg_20.c:1670:16:show_Charger_TopOff_Value	32	static
battery_common_fg_20.c:1649:16:show_Power_Off_Voltage	32	static
battery_common_fg_20.c:1628:16:show_Power_On_Voltage	32	static
battery_common_fg_20.c:1605:16:show_ADC_Channel_Is_Calibration	48	static
battery_common_fg_20.c:1582:16:show_ADC_Channel_13_Offset	48	static
battery_common_fg_20.c:1559:16:show_ADC_Channel_12_Offset	48	static
battery_common_fg_20.c:1536:16:show_ADC_Channel_11_Offset	48	static
battery_common_fg_20.c:1513:16:show_ADC_Channel_10_Offset	48	static
battery_common_fg_20.c:1490:16:show_ADC_Channel_9_Offset	48	static
battery_common_fg_20.c:1467:16:show_ADC_Channel_8_Offset	48	static
battery_common_fg_20.c:1444:16:show_ADC_Channel_7_Offset	48	static
battery_common_fg_20.c:1421:16:show_ADC_Channel_6_Offset	48	static
battery_common_fg_20.c:1398:16:show_ADC_Channel_5_Offset	48	static
battery_common_fg_20.c:1375:16:show_ADC_Channel_4_Offset	48	static
battery_common_fg_20.c:1352:16:show_ADC_Channel_3_Offset	48	static
battery_common_fg_20.c:1329:16:show_ADC_Channel_2_Offset	48	static
battery_common_fg_20.c:1306:16:show_ADC_Channel_1_Offset	48	static
battery_common_fg_20.c:1283:16:show_ADC_Channel_0_Offset	48	static
battery_common_fg_20.c:1259:16:show_ADC_Channel_13_Slope	48	static
battery_common_fg_20.c:1236:16:show_ADC_Channel_12_Slope	48	static
battery_common_fg_20.c:1213:16:show_ADC_Channel_11_Slope	48	static
battery_common_fg_20.c:1190:16:show_ADC_Channel_10_Slope	48	static
battery_common_fg_20.c:1168:16:show_ADC_Channel_9_Slope	48	static
battery_common_fg_20.c:1146:16:show_ADC_Channel_8_Slope	48	static
battery_common_fg_20.c:1124:16:show_ADC_Channel_7_Slope	48	static
battery_common_fg_20.c:1102:16:show_ADC_Channel_6_Slope	48	static
battery_common_fg_20.c:1080:16:show_ADC_Channel_5_Slope	48	static
battery_common_fg_20.c:1058:16:show_ADC_Channel_4_Slope	48	static
battery_common_fg_20.c:1036:16:show_ADC_Channel_3_Slope	48	static
battery_common_fg_20.c:1014:16:show_ADC_Channel_2_Slope	48	static
battery_common_fg_20.c:992:16:show_ADC_Channel_1_Slope	48	static
battery_common_fg_20.c:970:16:show_ADC_Channel_0_Slope	48	static
battery_common_fg_20.c:951:16:show_ADC_Charger_Voltage	48	static
battery_common_fg_20.c:5221:16:safety_timer_cmd_read	320	static
battery_common_fg_20.c:5181:16:power_path_cmd_read	320	static
battery_common_fg_20.c:5080:12:proc_utilization_open	16	static
battery_common_fg_20.c:5144:12:proc_utilization_open_cur_stop	16	static
battery_common_fg_20.c:5068:12:proc_utilization_show	32	static
battery_common_fg_20.c:5035:16:battery_cmd_write	96	static
battery_common_fg_20.c:5091:16:current_cmd_write	112	static
battery_common_fg_20.c:4944:13:battery_shutdown	32	static
battery_common_fg_20.c:1786:16:show_Pump_Express	48	static
battery_common_fg_20.c:1717:16:show_FG_SW_CoulombCounter	48	static
battery_common_fg_20.c:785:12:battery_set_property	32	static
battery_common_fg_20.c:5129:12:current_cmd_read	48	static
battery_common_fg_20.c:521:6:wake_up_bat	48	static
battery_common_fg_20.c:3781:13:adc_cali_ioctl	96	static
battery_common_fg_20.c:5373:12:battery_pm_restore_noirq	16	static
battery_common_fg_20.c:5364:12:battery_pm_restore	16	static
battery_common_fg_20.c:5355:12:battery_pm_freeze	16	static
battery_common_fg_20.c:5346:12:battery_pm_resume	16	static
battery_common_fg_20.c:5337:12:battery_pm_suspend	16	static
battery_common_fg_20.c:5548:19:battery_init	48	static
battery_common_fg_20.c:1744:16:store_Charging_CallState	48	static
battery_common_fg_20.c:5149:16:discharging_cmd_write	112	static
battery_common_fg_20.c:473:10:upmu_is_chr_det	48	static
battery_common_fg_20.c:4138:22:battery_kthread_hrtimer_func	48	static
battery_common_fg_20.c:401:6:mt_battery_update_time	64	static
battery_common_fg_20.c:421:14:mt_battery_get_duration_time	0	static
battery_common_fg_20.c:426:17:mt_battery_get_duration_time_act	0	static
battery_common_fg_20.c:431:6:charging_suspend_enable	32	static
battery_common_fg_20.c:439:6:charging_suspend_disable	32	static
battery_common_fg_20.c:447:5:read_tbat_value	0	static
battery_common_fg_20.c:452:5:get_charger_detect_status	32	static
battery_common_fg_20.c:578:5:init_proc_log	16	static
battery_common_fg_20.c:663:5:set_bat_charging_current_level	32	static
battery_common_fg_20.c:932:5:battery_get_qns_current	0	static
battery_common_fg_20.c:941:6:mt_battery_set_init_vol	0	static
battery_common_fg_20.c:1911:12:find_closest_voltage_by_capacity	48	static
battery_common_fg_20.c:1934:6:cei_init_voltage_buffer	0	static
battery_common_fg_20.c:1942:12:cei_add_voltage_buffer	48	static
battery_common_fg_20.c:1975:5:is_charger_exist_and_charging	32	static
battery_common_fg_20.c:2240:6:update_charger_info	48	static
battery_common_fg_20.c:2334:15:bat_is_kpoc	0	static
battery_common_fg_20.c:2349:10:pmic_chrdet_status	32	static
battery_common_fg_20.c:2362:10:bat_is_charger_exist	32	static
battery_common_fg_20.c:2368:10:bat_is_charging_full	0	static
battery_common_fg_20.c:2377:14:bat_get_ui_percentage	0	static
battery_common_fg_20.c:2389:14:bat_is_recharging_phase	0	static
battery_common_fg_20.c:2395:5:get_bat_charging_current_level	32	static
battery_common_fg_20.c:2405:12:do_batt_temp_state_machine	32	static
battery_common_fg_20.c:2456:15:BAT_Get_Battery_Voltage	16	static
battery_common_fg_20.c:2658:6:mt_battery_GetBatteryData	256	static
battery_common_fg_20.c:2860:5:battery_swelling_chg_check	64	static
battery_common_fg_20.c:2983:6:add_notifycode	0	static
battery_common_fg_20.c:3154:6:mt_battery_notify_check	64	static
battery_common_fg_20.c:3231:6:mt_battery_update_status	64	static
battery_common_fg_20.c:3751:5:bat_update_thread	112	static
battery_common_fg_20.c:3250:14:mt_charger_type_detection	64	static
battery_common_fg_20.c:3317:13:mt_battery_charger_detect_check	64	static
battery_common_fg_20.c:3296:6:mt_charger_enable_DP_voltage	64	static
battery_common_fg_20.c:3303:14:mt_get_charger_type	0	static
battery_common_fg_20.c:3436:6:update_battery_2nd_info	48	static
battery_common_fg_20.c:3453:6:do_chrdet_int_task	64	static
battery_common_fg_20.c:3740:6:bat_thread_wakeup	48	static
battery_common_fg_20.c:3771:6:bat_update_thread_wakeup	32	static
battery_common_fg_20.c:4011:6:check_battery_exist	64	static
battery_common_fg_20.c:3597:6:BAT_thread	48	static
battery_common_fg_20.c:3691:5:bat_routine_thread	128	static
battery_common_fg_20.c:4844:13:battery_timer_resume	96	static
battery_common_fg_20.c:5490:12:battery_pm_event	48	static
battery_common_fg_20.c:4050:5:charger_hv_detect_sw_thread_handler	144	static
battery_common_fg_20.c:4117:6:charger_hv_detect_sw_workaround_init	48	static
battery_common_fg_20.c:4145:6:battery_kthread_hrtimer_init	32	static
battery_common_fg_20.c:4224:5:__batt_init_cust_data_from_cust_header	0	static
battery_common_fg_20.c:4609:12:battery_probe	80	static
battery_common_fg_20.c:4598:5:batt_init_cust_data	16	static
