battery_meter_fg_20.c:3373:16:store_FG_Current	0	static
battery_meter_fg_20.c:3389:16:store_FG_suspend_current	0	static
battery_meter_fg_20.c:3409:16:store_batt_id_adc	0	static
battery_meter_fg_20.c:3497:16:store_batt_id_info	0	static
battery_meter_fg_20.c:3554:16:store_chg_current	0	static
battery_meter_fg_20.c:3569:16:store_chg_full_iclevel	0	static
battery_meter_fg_20.c:3582:16:store_CHDrvVersion	0	static
battery_meter_fg_20.c:3594:16:store_BMTbat_vol	0	static
battery_meter_fg_20.c:3607:16:store_TM	0	static
battery_meter_fg_20.c:3623:16:store_fg_start	0	static
battery_meter_fg_20.c:3644:16:store_fg_show	0	static
battery_meter_fg_20.c:3676:16:store_fgr	0	static
battery_meter_fg_20.c:3707:16:store_data_log_level	0	static
battery_meter_fg_20.c:3723:16:store_FG_g_fg_dbg_bat_volt	0	static
battery_meter_fg_20.c:3739:16:store_FG_g_fg_dbg_bat_current	0	static
battery_meter_fg_20.c:3755:16:store_FG_g_fg_dbg_bat_zcv	0	static
battery_meter_fg_20.c:3770:16:store_FG_g_fg_dbg_bat_temp	0	static
battery_meter_fg_20.c:3785:16:store_FG_g_fg_dbg_bat_r	0	static
battery_meter_fg_20.c:3800:16:store_FG_g_fg_dbg_bat_car	0	static
battery_meter_fg_20.c:3815:16:store_FG_g_fg_dbg_bat_qmax	0	static
battery_meter_fg_20.c:3830:16:store_FG_g_fg_dbg_d0	0	static
battery_meter_fg_20.c:3844:16:store_FG_g_fg_dbg_d1	0	static
battery_meter_fg_20.c:3859:16:store_FG_g_fg_dbg_percentage	0	static
battery_meter_fg_20.c:3875:16:store_FG_g_fg_dbg_percentage_uisoc	0	static
battery_meter_fg_20.c:3892:16:store_FG_g_fg_dbg_percentage_fg	0	static
battery_meter_fg_20.c:3908:16:store_FG_g_fg_dbg_percentage_voltmode	0	static
battery_meter_fg_20.c:4497:13:battery_meter_shutdown	0	static
battery_meter_fg_20.c:4572:5:get_FG_Current	48	static
battery_meter_fg_20.c:4491:12:battery_meter_remove	16	static
battery_meter_fg_20.c:2985:16:fgadc_log_write	48	static
battery_meter_fg_20.c:4292:16:store_FG_daemon_disable	48	static
battery_meter_fg_20.c:5678:13:nl_send_to_user	64	static
battery_meter_fg_20.c:3682:16:show_data_log_level	32	static
battery_meter_fg_20.c:3617:16:show_fg_start	32	static
battery_meter_fg_20.c:3507:16:show_chg_current	0	static
battery_meter_fg_20.c:4319:16:store_FG_drv_force25c	64	static
battery_meter_fg_20.c:4262:16:store_FG_daemon_log_level	64	static
battery_meter_fg_20.c:3988:16:store_FG_difference_voltage_update	64	static
battery_meter_fg_20.c:3959:16:store_FG_ocv_check_time	64	static
battery_meter_fg_20.c:4313:16:show_FG_drv_force25c	48	static
battery_meter_fg_20.c:4286:16:show_FG_daemon_disable	48	static
battery_meter_fg_20.c:4255:16:show_FG_daemon_log_level	48	static
battery_meter_fg_20.c:4225:16:show_FG_shutdown_gauge1_mins	48	static
battery_meter_fg_20.c:4194:16:show_FG_shutdown_gauge1_xmins	48	static
battery_meter_fg_20.c:4166:16:show_FG_shutdown_gauge0	48	static
battery_meter_fg_20.c:4135:16:show_FG_discharge_tracking_time	48	static
battery_meter_fg_20.c:4105:16:show_FG_charge_tracking_time	48	static
battery_meter_fg_20.c:4074:16:show_FG_shutdown_system_voltage	48	static
battery_meter_fg_20.c:4042:16:show_FG_aging1_update_soc	48	static
battery_meter_fg_20.c:4012:16:show_FG_aging1_load_soc	48	static
battery_meter_fg_20.c:3981:16:show_FG_difference_voltage_update	48	static
battery_meter_fg_20.c:3953:16:show_FG_ocv_check_time	48	static
battery_meter_fg_20.c:3921:16:show_FG_suspend_current_threshold	48	static
battery_meter_fg_20.c:3901:16:show_FG_g_fg_dbg_percentage_voltmode	48	static
battery_meter_fg_20.c:3868:16:show_FG_g_fg_dbg_percentage_uisoc	48	static
battery_meter_fg_20.c:3885:16:show_FG_g_fg_dbg_percentage_fg	48	static
battery_meter_fg_20.c:3852:16:show_FG_g_fg_dbg_percentage	48	static
battery_meter_fg_20.c:3838:16:show_FG_g_fg_dbg_d1	48	static
battery_meter_fg_20.c:3824:16:show_FG_g_fg_dbg_d0	48	static
battery_meter_fg_20.c:3808:16:show_FG_g_fg_dbg_bat_qmax	48	static
battery_meter_fg_20.c:3793:16:show_FG_g_fg_dbg_bat_car	48	static
battery_meter_fg_20.c:3779:16:show_FG_g_fg_dbg_bat_r	48	static
battery_meter_fg_20.c:3763:16:show_FG_g_fg_dbg_bat_temp	48	static
battery_meter_fg_20.c:3748:16:show_FG_g_fg_dbg_bat_zcv	48	static
battery_meter_fg_20.c:3732:16:show_FG_g_fg_dbg_bat_current	48	static
battery_meter_fg_20.c:3716:16:show_FG_g_fg_dbg_bat_volt	48	static
battery_meter_fg_20.c:3650:16:show_fgr	96	static
battery_meter_fg_20.c:3629:16:show_fg_show	48	static
battery_meter_fg_20.c:3601:16:show_TM	32	static
battery_meter_fg_20.c:3588:16:show_BMTbat_vol	48	static
battery_meter_fg_20.c:3575:16:show_CHDrvVersion	64	static
battery_meter_fg_20.c:3560:16:show_chg_full_iclevel	48	static
battery_meter_fg_20.c:3384:16:show_FG_suspend_current	48	static
battery_meter_fg_20.c:3354:16:show_FG_Current	64	static
battery_meter_fg_20.c:4232:16:store_FG_shutdown_gauge1_mins	64	static
battery_meter_fg_20.c:4201:16:store_FG_shutdown_gauge1_xmins	64	static
battery_meter_fg_20.c:4172:16:store_FG_shutdown_gauge0	64	static
battery_meter_fg_20.c:4142:16:store_FG_discharge_tracking_time	64	static
battery_meter_fg_20.c:4112:16:store_FG_charge_tracking_time	64	static
battery_meter_fg_20.c:4081:16:store_FG_shutdown_system_voltage	64	static
battery_meter_fg_20.c:4049:16:store_FG_aging1_update_soc	64	static
battery_meter_fg_20.c:4018:16:store_FG_aging1_load_soc	64	static
battery_meter_fg_20.c:3928:16:store_FG_suspend_current_threshold	64	static
battery_meter_fg_20.c:122:19:get_hwid_from_cmdline	32	static
battery_meter_fg_20.c:5780:19:battery_meter_init	96	static
battery_meter_fg_20.c:4786:12:battery_meter_dts_probe	32	static
battery_meter_fg_20.c:138:5:get_car_tune_value	32	static
battery_meter_fg_20.c:179:5:get_car_tune_value_rtc	48	static
battery_meter_fg_20.c:235:6:battery_meter_set_init_flag	0	static
battery_meter_fg_20.c:240:6:battery_meter_reset_sleep_time	0	static
battery_meter_fg_20.c:656:6:fgauge_get_profile_id	112	static
battery_meter_fg_20.c:718:6:get_profile_id_and_volt	64	static
battery_meter_fg_20.c:3415:16:show_batt_id_info	144	static
battery_meter_fg_20.c:3395:16:show_batt_id_adc	48	static
battery_meter_fg_20.c:800:12:cei_voltage_base_get_zcv	32	static
battery_meter_fg_20.c:805:26:cei_fgauge_get_profile	0	static
battery_meter_fg_20.c:829:5:fgauge_get_saddles	0	static
battery_meter_fg_20.c:834:12:cei_fgauge_read_capacity_by_v	32	static
battery_meter_fg_20.c:875:6:fgr_get	16	static
battery_meter_fg_20.c:888:5:get_fcr	0	static
battery_meter_fg_20.c:894:5:__batt_meter_init_cust_data_from_cust_header	144	static
battery_meter_fg_20.c:1289:5:__batt_meter_init_cust_data_from_dt	64	static
battery_meter_fg_20.c:1761:5:batt_meter_init_cust_data	16	static
battery_meter_fg_20.c:1770:5:get_r_fg_value	0	static
battery_meter_fg_20.c:1776:5:BattThermistorConverTemp	0	static
battery_meter_fg_20.c:1811:12:fgauge_get_Q_max	32	static
battery_meter_fg_20.c:1873:12:fgauge_get_Q_max_high_current	32	static
battery_meter_fg_20.c:2096:5:BattVoltToTemp	96	static
battery_meter_fg_20.c:2148:5:force_get_tbat	64	static
battery_meter_fg_20.c:2220:6:update_fg_dbg_tool_value	32	static
battery_meter_fg_20.c:2250:6:fgauge_algo_run_get_init_data	80	static
battery_meter_fg_20.c:2322:12:get_dynamic_period	48	static
battery_meter_fg_20.c:2484:12:battery_meter_get_battery_voltage	48	static
battery_meter_fg_20.c:2510:5:battery_meter_get_low_battery_interrupt_status	32	static
battery_meter_fg_20.c:2526:12:battery_meter_get_charging_current_imm	48	static
battery_meter_fg_20.c:2545:12:battery_meter_get_charging_current	256	static
battery_meter_fg_20.c:2668:12:battery_meter_get_qmax	0	static
battery_meter_fg_20.c:2673:12:battery_meter_get_design_qmax	0	static
battery_meter_fg_20.c:2678:12:battery_meter_get_battery_id	32	static
battery_meter_fg_20.c:2689:12:battery_meter_get_battery_current	32	static
battery_meter_fg_20.c:2702:10:battery_meter_get_battery_current_sign	32	static
battery_meter_fg_20.c:2716:12:battery_meter_get_battery_current_now	48	static
battery_meter_fg_20.c:2734:12:battery_meter_get_car	32	static
battery_meter_fg_20.c:2752:12:battery_meter_get_battery_temperature	16	static
battery_meter_fg_20.c:2768:12:battery_meter_get_charger_voltage	32	static
battery_meter_fg_20.c:2780:12:battery_meter_get_battery_percentage	0	static
battery_meter_fg_20.c:2834:12:battery_meter_sync	0	static
battery_meter_fg_20.c:2844:12:battery_meter_get_battery_zcv	0	static
battery_meter_fg_20.c:2853:12:battery_meter_get_battery_nPercent_zcv	0	static
battery_meter_fg_20.c:2862:12:battery_meter_get_battery_nPercent_UI_SOC	0	static
battery_meter_fg_20.c:2871:12:battery_meter_get_tempR	0	static
battery_meter_fg_20.c:2884:12:battery_meter_get_tempV	32	static
battery_meter_fg_20.c:2898:12:battery_meter_get_VSense	32	static
battery_meter_fg_20.c:2912:12:battery_meter_meta_tool_cali_car_tune	64	static
battery_meter_fg_20.c:3031:5:init_proc_log_fg	16	static
battery_meter_fg_20.c:4376:12:battery_meter_probe	48	static
battery_meter_fg_20.c:4366:12:battery_meter_set_columb_interrupt	32	static
battery_meter_fg_20.c:4502:12:battery_meter_suspend	64	static
battery_meter_fg_20.c:4769:6:set_rbat_pull_up_r	16	static
battery_meter_fg_20.c:5625:5:dod_init_in_kernel	32	static
battery_meter_fg_20.c:4823:6:bmd_ctrl_cmd_from_user	96	static
battery_meter_fg_20.c:5711:13:nl_data_handler	64	static
battery_meter_fg_20.c:5748:5:wakeup_fg_algo	48	static
battery_meter_fg_20.c:2794:12:battery_meter_initial	32	static
battery_meter_fg_20.c:4351:6:fg_bat_int_handler	32	static
battery_meter_fg_20.c:4598:12:battery_meter_resume	96	static
