switch_charging.c:1210:13:mtk_select_cv.part.2	64	static
switch_charging.c:103:14:get_cv_voltage	0	static
switch_charging.c:141:6:BATTERY_SetUSBState	32	static
switch_charging.c:159:14:get_charging_setting_current	0	static
switch_charging.c:164:5:mtk_get_dynamic_cv	0	static
switch_charging.c:275:12:do_jeita_state_machine	80	static
switch_charging.c:440:12:check_if_jeita_current_limit	0	static
switch_charging.c:459:6:get_usb_current_unlimited	0	static
switch_charging.c:467:6:set_usb_current_unlimited	0	static
switch_charging.c:502:5:get_chrlimt_bcct_level	0	static
switch_charging.c:521:6:set_bcct_log	0	static
switch_charging.c:541:14:set_chr_input_current_limit	64	static
switch_charging.c:694:5:mtk_chr_reset_aicr_upper_bound	0	static
switch_charging.c:700:5:set_chr_boost_current_limit	32	static
switch_charging.c:710:5:set_chr_enable_otg	32	static
switch_charging.c:719:5:mtk_chr_get_tchr	48	static
switch_charging.c:734:5:mtk_chr_get_soc	0	static
switch_charging.c:746:5:mtk_chr_get_ui_soc	0	static
switch_charging.c:759:5:mtk_chr_get_vbat	0	static
switch_charging.c:771:5:mtk_chr_get_ibat	0	static
switch_charging.c:777:5:mtk_chr_get_vbus	0	static
switch_charging.c:788:5:mtk_chr_get_aicr	48	static
switch_charging.c:799:5:mtk_chr_is_charger_exist	0	static
switch_charging.c:847:6:select_charging_current	48	static
switch_charging.c:1024:13:mtk_select_ichg_aicr	192	static
switch_charging.c:641:14:set_bat_charging_current_limit	64	static
switch_charging.c:1269:13:pchr_turn_on_charging	48	static
switch_charging.c:941:6:select_charging_current_bcct	32	static
switch_charging.c:1006:5:adaptive_chrlimt_current	0	static
switch_charging.c:1320:12:BAT_PreChargeModeAction	64	static
switch_charging.c:1387:12:BAT_ConstantCurrentModeAction	48	static
switch_charging.c:1418:12:BAT_BatteryFullAction	64	static
switch_charging.c:1459:12:BAT_BatteryHoldAction	48	static
switch_charging.c:1478:12:BAT_BatteryStatusFailAction	32	static
switch_charging.c:1530:5:calc_fgr	0	static
switch_charging.c:1569:5:calculate_delta	880	static
switch_charging.c:1680:5:delta_checking	48	static
switch_charging.c:1736:6:dump_chg_data	144	static
switch_charging.c:1805:6:mt_battery_charging_algorithm	32	static
