ip_tables.c:771:1:cleanup_entry	96	static
ip_tables.c:2162:12:icmp_checkentry	0	static
ip_tables.c:66:7:ipt_alloc_initial_table	64	static
ip_tables.c:289:1:ipt_do_table	224	static
ip_tables.c:445:1:mark_source_chains	128	static
ip_tables.c:630:12:check_target	64	static
ip_tables.c:881:1:get_counters	80	static
ip_tables.c:2105:6:ipt_unregister_table	48	static
ip_tables.c:2266:20:ip_tables_fini	32	static
ip_tables.c:2222:24:ip_tables_net_exit	16	static
ip_tables.c:2217:23:ip_tables_net_init	16	static
ip_tables.c:1003:13:compat_standard_from_user	32	static
ip_tables.c:1012:12:compat_standard_to_user	48	static
ip_tables.c:2135:1:icmp_match	48	static
ip_tables.c:1052:12:compat_table_info	80	static
ip_tables.c:2232:19:ip_tables_init	48	static
ip_tables.c:155:1:ipt_error	32	static
ip_tables.c:1302:1:do_add_counters.constprop	160	static
ip_tables.c:1076:12:get_info.part.12.constprop	272	static
ip_tables.c:1076:12:get_info.constprop	48	static
ip_tables.c:2016:1:do_ipt_get_ctl	192	static
ip_tables.c:1178:1:__do_replace.constprop	112	static
ip_tables.c:794:1:translate_table	192	static
ip_tables.c:2067:18:ipt_register_table	128	static
ip_tables.c:1991:1:do_ipt_set_ctl	176	static
ip_tables.c:1920:1:compat_get_entries.constprop	256	static
ip_tables.c:1641:1:translate_compat_table.constprop	256	static
ip_tables.c:1799:1:compat_do_replace.isra.18.constprop	160	static
ip_tables.c:1853:1:compat_do_ipt_set_ctl	48	static
ip_tables.c:1969:1:compat_do_ipt_get_ctl	80	static
