kpd.c:383:29:aee_timer_func	0	static
kpd.c:393:29:aee_timer_5s_func	0	static
kpd.c:841:5:kpd_dev_open	0	static
kpd.c:1434:12:kpd_pdrv_remove	0	static
kpd.c:1543:20:kpd_mod_exit	0	static
kpd.c:912:13:hall_out_handler	32	static
kpd.c:941:20:hall_interrupt_handler	32	static
kpd.c:538:20:kpd_irq_handler	32	static
kpd.c:1058:20:kpd_camera_capture_eint_handler	32	static
kpd.c:1051:20:kpd_camera_focus_eint_handler	32	static
kpd.c:1520:19:kpd_mod_init	32	static
kpd.c:1455:12:kpd_pdrv_resume	32	static
kpd.c:1440:12:kpd_pdrv_suspend	32	static
kpd.c:493:13:kpd_keymap_handler	144	static
kpd.c:887:13:hall_work_func	48	static
kpd.c:874:12:hall_out_status_open	16	static
kpd.c:867:12:hall_out_status_show	32	static
kpd.c:859:12:kpd_open	16	static
kpd.c:1164:13:camera_capture_eint_func	48	static
kpd.c:1124:13:camera_focus_eint_func	48	static
kpd.c:167:16:kpd_store_call_state	32	static
kpd.c:195:16:kpd_show_call_state	16	static
kpd.c:549:6:kpd_dev_ioctl	16	static
kpd.c:456:6:kpd_pwrkey_pmic_handler	32	static
kpd.c:477:6:kpd_pmic_rstkey_handler	32	static
kpd.c:951:5:hall_gpio_eint_setup	48	static
kpd.c:1020:6:kpd_get_dts_info	64	static
kpd.c:1206:12:kpd_pdrv_probe	96	static
