addrconf.c:1965:12:__ipv6_isatap_ifid	0	static
addrconf.c:4798:15:inet6_get_link_af_size	0	static
addrconf.c:4267:12:put_cacheinfo	32	static
addrconf.c:4301:12:inet6_fill_ifaddr	80	static
addrconf.c:1636:6:ipv6_chk_custom_prefix	64	static
addrconf.c:1660:5:ipv6_chk_prefix	64	static
addrconf.c:1584:5:ipv6_chk_addr_and_flags	64	static
addrconf.c:1577:5:ipv6_chk_addr	16	static
addrconf.c:3820:13:if6_seq_stop	16	static
addrconf.c:2004:12:ipv6_generate_eui64	32	static
addrconf.c:1867:13:addrconf_join_anycast	64	static
addrconf.c:1880:13:addrconf_leave_anycast	64	static
addrconf.c:2052:13:__ipv6_regen_rndid	48	static
addrconf.c:287:13:addrconf_mod_rs_timer	16	static
addrconf.c:2081:13:ipv6_regen_rndid	48	static
addrconf.c:968:1:check_cleanup_prefix_route	96	static
addrconf.c:2936:12:ipv6_generate_stable_address	128	static
addrconf.c:295:13:addrconf_mod_dad_work	16	static
addrconf.c:5761:12:__addrconf_sysctl_register	96	static
addrconf.c:5393:12:addrconf_sysctl_stable_secret	224	static
addrconf.c:5255:5:addrconf_sysctl_mtu	96	static
addrconf.c:3867:24:if6_proc_net_exit	16	static
addrconf.c:3846:12:if6_seq_open	16	static
addrconf.c:3826:12:if6_seq_show	16	static
addrconf.c:3860:23:if6_proc_net_init	16	static
addrconf.c:4886:12:inet6_validate_link_af	96	static
addrconf.c:3804:14:if6_seq_start	48	static
addrconf.c:3811:14:if6_seq_next	0	static
addrconf.c:281:13:addrconf_del_dad_work	32	static
addrconf.c:1244:12:ipv6_get_saddr_eval.part.32	48	static
addrconf.c:836:1:ipv6_add_addr	112	static
addrconf.c:2215:13:addrconf_add_mroute.isra.38	176	static
addrconf.c:5806:12:addrconf_sysctl_register	48	static
addrconf.c:337:26:ipv6_add_dev	64	static
addrconf.c:456:26:ipv6_find_idev	32	static
addrconf.c:5793:13:__addrconf_sysctl_unregister.isra.41	32	static
addrconf.c:5834:23:addrconf_init_net	48	static
addrconf.c:4481:12:inet6_dump_addr	144	static
addrconf.c:4542:12:inet6_dump_ifacaddr	16	static
addrconf.c:4534:12:inet6_dump_ifmcaddr	16	static
addrconf.c:4527:12:inet6_dump_ifaddr	16	static
addrconf.c:492:12:inet6_netconf_fill_devconf.constprop	80	static
addrconf.c:623:12:inet6_netconf_dump_devconf	80	static
addrconf.c:562:12:inet6_netconf_get_devconf	112	static
addrconf.c:4751:12:inet6_fill_ifla6_attrs	112	static
addrconf.c:4935:12:inet6_fill_ifinfo	80	static
addrconf.c:4977:12:inet6_dump_ifinfo	80	static
addrconf.c:4806:12:inet6_fill_link_af	16	static
addrconf.c:5880:24:addrconf_exit_net	32	static
addrconf.c:3445:13:addrconf_dad_kick	48	static
addrconf.c:3521:13:addrconf_dad_start	32	static
addrconf.c:2150:1:addrconf_prefix_route	256	static
addrconf.c:532:6:inet6_netconf_notify_devconf	64	static
addrconf.c:5355:5:addrconf_sysctl_proxy_ndp	64	static
addrconf.c:695:13:dev_forward_change	48	static
addrconf.c:5229:5:addrconf_sysctl_forward	160	static
addrconf.c:785:6:inet6_ifa_finish_destroy	32	static
addrconf.c:1378:12:__ipv6_dev_get_saddr	144	static
addrconf.c:1457:5:ipv6_dev_get_saddr	176	static
addrconf.c:1083:12:ipv6_create_tempaddr	160	static
addrconf.c:2899:13:addrconf_add_linklocal	32	static
addrconf.c:3002:13:addrconf_addr_gen.constprop	48	static
addrconf.c:1529:5:__ipv6_get_lladdr	0	static
addrconf.c:1548:5:ipv6_get_lladdr	64	static
addrconf.c:3392:13:addrconf_rs_timer	80	static
addrconf.c:1684:22:ipv6_get_ifaddr	64	static
addrconf.c:4549:12:inet6_rtm_getaddr	144	static
addrconf.c:1754:6:addrconf_dad_failure	128	static
addrconf.c:1843:6:addrconf_join_solict	32	static
addrconf.c:1855:6:addrconf_leave_solict	32	static
addrconf.c:2120:5:addrconf_rt_table	48	static
addrconf.c:2179:25:addrconf_get_prefix_route	80	static
addrconf.c:5111:13:__ipv6_ifa_notify	80	static
addrconf.c:5157:13:ipv6_ifa_notify	48	static
addrconf.c:3633:13:addrconf_dad_completed	48	static
addrconf.c:2251:13:manage_tempaddrs	96	static
addrconf.c:3272:12:addrconf_ifdown	96	static
addrconf.c:2766:13:add_addr	32	static
addrconf.c:1005:1:cleanup_prefix_route	32	static
addrconf.c:1027:13:ipv6_del_addr	64	static
addrconf.c:1710:13:addrconf_dad_stop	64	static
addrconf.c:3536:13:addrconf_dad_work	80	static
addrconf.c:3915:13:addrconf_verify_rtnl	128	static
addrconf.c:4042:13:addrconf_verify_work	16	static
addrconf.c:2611:12:inet6_addr_add	112	static
addrconf.c:2691:12:inet6_addr_del	64	static
addrconf.c:4081:1:inet6_rtm_deladdr	112	static
addrconf.c:4190:1:inet6_rtm_newaddr	176	static
addrconf.c:2318:6:addrconf_prefix_rcv	128	static
addrconf.c:2547:5:addrconf_set_dstaddr	208	static
addrconf.c:2729:5:addrconf_add_ifaddr	80	static
addrconf.c:2748:5:addrconf_del_ifaddr	80	static
addrconf.c:3877:12:if6_proc_init	16	static
addrconf.c:3882:6:if6_proc_exit	16	static
addrconf.c:3890:5:ipv6_chk_home_addr	48	static
addrconf.c:5016:6:inet6_ifinfo_notify	64	static
addrconf.c:3097:12:addrconf_notify	128	static
addrconf.c:5269:13:dev_disable_change	32	static
addrconf.c:5329:5:addrconf_sysctl_disable	144	static
addrconf.c:4897:12:inet6_set_link_af	160	static
addrconf.c:5909:12:addrconf_init	64	static
addrconf.c:5999:6:addrconf_cleanup	48	static
