mtk_ram_console.c:2757:12:mt_lastbus_dump	0	static
mtk_ram_console.c:516:12:ram_console_check_header	16	static
mtk_ram_console.c:783:5:ram_console_pstore_reserve_memory	16	static
mtk_ram_console.c:792:5:ram_console_binary_reserve_memory	16	static
mtk_ram_console.c:683:19:ram_console_early_init	64	static
mtk_ram_console.c:741:12:ram_console_file_open	16	static
mtk_ram_console.c:292:12:ram_console2_file_open	16	static
mtk_ram_console.c:2029:6:aee_rr_show_wdt_status	16	static
mtk_ram_console.c:2042:6:aee_rr_show_fiq_step	16	static
mtk_ram_console.c:2047:6:aee_rr_show_exp_type	16	static
mtk_ram_console.c:2055:6:aee_rr_show_last_irq_enter	16	static
mtk_ram_console.c:2060:6:aee_rr_show_jiffies_last_irq_enter	16	static
mtk_ram_console.c:2065:6:aee_rr_show_last_irq_exit	16	static
mtk_ram_console.c:2070:6:aee_rr_show_jiffies_last_irq_exit	16	static
mtk_ram_console.c:2075:6:aee_rr_show_hotplug_footprint	16	static
mtk_ram_console.c:2080:6:aee_rr_show_hotplug_status	16	static
mtk_ram_console.c:2088:6:aee_rr_show_hotplug_caller_callee_status	16	static
mtk_ram_console.c:2095:6:aee_rr_show_hotplug_up_prepare_ktime	16	static
mtk_ram_console.c:2100:6:aee_rr_show_hotplug_starting_ktime	16	static
mtk_ram_console.c:2105:6:aee_rr_show_hotplug_online_ktime	16	static
mtk_ram_console.c:2110:6:aee_rr_show_hotplug_down_prepare_ktime	16	static
mtk_ram_console.c:2115:6:aee_rr_show_hotplug_dying_ktime	16	static
mtk_ram_console.c:2120:6:aee_rr_show_hotplug_dead_ktime	16	static
mtk_ram_console.c:2125:6:aee_rr_show_hotplug_post_dead_ktime	16	static
mtk_ram_console.c:2129:6:aee_rr_show_mcdi	16	static
mtk_ram_console.c:2134:6:aee_rr_show_mcdi_r15	16	static
mtk_ram_console.c:2139:6:aee_rr_show_deepidle	16	static
mtk_ram_console.c:2144:6:aee_rr_show_sodi3	16	static
mtk_ram_console.c:2149:6:aee_rr_show_sodi	16	static
mtk_ram_console.c:2154:6:aee_rr_show_spm_suspend	16	static
mtk_ram_console.c:2159:6:aee_rr_show_spm_common_scenario	16	static
mtk_ram_console.c:2164:6:aee_rr_show_cpu_dormant	16	static
mtk_ram_console.c:2169:6:aee_rr_show_clk	48	static
mtk_ram_console.c:2177:6:aee_rr_show_vcore_dvfs_opp	16	static
mtk_ram_console.c:2182:6:aee_rr_show_vcore_dvfs_status	16	static
mtk_ram_console.c:2187:6:aee_rr_show_ppm_cluster_limit	48	static
mtk_ram_console.c:2195:6:aee_rr_show_ppm_step	16	static
mtk_ram_console.c:2200:6:aee_rr_show_ppm_cur_state	16	static
mtk_ram_console.c:2205:6:aee_rr_show_ppm_min_pwr_bgt	16	static
mtk_ram_console.c:2210:6:aee_rr_show_ppm_policy_mask	16	static
mtk_ram_console.c:2215:6:aee_rr_show_ppm_waiting_for_pbm	16	static
mtk_ram_console.c:2220:6:aee_rr_show_cpu_dvfs_vproc_big	16	static
mtk_ram_console.c:2225:6:aee_rr_show_cpu_dvfs_vproc_little	16	static
mtk_ram_console.c:2230:6:aee_rr_show_cpu_dvfs_oppidx	32	static
mtk_ram_console.c:2236:6:aee_rr_show_cpu_dvfs_cci_oppidx	16	static
mtk_ram_console.c:2241:6:aee_rr_show_cpu_dvfs_status	16	static
mtk_ram_console.c:2246:6:aee_rr_show_cpu_dvfs_step	16	static
mtk_ram_console.c:2251:6:aee_rr_show_cpu_dvfs_pbm_step	16	static
mtk_ram_console.c:2256:6:aee_rr_show_cpu_dvfs_cb	16	static
mtk_ram_console.c:2261:6:aee_rr_show_cpufreq_cb	16	static
mtk_ram_console.c:2266:6:aee_rr_show_gpu_dvfs_vgpu	16	static
mtk_ram_console.c:2271:6:aee_rr_show_gpu_dvfs_oppidx	16	static
mtk_ram_console.c:2276:6:aee_rr_show_gpu_dvfs_status	16	static
mtk_ram_console.c:2281:6:aee_rr_show_ptp_60	16	static
mtk_ram_console.c:2286:6:aee_rr_show_ptp_64	16	static
mtk_ram_console.c:2291:6:aee_rr_show_ptp_68	16	static
mtk_ram_console.c:2296:6:aee_rr_show_ptp_6C	16	static
mtk_ram_console.c:2301:6:aee_rr_show_ptp_78	16	static
mtk_ram_console.c:2306:6:aee_rr_show_ptp_7C	16	static
mtk_ram_console.c:2311:6:aee_rr_show_ptp_80	16	static
mtk_ram_console.c:2316:6:aee_rr_show_ptp_84	16	static
mtk_ram_console.c:2321:6:aee_rr_show_ptp_88	16	static
mtk_ram_console.c:2326:6:aee_rr_show_ptp_8C	16	static
mtk_ram_console.c:2331:6:aee_rr_show_ptp_9C	16	static
mtk_ram_console.c:2336:6:aee_rr_show_ptp_A0	16	static
mtk_ram_console.c:2341:6:aee_rr_show_ptp_vboot	48	static
mtk_ram_console.c:2350:6:aee_rr_show_ptp_cpu_big_volt	48	static
mtk_ram_console.c:2359:6:aee_rr_show_ptp_cpu_big_volt_1	48	static
mtk_ram_console.c:2368:6:aee_rr_show_ptp_cpu_big_volt_2	48	static
mtk_ram_console.c:2377:6:aee_rr_show_ptp_cpu_big_volt_3	48	static
mtk_ram_console.c:2386:6:aee_rr_show_ptp_cpu_2_little_volt	48	static
mtk_ram_console.c:2395:6:aee_rr_show_ptp_cpu_2_little_volt_1	48	static
mtk_ram_console.c:2404:6:aee_rr_show_ptp_cpu_2_little_volt_2	48	static
mtk_ram_console.c:2413:6:aee_rr_show_ptp_cpu_2_little_volt_3	48	static
mtk_ram_console.c:2422:6:aee_rr_show_ptp_cpu_little_volt	48	static
mtk_ram_console.c:2431:6:aee_rr_show_ptp_cpu_little_volt_1	48	static
mtk_ram_console.c:2440:6:aee_rr_show_ptp_cpu_little_volt_2	48	static
mtk_ram_console.c:2449:6:aee_rr_show_ptp_cpu_little_volt_3	48	static
mtk_ram_console.c:2458:6:aee_rr_show_ptp_cpu_cci_volt	48	static
mtk_ram_console.c:2467:6:aee_rr_show_ptp_cpu_cci_volt_1	48	static
mtk_ram_console.c:2476:6:aee_rr_show_ptp_cpu_cci_volt_2	48	static
mtk_ram_console.c:2485:6:aee_rr_show_ptp_cpu_cci_volt_3	48	static
mtk_ram_console.c:2494:6:aee_rr_show_ptp_gpu_volt	48	static
mtk_ram_console.c:2530:6:aee_rr_show_ptp_temp	32	static
mtk_ram_console.c:2537:6:aee_rr_show_thermal_temp	32	static
mtk_ram_console.c:2546:6:aee_rr_show_ptp_status	16	static
mtk_ram_console.c:2551:6:aee_rr_show_eem_pi_offset	16	static
mtk_ram_console.c:2556:6:aee_rr_show_idvfs_ctrl_reg	32	static
mtk_ram_console.c:2565:6:aee_rr_show_idvfs_enable_cnt	16	static
mtk_ram_console.c:2570:6:aee_rr_show_idvfs_swreq_cnt	16	static
mtk_ram_console.c:2575:6:aee_rr_show_idvfs_curr_volt	16	static
mtk_ram_console.c:2581:6:aee_rr_show_idvfs_sram_ldo	16	static
mtk_ram_console.c:2586:6:aee_rr_show_idvfs_swavg_curr_pct_x100	16	static
mtk_ram_console.c:2592:6:aee_rr_show_idvfs_swreq_curr_pct_x100	16	static
mtk_ram_console.c:2598:6:aee_rr_show_idvfs_swreq_next_pct_x100	16	static
mtk_ram_console.c:2604:6:aee_rr_show_idvfs_state_manchine	16	static
mtk_ram_console.c:2643:6:aee_rr_show_ocp_2_target_limit	16	static
mtk_ram_console.c:2648:6:aee_rr_show_ocp_2_enable	16	static
mtk_ram_console.c:2653:6:aee_rr_show_thermal_status	16	static
mtk_ram_console.c:2658:6:aee_rr_show_thermal_ATM_status	16	static
mtk_ram_console.c:2663:6:aee_rr_show_thermal_ktime	16	static
mtk_ram_console.c:2668:6:aee_rr_show_scp_pc	16	static
mtk_ram_console.c:2673:6:aee_rr_show_scp_lr	16	static
mtk_ram_console.c:2678:6:aee_rr_show_isr_el1	16	static
mtk_ram_console.c:2762:6:aee_rr_show_last_bus	32	static
mtk_ram_console.c:305:12:emmc_read_last_kmsg	48	static
mtk_ram_console.c:665:19:dt_get_ram_console	48	static
mtk_ram_console.c:754:19:ram_console_late_init	48	static
mtk_ram_console.c:487:6:ram_console_write	48	static
mtk_ram_console.c:242:14:ram_console_size	0	static
mtk_ram_console.c:254:6:last_kmsg_store_to_emmc	48	static
mtk_ram_console.c:362:6:sram_log_save	16	static
mtk_ram_console.c:367:6:pstore_console_show	96	static
mtk_ram_console.c:535:12:ram_console_lastk_show	48	static
mtk_ram_console.c:735:12:ram_console_show	16	static
mtk_ram_console.c:281:12:ram_console2_show	48	static
mtk_ram_console.c:446:6:aee_sram_fiq_save_bin	96	static
mtk_ram_console.c:460:6:aee_disable_ram_console_write	0	static
mtk_ram_console.c:465:6:aee_sram_fiq_log	48	static
mtk_ram_console.c:508:6:ram_console_enable_console	0	static
mtk_ram_console.c:826:6:aee_rr_rec_reboot_mode	0	static
mtk_ram_console.c:833:6:aee_rr_rec_kdump_params	0	static
mtk_ram_console.c:840:6:aee_rr_rec_fiq_step	0	static
mtk_ram_console.c:847:5:aee_rr_curr_fiq_step	0	static
mtk_ram_console.c:852:6:aee_rr_rec_exp_type	0	static
mtk_ram_console.c:860:14:aee_rr_curr_exp_type	0	static
mtk_ram_console.c:868:6:aee_rr_rec_last_irq_enter	48	static
mtk_ram_console.c:879:6:aee_rr_rec_last_irq_exit	48	static
mtk_ram_console.c:890:6:aee_rr_rec_last_sched_jiffies	48	static
mtk_ram_console.c:901:6:aee_rr_rec_hotplug_footprint	48	static
mtk_ram_console.c:909:6:aee_rr_rec_hotplug_cpu_event	0	static
mtk_ram_console.c:916:6:aee_rr_rec_hotplug_cb_index	0	static
mtk_ram_console.c:923:6:aee_rr_rec_hotplug_cb_fp	0	static
mtk_ram_console.c:930:6:aee_rr_rec_cpu_caller	0	static
mtk_ram_console.c:937:6:aee_rr_rec_cpu_callee	0	static
mtk_ram_console.c:944:6:aee_rr_rec_cpu_up_prepare_ktime	0	static
mtk_ram_console.c:951:6:aee_rr_rec_cpu_starting_ktime	0	static
mtk_ram_console.c:958:6:aee_rr_rec_cpu_online_ktime	0	static
mtk_ram_console.c:965:6:aee_rr_rec_cpu_down_prepare_ktime	0	static
mtk_ram_console.c:972:6:aee_rr_rec_cpu_dying_ktime	0	static
mtk_ram_console.c:979:6:aee_rr_rec_cpu_dead_ktime	0	static
mtk_ram_console.c:986:6:aee_rr_rec_cpu_post_dead_ktime	0	static
mtk_ram_console.c:992:6:aee_rr_rec_clk	0	static
mtk_ram_console.c:999:6:aee_rr_rec_deepidle_val	0	static
mtk_ram_console.c:1006:5:aee_rr_curr_deepidle_val	0	static
mtk_ram_console.c:1011:6:aee_rr_rec_mcdi_wfi_val	0	static
mtk_ram_console.c:1018:5:aee_rr_curr_mcdi_wfi_val	0	static
mtk_ram_console.c:1023:6:aee_rr_rec_mcdi_r15_val	0	static
mtk_ram_console.c:1030:6:aee_rr_rec_sodi_val	0	static
mtk_ram_console.c:1037:6:aee_rr_rec_sodi3_val	0	static
mtk_ram_console.c:1044:5:aee_rr_curr_sodi3_val	0	static
mtk_ram_console.c:1051:5:aee_rr_curr_sodi_val	0	static
mtk_ram_console.c:1056:6:aee_rr_rec_spm_suspend_val	0	static
mtk_ram_console.c:1063:5:aee_rr_curr_spm_suspend_val	0	static
mtk_ram_console.c:1068:6:aee_rr_rec_spm_common_scenario_val	0	static
mtk_ram_console.c:1075:5:aee_rr_curr_spm_common_scenario_val	0	static
mtk_ram_console.c:1081:15:aee_rr_rec_mcdi_wfi	0	static
mtk_ram_console.c:1092:16:aee_rr_rec_cpu_dormant	0	static
mtk_ram_console.c:1100:16:aee_rr_rec_cpu_dormant_pa	0	static
mtk_ram_console.c:1108:6:aee_rr_rec_vcore_dvfs_opp	0	static
mtk_ram_console.c:1115:5:aee_rr_curr_vcore_dvfs_opp	0	static
mtk_ram_console.c:1120:6:aee_rr_rec_vcore_dvfs_status	0	static
mtk_ram_console.c:1127:5:aee_rr_curr_vcore_dvfs_status	0	static
mtk_ram_console.c:1132:6:aee_rr_rec_ppm_cluster_limit	0	static
mtk_ram_console.c:1139:6:aee_rr_rec_ppm_step	0	static
mtk_ram_console.c:1146:6:aee_rr_rec_ppm_cur_state	0	static
mtk_ram_console.c:1153:6:aee_rr_rec_ppm_min_pwr_bgt	0	static
mtk_ram_console.c:1160:6:aee_rr_rec_ppm_policy_mask	0	static
mtk_ram_console.c:1167:6:aee_rr_rec_ppm_waiting_for_pbm	0	static
mtk_ram_console.c:1174:6:aee_rr_rec_cpu_dvfs_vproc_big	0	static
mtk_ram_console.c:1181:6:aee_rr_rec_cpu_dvfs_vproc_little	0	static
mtk_ram_console.c:1188:6:aee_rr_rec_cpu_dvfs_oppidx	0	static
mtk_ram_console.c:1195:6:aee_rr_rec_cpu_dvfs_cci_oppidx	0	static
mtk_ram_console.c:1202:4:aee_rr_curr_cpu_dvfs_oppidx	0	static
mtk_ram_console.c:1207:4:aee_rr_curr_cpu_dvfs_cci_oppidx	0	static
mtk_ram_console.c:1212:6:aee_rr_rec_cpu_dvfs_status	0	static
mtk_ram_console.c:1219:4:aee_rr_curr_cpu_dvfs_status	0	static
mtk_ram_console.c:1224:6:aee_rr_rec_cpu_dvfs_step	0	static
mtk_ram_console.c:1231:4:aee_rr_curr_cpu_dvfs_step	0	static
mtk_ram_console.c:1236:6:aee_rr_rec_cpu_dvfs_pbm_step	0	static
mtk_ram_console.c:1243:4:aee_rr_curr_cpu_dvfs_pbm_step	0	static
mtk_ram_console.c:1248:6:aee_rr_rec_cpu_dvfs_cb	0	static
mtk_ram_console.c:1255:4:aee_rr_curr_cpu_dvfs_cb	0	static
mtk_ram_console.c:1260:6:aee_rr_rec_cpufreq_cb	0	static
mtk_ram_console.c:1267:4:aee_rr_curr_cpufreq_cb	0	static
mtk_ram_console.c:1272:6:aee_rr_rec_gpu_dvfs_vgpu	0	static
mtk_ram_console.c:1279:6:aee_rr_rec_gpu_dvfs_oppidx	0	static
mtk_ram_console.c:1286:6:aee_rr_rec_gpu_dvfs_status	0	static
mtk_ram_console.c:1293:4:aee_rr_curr_gpu_dvfs_status	0	static
mtk_ram_console.c:1298:6:aee_rr_rec_ptp_60	0	static
mtk_ram_console.c:1305:6:aee_rr_rec_ptp_64	0	static
mtk_ram_console.c:1312:6:aee_rr_rec_ptp_68	0	static
mtk_ram_console.c:1319:6:aee_rr_rec_ptp_6C	0	static
mtk_ram_console.c:1326:6:aee_rr_rec_ptp_78	0	static
mtk_ram_console.c:1333:6:aee_rr_rec_ptp_7C	0	static
mtk_ram_console.c:1340:6:aee_rr_rec_ptp_80	0	static
mtk_ram_console.c:1347:6:aee_rr_rec_ptp_84	0	static
mtk_ram_console.c:1354:6:aee_rr_rec_ptp_88	0	static
mtk_ram_console.c:1361:6:aee_rr_rec_ptp_8C	0	static
mtk_ram_console.c:1368:6:aee_rr_rec_ptp_9C	0	static
mtk_ram_console.c:1375:6:aee_rr_rec_ptp_A0	0	static
mtk_ram_console.c:1382:6:aee_rr_rec_ptp_vboot	0	static
mtk_ram_console.c:1389:6:aee_rr_rec_ptp_cpu_big_volt	0	static
mtk_ram_console.c:1396:6:aee_rr_rec_ptp_cpu_big_volt_1	0	static
mtk_ram_console.c:1403:6:aee_rr_rec_ptp_cpu_big_volt_2	0	static
mtk_ram_console.c:1410:6:aee_rr_rec_ptp_cpu_big_volt_3	0	static
mtk_ram_console.c:1417:6:aee_rr_rec_ptp_cpu_2_little_volt	0	static
mtk_ram_console.c:1424:6:aee_rr_rec_ptp_cpu_2_little_volt_1	0	static
mtk_ram_console.c:1431:6:aee_rr_rec_ptp_cpu_2_little_volt_2	0	static
mtk_ram_console.c:1438:6:aee_rr_rec_ptp_cpu_2_little_volt_3	0	static
mtk_ram_console.c:1445:6:aee_rr_rec_ptp_cpu_little_volt	0	static
mtk_ram_console.c:1452:6:aee_rr_rec_ptp_cpu_little_volt_1	0	static
mtk_ram_console.c:1459:6:aee_rr_rec_ptp_cpu_little_volt_2	0	static
mtk_ram_console.c:1466:6:aee_rr_rec_ptp_cpu_little_volt_3	0	static
mtk_ram_console.c:1473:6:aee_rr_rec_ptp_cpu_cci_volt	0	static
mtk_ram_console.c:1480:6:aee_rr_rec_ptp_cpu_cci_volt_1	0	static
mtk_ram_console.c:1487:6:aee_rr_rec_ptp_cpu_cci_volt_2	0	static
mtk_ram_console.c:1494:6:aee_rr_rec_ptp_cpu_cci_volt_3	0	static
mtk_ram_console.c:1501:6:aee_rr_rec_ptp_gpu_volt	0	static
mtk_ram_console.c:1508:6:aee_rr_rec_ptp_gpu_volt_1	0	static
mtk_ram_console.c:1515:6:aee_rr_rec_ptp_gpu_volt_2	0	static
mtk_ram_console.c:1522:6:aee_rr_rec_ptp_gpu_volt_3	0	static
mtk_ram_console.c:1529:6:aee_rr_rec_ptp_temp	0	static
mtk_ram_console.c:1536:6:aee_rr_rec_ptp_status	0	static
mtk_ram_console.c:1543:6:aee_rr_rec_eem_pi_offset	0	static
mtk_ram_console.c:1550:6:aee_rr_rec_thermal_temp1	0	static
mtk_ram_console.c:1557:6:aee_rr_rec_thermal_temp2	0	static
mtk_ram_console.c:1564:6:aee_rr_rec_thermal_temp3	0	static
mtk_ram_console.c:1571:6:aee_rr_rec_thermal_temp4	0	static
mtk_ram_console.c:1578:6:aee_rr_rec_thermal_temp5	0	static
mtk_ram_console.c:1585:6:aee_rr_rec_thermal_status	0	static
mtk_ram_console.c:1592:6:aee_rr_rec_thermal_ATM_status	0	static
mtk_ram_console.c:1599:6:aee_rr_rec_thermal_ktime	0	static
mtk_ram_console.c:1606:6:aee_rr_rec_isr_el1	0	static
mtk_ram_console.c:1613:6:aee_rr_rec_idvfs_ctrl_reg	0	static
mtk_ram_console.c:1620:6:aee_rr_rec_idvfs_enable_cnt	0	static
mtk_ram_console.c:1627:6:aee_rr_rec_idvfs_swreq_cnt	0	static
mtk_ram_console.c:1634:6:aee_rr_rec_idvfs_curr_volt	0	static
mtk_ram_console.c:1641:6:aee_rr_rec_idvfs_sram_ldo	0	static
mtk_ram_console.c:1648:6:aee_rr_rec_idvfs_swavg_curr_pct_x100	0	static
mtk_ram_console.c:1655:6:aee_rr_rec_idvfs_swreq_curr_pct_x100	0	static
mtk_ram_console.c:1662:6:aee_rr_rec_idvfs_swreq_next_pct_x100	0	static
mtk_ram_console.c:1669:6:aee_rr_rec_idvfs_state_manchine	0	static
mtk_ram_console.c:1676:6:aee_rr_rec_ocp_2_target_limit	0	static
mtk_ram_console.c:1683:6:aee_rr_rec_ocp_2_enable	0	static
mtk_ram_console.c:1690:5:aee_rr_curr_ptp_60	0	static
mtk_ram_console.c:1695:5:aee_rr_curr_ptp_64	0	static
mtk_ram_console.c:1700:5:aee_rr_curr_ptp_68	0	static
mtk_ram_console.c:1705:5:aee_rr_curr_ptp_6C	0	static
mtk_ram_console.c:1710:5:aee_rr_curr_ptp_78	0	static
mtk_ram_console.c:1715:5:aee_rr_curr_ptp_7C	0	static
mtk_ram_console.c:1720:5:aee_rr_curr_ptp_80	0	static
mtk_ram_console.c:1725:5:aee_rr_curr_ptp_84	0	static
mtk_ram_console.c:1730:5:aee_rr_curr_ptp_88	0	static
mtk_ram_console.c:1735:5:aee_rr_curr_ptp_8C	0	static
mtk_ram_console.c:1740:5:aee_rr_curr_ptp_9C	0	static
mtk_ram_console.c:1745:5:aee_rr_curr_ptp_A0	0	static
mtk_ram_console.c:1750:5:aee_rr_curr_ptp_vboot	0	static
mtk_ram_console.c:1755:5:aee_rr_curr_ptp_cpu_big_volt	0	static
mtk_ram_console.c:1760:5:aee_rr_curr_ptp_cpu_big_volt_1	0	static
mtk_ram_console.c:1765:5:aee_rr_curr_ptp_cpu_big_volt_2	0	static
mtk_ram_console.c:1770:5:aee_rr_curr_ptp_cpu_big_volt_3	0	static
mtk_ram_console.c:1775:5:aee_rr_curr_ptp_cpu_2_little_volt	0	static
mtk_ram_console.c:1780:5:aee_rr_curr_ptp_cpu_2_little_volt_1	0	static
mtk_ram_console.c:1785:5:aee_rr_curr_ptp_cpu_2_little_volt_2	0	static
mtk_ram_console.c:1790:5:aee_rr_curr_ptp_cpu_2_little_volt_3	0	static
mtk_ram_console.c:1795:5:aee_rr_curr_ptp_cpu_little_volt	0	static
mtk_ram_console.c:1800:5:aee_rr_curr_ptp_cpu_little_volt_1	0	static
mtk_ram_console.c:1805:5:aee_rr_curr_ptp_cpu_little_volt_2	0	static
mtk_ram_console.c:1810:5:aee_rr_curr_ptp_cpu_little_volt_3	0	static
mtk_ram_console.c:1815:5:aee_rr_curr_ptp_cpu_cci_volt	0	static
mtk_ram_console.c:1820:5:aee_rr_curr_ptp_cpu_cci_volt_1	0	static
mtk_ram_console.c:1825:5:aee_rr_curr_ptp_cpu_cci_volt_2	0	static
mtk_ram_console.c:1830:5:aee_rr_curr_ptp_cpu_cci_volt_3	0	static
mtk_ram_console.c:1835:5:aee_rr_curr_ptp_gpu_volt	0	static
mtk_ram_console.c:1840:5:aee_rr_curr_ptp_gpu_volt_1	0	static
mtk_ram_console.c:1845:5:aee_rr_curr_ptp_gpu_volt_2	0	static
mtk_ram_console.c:1850:5:aee_rr_curr_ptp_gpu_volt_3	0	static
mtk_ram_console.c:1855:5:aee_rr_curr_ptp_temp	0	static
mtk_ram_console.c:1860:4:aee_rr_curr_ptp_status	0	static
mtk_ram_console.c:1865:4:aee_rr_curr_eem_pi_offset	0	static
mtk_ram_console.c:1870:4:aee_rr_curr_thermal_temp1	0	static
mtk_ram_console.c:1875:4:aee_rr_curr_thermal_temp2	0	static
mtk_ram_console.c:1880:4:aee_rr_curr_thermal_temp3	0	static
mtk_ram_console.c:1885:4:aee_rr_curr_thermal_temp4	0	static
mtk_ram_console.c:1890:4:aee_rr_curr_thermal_temp5	0	static
mtk_ram_console.c:1895:4:aee_rr_curr_thermal_status	0	static
mtk_ram_console.c:1900:4:aee_rr_curr_thermal_ATM_status	0	static
mtk_ram_console.c:1905:5:aee_rr_curr_thermal_ktime	0	static
mtk_ram_console.c:1910:4:aee_rr_curr_isr_el1	0	static
mtk_ram_console.c:1915:5:aee_rr_curr_idvfs_ctrl_reg	0	static
mtk_ram_console.c:1920:5:aee_rr_curr_idvfs_enable_cnt	0	static
mtk_ram_console.c:1925:5:aee_rr_curr_idvfs_swreq_cnt	0	static
mtk_ram_console.c:1930:5:aee_rr_curr_idvfs_curr_volt	0	static
mtk_ram_console.c:1935:5:aee_rr_curr_idvfs_sram_ldo	0	static
mtk_ram_console.c:1940:5:aee_rr_curr_idvfs_swavg_curr_pct_x100	0	static
mtk_ram_console.c:1945:5:aee_rr_curr_idvfs_swreq_curr_pct_x100	0	static
mtk_ram_console.c:1950:5:aee_rr_curr_idvfs_swreq_next_pct_x100	0	static
mtk_ram_console.c:1955:4:aee_rr_curr_idvfs_state_manchine	0	static
mtk_ram_console.c:1960:5:aee_rr_curr_ocp_2_target_limit	0	static
mtk_ram_console.c:1965:4:aee_rr_curr_ocp_2_enable	0	static
mtk_ram_console.c:1970:6:aee_rr_rec_scp_pc	0	static
mtk_ram_console.c:1977:10:aee_rr_curr_scp_pc	0	static
mtk_ram_console.c:1982:6:aee_rr_rec_scp_lr	0	static
mtk_ram_console.c:1989:10:aee_rr_curr_scp_lr	0	static
mtk_ram_console.c:1994:17:scp_dump_pc	0	static
mtk_ram_console.c:1999:17:scp_dump_lr	0	static
mtk_ram_console.c:2004:6:aee_rr_rec_scp	32	static
mtk_ram_console.c:2013:6:aee_rr_rec_suspend_debug_flag	0	static
mtk_ram_console.c:2021:5:aee_rr_last_fiq_step	0	static
mtk_ram_console.c:2503:6:aee_rr_show_ptp_gpu_volt_1	48	static
mtk_ram_console.c:2512:6:aee_rr_show_ptp_gpu_volt_2	48	static
mtk_ram_console.c:2521:6:aee_rr_show_ptp_gpu_volt_3	48	static
mtk_ram_console.c:2683:17:get_vcore_dvfs_sram_debug_regs	0	static
mtk_ram_console.c:2688:6:aee_rr_show_vcore_dvfs_debug_regs	48	static
mtk_ram_console.c:2698:17:get_suspend_debug_flag	0	static
mtk_ram_console.c:2703:6:aee_rr_show_suspend_debug_flag	32	static
mtk_ram_console.c:2710:17:get_suspend_debug_regs	0	static
mtk_ram_console.c:2715:6:aee_rr_show_suspend_debug_regs	48	static
mtk_ram_console.c:2725:14:get_spm_firmware_version	0	static
mtk_ram_console.c:2730:6:aee_rr_show_spm_firmware_version	48	static
mtk_ram_console.c:2741:12:mt_reg_dump	0	static
mtk_ram_console.c:2746:6:aee_rr_show_last_pc	32	static
mtk_ram_console.c:2893:5:aee_rr_reboot_reason_show	64	static
