primary_display.c:2538:9:cmdqDdpClockOn	0	static
primary_display.c:2543:9:cmdqDdpClockOff	0	static
primary_display.c:2044:35:allocat_decouple_buffer	144	static
primary_display.c:1349:13:_cmdq_flush_config_handle_mira	32	static
primary_display.c:2642:12:_Interface_fence_release_callback	32	static
primary_display.c:2289:12:_convert_disp_input_to_ovl	272	static
primary_display.c:1688:12:modify_path_power_off_callback	16	static
primary_display.c:199:38:_get_context.part.3	32	static
primary_display.c:1016:29:_DISP_CmdModeTimer_handler	48	static
primary_display.c:2201:12:_release_dc_buffer	32	static
primary_display.c:2236:12:release_freeze_buffer	32	static
primary_display.c:2154:12:_allocate_dc_buffer	64	static
primary_display.c:1327:13:_cmdq_flush_config_handle	48	static
primary_display.c:335:25:primary_set_state	64	static
primary_display.c:2628:12:_wdma_fence_release_callback	48	static
primary_display.c:212:13:_primary_path_lock	48	static
primary_display.c:2721:12:_requestCondition	32	static
primary_display.c:791:25:_get_dst_module_by_lcm	16	static
primary_display.c:1382:13:update_frm_seq_info.part.8	64	static
primary_display.c:2744:12:_request_dvfs_perf	32	static
primary_display.c:219:13:_primary_path_unlock.isra.10	32	static
primary_display.c:1030:5:_init_vsync_fake_monitor.part.15	32	static
primary_display.c:2967:12:primary_display_frame_update_kthread	96	static
primary_display.c:654:12:fps_ctx_get_fps.constprop	64	static
primary_display.c:2854:13:decouple_mirror_irq_callback	48	static
primary_display.c:1302:13:_cmdq_handle_clear_dirty	32	static
primary_display.c:1310:13:_cmdq_set_config_handle_dirty_mira	32	static
primary_display.c:1291:13:_cmdq_set_config_handle_dirty	32	static
primary_display.c:2459:21:_need_lfr_check	32	static
primary_display.c:1321:13:_cmdq_reset_config_handle	32	static
primary_display.c:244:5:primary_display_is_directlink_mode	32	static
primary_display.c:254:11:primary_get_sess_mode	32	static
primary_display.c:259:14:primary_get_sess_id	32	static
primary_display.c:264:18:primary_get_lcm	32	static
primary_display.c:268:7:primary_get_dpmgr_handle	32	static
primary_display.c:273:7:primary_get_ovl2mem_handle	32	static
primary_display.c:277:5:primary_display_is_decouple_mode	32	static
primary_display.c:2941:13:primary_display_frame_update_irq_callback	32	static
primary_display.c:287:5:_is_mirror_mode	0	static
primary_display.c:294:5:primary_display_is_mirror_mode	32	static
primary_display.c:299:5:primary_is_sec	32	static
primary_display.c:304:6:_primary_path_switch_dst_lock	32	static
primary_display.c:309:6:_primary_path_switch_dst_unlock	32	static
primary_display.c:331:18:primary_get_state	32	static
primary_display.c:352:6:primary_display_wait_state	112	static
primary_display.c:359:6:primary_display_wait_not_state	112	static
primary_display.c:367:5:dynamic_debug_msg_print	96	static
primary_display.c:849:5:_should_update_lcm	32	static
primary_display.c:914:5:_should_set_cmdq_dirty	32	static
primary_display.c:933:5:_should_flush_cmdq_config_handle	32	static
primary_display.c:952:5:_should_reset_cmdq_config_handle	32	static
primary_display.c:969:5:_should_insert_wait_frame_done_token	32	static
primary_display.c:988:5:_should_trigger_interface	32	static
primary_display.c:997:5:_should_config_ovl_input	32	static
primary_display.c:1030:5:_init_vsync_fake_monitor	32	static
primary_display.c:1213:6:disp_spm_enter_cg_mode	16	static
primary_display.c:1218:6:disp_spm_enter_power_down_mode	16	static
primary_display.c:1261:6:_cmdq_start_trigger_loop	32	static
primary_display.c:1283:6:_cmdq_stop_trigger_loop	32	static
primary_display.c:1361:6:_cmdq_insert_wait_primary_path_frame_done	32	static
primary_display.c:1369:6:_cmdq_insert_wait_frame_done_token_mira	48	static
primary_display.c:1514:6:disp_enable_emi_force_on	0	static
primary_display.c:2248:5:pd_release_dc_buffer	16	static
primary_display.c:2256:5:pd_allocate_dc_buffer	16	static
primary_display.c:2416:5:_trigger_ovl_to_memory	96	static
primary_display.c:4033:12:trigger_decouple_mirror	32	static
primary_display.c:4134:12:decouple_trigger_worker_thread	112	static
primary_display.c:2450:5:_trigger_overlay_engine	32	static
primary_display.c:2568:10:cmdqDdpResetEng	0	static
primary_display.c:3041:5:primary_display_set_frame_buffer_address	48	static
primary_display.c:3051:15:primary_display_get_frame_buffer_mva_address	32	static
primary_display.c:3056:15:primary_display_get_frame_buffer_va_address	32	static
primary_display.c:3412:5:primary_display_deinit	32	static
primary_display.c:3423:5:primary_display_wait_for_idle	48	static
primary_display.c:3436:5:primary_display_wait_for_dump	0	static
primary_display.c:3441:5:primary_display_release_fence_fake	64	static
primary_display.c:3473:5:primary_display_wait_for_vsync	80	static
primary_display.c:3546:14:primary_display_get_ticket	16	static
primary_display.c:3551:5:primary_suspend_release_fence	48	static
primary_display.c:3687:5:primary_display_get_lcm_index	32	static
primary_display.c:3960:5:primary_display_ipoh_restore	48	static
primary_display.c:3981:5:primary_display_start	48	static
primary_display.c:4001:5:primary_display_stop	48	static
primary_display.c:4025:6:primary_display_update_present_fence	16	static
primary_display.c:5030:5:primary_display_is_alive	48	static
primary_display.c:5045:5:primary_display_is_sleepd	48	static
primary_display.c:5060:5:primary_display_get_width	32	static
primary_display.c:5074:5:primary_display_get_height	32	static
primary_display.c:2655:12:_decouple_update_rdma_config_nolock	144	static
primary_display.c:2876:12:decouple_mirror_update_rdma_config_thread	96	static
primary_display.c:3068:15:get_dim_layer_mva_addr	48	static
primary_display.c:3061:5:is_dim_layer	32	static
primary_display.c:5088:5:primary_display_get_virtual_width	32	static
primary_display.c:5102:5:primary_display_get_virtual_height	32	static
primary_display.c:5115:5:primary_display_get_original_width	32	static
primary_display.c:5129:5:primary_display_get_original_height	32	static
primary_display.c:5143:5:primary_display_get_bpp	0	static
primary_display.c:5148:6:primary_display_set_max_layer	48	static
primary_display.c:5153:5:primary_display_get_max_layer	32	static
primary_display.c:5233:10:DISP_GetActiveHeightUm	32	static
primary_display.c:5247:10:DISP_GetActiveWidthUm	32	static
primary_display.c:5261:5:primary_display_get_pages	0	static
primary_display.c:5266:5:primary_display_is_video_mode	32	static
primary_display.c:2600:5:primary_display_change_lcm_resolution	80	static
primary_display.c:6718:12:primary_display_recovery_thread	144	static
primary_display.c:2989:12:_present_fence_release_worker_thread	160	static
primary_display.c:1108:13:_cmdq_build_trigger_loop	48	static
primary_display.c:4722:5:primary_display_user_cmd	96	static
primary_display.c:1877:12:DC_switch_to_DL_fast	96	static
primary_display.c:1929:12:rdma_mode_switch_to_DL	96	static
primary_display.c:1525:12:_DL_switch_to_DC_fast	256	static
primary_display.c:4805:5:do_primary_display_switch_mode	160	static
primary_display.c:4911:5:primary_display_switch_mode	80	static
primary_display.c:747:5:primary_display_get_debug_state	112	static
primary_display.c:830:5:_should_wait_path_idle	32	static
primary_display.c:870:5:_should_start_path	32	static
primary_display.c:890:5:_should_trigger_path	32	static
primary_display.c:5272:5:primary_display_diagnose	48	static
primary_display.c:2548:9:cmdqDdpDumpInfo	32	static
primary_display.c:3111:5:primary_display_init	176	static
primary_display.c:2368:5:_trigger_display_interface	96	static
primary_display.c:5287:13:primary_display_cmdq_enabled	16	static
primary_display.c:5292:5:primary_display_manual_lock	32	static
primary_display.c:5298:5:primary_display_manual_unlock	32	static
primary_display.c:5304:6:primary_display_reset	32	static
primary_display.c:5309:14:primary_display_get_fps_nolock	32	static
primary_display.c:5313:14:primary_display_get_fps	48	static
primary_display.c:5324:5:primary_display_force_set_fps	48	static
primary_display.c:5341:5:primary_display_force_set_vsync_fps	64	static
primary_display.c:5363:5:primary_display_vsync_switch	32	static
primary_display.c:5384:5:_set_backlight_by_cmdq	64	static
primary_display.c:5425:5:_set_backlight_by_cpu	48	static
primary_display.c:5485:5:primary_display_setbacklight	48	static
primary_display.c:5543:5:_set_lcm_cmd_by_cmdq	80	static
primary_display.c:5582:5:primary_display_setlcm_cmd	64	static
primary_display.c:5622:5:primary_display_mipi_clk_change	80	static
primary_display.c:5674:10:DISP_GetScreenWidth	16	static
primary_display.c:5679:10:DISP_GetScreenHeight	16	static
primary_display.c:5684:10:DISP_GetActiveHeight	32	static
primary_display.c:5698:10:DISP_GetActiveWidth	32	static
primary_display.c:5158:5:primary_display_get_info	48	static
primary_display.c:5712:13:DISP_GetLcmPara	32	static
primary_display.c:5725:13:DISP_GetLcmDrv	32	static
primary_display.c:5871:5:primary_display_capture_framebuffer_ovl	144	static
primary_display.c:5982:10:DISP_GetScreenBpp	0	static
primary_display.c:5987:10:DISP_GetPages	0	static
primary_display.c:5992:10:DISP_GetFBRamSize	32	static
primary_display.c:5998:10:DISP_GetVRamSize	0	static
primary_display.c:6029:10:DISP_GetVRamSizeBoot	32	static
primary_display.c:6039:5:disp_hal_allocate_framebuffer	64	static
primary_display.c:6079:14:primary_display_get_option	32	static
primary_display.c:2757:12:_ovl_fence_release_callback	96	static
primary_display.c:2833:12:_ovl_wdma_fence_release_callback	64	static
primary_display.c:3701:5:primary_display_resume	112	static
primary_display.c:4590:12:primary_frame_cfg_input	208	static
primary_display.c:4649:5:primary_display_config_input_multiple	32	static
primary_display.c:5942:5:primary_display_capture_framebuffer	128	static
primary_display.c:6091:5:primary_display_lcm_ATA	48	static
primary_display.c:6143:5:fbconfig_get_esd_check_test	80	static
primary_display.c:6279:5:primary_display_switch_dst_mode	80	static
primary_display.c:314:12:_disp_primary_path_switch_dst_mode_thread	48	static
primary_display.c:4055:12:primary_display_trigger_nolock.isra.40	80	static
primary_display.c:4122:5:primary_display_trigger	48	static
primary_display.c:2474:12:_primary_check_trigger	48	static
primary_display.c:2520:12:_disp_primary_path_check_trigger_delay_33ms	32	static
primary_display.c:2508:12:_disp_primary_path_check_trigger	32	static
primary_display.c:6188:5:Panel_Master_dsi_config_entry	80	static
primary_display.c:4676:5:primary_display_frame_cfg	80	static
primary_display.c:6379:5:primary_display_te_test	80	static
primary_display.c:6422:5:primary_display_roi_test	48	static
primary_display.c:6449:5:primary_display_resolution_test	128	static
primary_display.c:6548:5:primary_display_check_test	48	static
primary_display.c:6621:6:stop_smart_ovl_nolock	32	static
primary_display.c:6631:6:restart_smart_ovl_nolock	32	static
primary_display.c:6640:5:display_enter_tui	64	static
primary_display.c:6685:5:display_exit_tui	48	static
primary_display.c:6710:5:primary_display_signal_recovery	16	static
primary_display.c:6790:5:display_freeze_mode	80	static
primary_display.c:3563:5:primary_display_suspend	80	static
