disp_lcm.c:30:5:_is_lcm_inited.part.0	16	static
disp_lcm.c:25:5:_lcm_count	0	static
disp_lcm.c:30:5:_is_lcm_inited	16	static
disp_lcm.c:43:13:_get_lcm_params_by_handle	32	static
disp_lcm.c:51:13:_get_lcm_driver_by_handle	32	static
disp_lcm.c:59:6:_dump_lcm_info	64	static
disp_lcm.c:159:18:disp_lcm_probe	96	static
disp_lcm.c:274:5:disp_lcm_init	48	static
disp_lcm.c:319:13:disp_lcm_get_params	16	static
disp_lcm.c:328:18:disp_lcm_get_interface_id	48	static
disp_lcm.c:362:5:disp_lcm_esd_check	48	static
disp_lcm.c:385:5:disp_lcm_esd_recover	48	static
disp_lcm.c:406:5:disp_lcm_suspend	48	static
disp_lcm.c:429:5:disp_lcm_resume	48	static
disp_lcm.c:452:5:disp_lcm_set_backlight	48	static
disp_lcm.c:472:5:disp_lcm_ioctl	0	static
disp_lcm.c:477:5:disp_lcm_is_inited	32	static
disp_lcm.c:485:14:disp_lcm_ATA	48	static
disp_lcm.c:507:7:disp_lcm_switch_mode	48	static
disp_lcm.c:531:5:disp_lcm_is_video_mode	32	static
disp_lcm.c:338:5:disp_lcm_update	80	static
disp_lcm.c:570:5:disp_lcm_set_lcm_cmd	64	static
