mtkfb.c:378:5:mtkfb_get_backlight_pwm	0	static
mtkfb.c:1002:12:mtkfb_soft_cursor	0	static
mtkfb.c:2563:12:mtkfb_suspend	32	static
mtkfb.c:312:5:mtkfb_set_backlight_level	48	static
mtkfb.c:2573:6:mtkfb_is_suspend	16	static
mtkfb.c:781:12:mtkfb_check_var	80	static
mtkfb.c:646:12:mtkfb_pan_display_impl	64	static
mtkfb.c:1837:12:mtkfb_pan_display_proxy	16	static
mtkfb.c:2579:5:mtkfb_ipoh_restore	16	static
mtkfb.c:2706:5:mtkfb_pm_freeze	16	static
mtkfb.c:2821:12:mtkfb_init	32	static
mtkfb.c:2604:13:mtkfb_shutdown	32	static
mtkfb.c:2015:13:mtkfb_free_resources	64	static
mtkfb.c:2547:12:mtkfb_remove	16	static
mtkfb.c:2847:20:mtkfb_cleanup	16	static
mtkfb.c:188:12:mtkfb_release	32	static
mtkfb.c:178:12:mtkfb_open	32	static
mtkfb.c:402:12:_convert_fb_layer_to_disp_input.part.9	128	static
mtkfb.c:912:12:mtkfb_set_par	208	static
mtkfb.c:1893:12:mtkfb_fbinfo_init	224	static
mtkfb.c:322:5:mtkfb_set_backlight_mode	64	static
mtkfb.c:351:5:mtkfb_set_backlight_pwm	64	static
mtkfb.c:385:6:mtkfb_waitVsync	32	static
mtkfb.c:202:12:mtkfb_setcolreg	32	static
mtkfb.c:2187:12:fb_early_init_dt_get_chosen	48	static
mtkfb.c:2712:5:mtkfb_pm_restore_noirq	48	static
mtkfb.c:284:12:mtkfb_blank	32	static
mtkfb.c:2695:5:mtkfb_pm_resume	16	static
mtkfb.c:2684:5:mtkfb_pm_suspend	16	static
mtkfb.c:2652:12:mtkfb_resume	16	static
mtkfb.c:166:6:mtkfb_log_enable	32	static
mtkfb.c:1013:6:mtkfb_dump_layer_info	0	static
mtkfb.c:1019:14:mtkfb_fm_auto_test	208	static
mtkfb.c:1972:6:DISP_memset_io	0	static
mtkfb.c:1083:12:mtkfb_ioctl	272	static
mtkfb.c:1581:12:mtkfb_compat_ioctl	432	static
mtkfb.c:2050:6:disp_get_fb_address	0	static
mtkfb.c:2197:5:__parse_tag_videolfb_extra	96	static
mtkfb.c:2257:5:__parse_tag_videolfb	48	static
mtkfb.c:2282:12:_parse_tag_videolfb	64	static
mtkfb.c:2112:7:mtkfb_find_lcm_driver	48	static
mtkfb.c:2316:13:mtkfb_get_fb_base	16	static
mtkfb.c:2323:8:mtkfb_get_fb_size	16	static
mtkfb.c:2421:12:mtkfb_probe	80	static
mtkfb.c:2332:5:pan_display_test	96	static
mtkfb.c:2596:5:mtkfb_ipo_init	16	static
mtkfb.c:2621:6:mtkfb_clear_lcm	0	static
mtkfb.c:2783:5:mtkfb_get_debug_state	112	static
